main.c:78:5:main	24	static
main.c:171:6:SystemClock_Config	88	static
main.c:221:13:MX_NVIC_Init	8	static
main.c:242:13:MX_CAN1_Init	8	static
main.c:279:13:MX_USART2_UART_Init	8	static
main.c:312:13:MX_GPIO_Init	16	static
main.c:321:5:CAN_Send	48	static
main.c:340:6:HAL_CAN_TxMailbox0CompleteCallback	24	static
main.c:344:6:HAL_CAN_TxMailbox1CompleteCallback	24	static
main.c:348:6:HAL_CAN_TxMailbox2CompleteCallback	24	static
main.c:352:6:HAL_CAN_ErrorCallback	24	static
main.c:363:6:Error_Handler	4	static
