Archive member included to satisfy reference by file (symbol)

/usr/lib/gcc/arm-none-eabi/6.3.1/../../../arm-none-eabi/lib/thumb/v7e-m/fpv5/hard/libc.a(lib_a-atexit.o)
                              /usr/lib/gcc/arm-none-eabi/6.3.1/../../../arm-none-eabi/lib/thumb/v7e-m/fpv5/hard/crt0.o (atexit)
/usr/lib/gcc/arm-none-eabi/6.3.1/../../../arm-none-eabi/lib/thumb/v7e-m/fpv5/hard/libc.a(lib_a-exit.o)
                              /usr/lib/gcc/arm-none-eabi/6.3.1/../../../arm-none-eabi/lib/thumb/v7e-m/fpv5/hard/crt0.o (exit)
/usr/lib/gcc/arm-none-eabi/6.3.1/../../../arm-none-eabi/lib/thumb/v7e-m/fpv5/hard/libc.a(lib_a-fini.o)
                              /usr/lib/gcc/arm-none-eabi/6.3.1/../../../arm-none-eabi/lib/thumb/v7e-m/fpv5/hard/crt0.o (__libc_fini_array)
/usr/lib/gcc/arm-none-eabi/6.3.1/../../../arm-none-eabi/lib/thumb/v7e-m/fpv5/hard/libc.a(lib_a-impure.o)
                              /usr/lib/gcc/arm-none-eabi/6.3.1/../../../arm-none-eabi/lib/thumb/v7e-m/fpv5/hard/libc.a(lib_a-exit.o) (_global_impure_ptr)
/usr/lib/gcc/arm-none-eabi/6.3.1/../../../arm-none-eabi/lib/thumb/v7e-m/fpv5/hard/libc.a(lib_a-init.o)
                              /usr/lib/gcc/arm-none-eabi/6.3.1/../../../arm-none-eabi/lib/thumb/v7e-m/fpv5/hard/crt0.o (__libc_init_array)
/usr/lib/gcc/arm-none-eabi/6.3.1/../../../arm-none-eabi/lib/thumb/v7e-m/fpv5/hard/libc.a(lib_a-memcpy.o)
                              build/state.o (memcpy)
/usr/lib/gcc/arm-none-eabi/6.3.1/../../../arm-none-eabi/lib/thumb/v7e-m/fpv5/hard/libc.a(lib_a-memset.o)
                              /usr/lib/gcc/arm-none-eabi/6.3.1/../../../arm-none-eabi/lib/thumb/v7e-m/fpv5/hard/crt0.o (memset)
/usr/lib/gcc/arm-none-eabi/6.3.1/../../../arm-none-eabi/lib/thumb/v7e-m/fpv5/hard/libc.a(lib_a-sprintf.o)
                              build/main.o (sprintf)
/usr/lib/gcc/arm-none-eabi/6.3.1/../../../arm-none-eabi/lib/thumb/v7e-m/fpv5/hard/libc.a(lib_a-strcmp.o)
                              build/state.o (strcmp)
/usr/lib/gcc/arm-none-eabi/6.3.1/../../../arm-none-eabi/lib/thumb/v7e-m/fpv5/hard/libc.a(lib_a-strlen.o)
                              build/main.o (strlen)
/usr/lib/gcc/arm-none-eabi/6.3.1/../../../arm-none-eabi/lib/thumb/v7e-m/fpv5/hard/libc.a(lib_a-strstr.o)
                              build/sd.o (strstr)
/usr/lib/gcc/arm-none-eabi/6.3.1/../../../arm-none-eabi/lib/thumb/v7e-m/fpv5/hard/libc.a(lib_a-svfprintf.o)
                              /usr/lib/gcc/arm-none-eabi/6.3.1/../../../arm-none-eabi/lib/thumb/v7e-m/fpv5/hard/libc.a(lib_a-sprintf.o) (_svfprintf_r)
/usr/lib/gcc/arm-none-eabi/6.3.1/../../../arm-none-eabi/lib/thumb/v7e-m/fpv5/hard/libc.a(lib_a-__atexit.o)
                              /usr/lib/gcc/arm-none-eabi/6.3.1/../../../arm-none-eabi/lib/thumb/v7e-m/fpv5/hard/libc.a(lib_a-atexit.o) (__register_exitproc)
/usr/lib/gcc/arm-none-eabi/6.3.1/../../../arm-none-eabi/lib/thumb/v7e-m/fpv5/hard/libc.a(lib_a-__call_atexit.o)
                              /usr/lib/gcc/arm-none-eabi/6.3.1/../../../arm-none-eabi/lib/thumb/v7e-m/fpv5/hard/libc.a(lib_a-exit.o) (__call_exitprocs)
/usr/lib/gcc/arm-none-eabi/6.3.1/../../../arm-none-eabi/lib/thumb/v7e-m/fpv5/hard/libc.a(lib_a-dtoa.o)
                              /usr/lib/gcc/arm-none-eabi/6.3.1/../../../arm-none-eabi/lib/thumb/v7e-m/fpv5/hard/libc.a(lib_a-svfprintf.o) (_dtoa_r)
/usr/lib/gcc/arm-none-eabi/6.3.1/../../../arm-none-eabi/lib/thumb/v7e-m/fpv5/hard/libc.a(lib_a-locale.o)
                              /usr/lib/gcc/arm-none-eabi/6.3.1/../../../arm-none-eabi/lib/thumb/v7e-m/fpv5/hard/libc.a(lib_a-svfprintf.o) (_localeconv_r)
/usr/lib/gcc/arm-none-eabi/6.3.1/../../../arm-none-eabi/lib/thumb/v7e-m/fpv5/hard/libc.a(lib_a-mallocr.o)
                              /usr/lib/gcc/arm-none-eabi/6.3.1/../../../arm-none-eabi/lib/thumb/v7e-m/fpv5/hard/libc.a(lib_a-svfprintf.o) (_malloc_r)
/usr/lib/gcc/arm-none-eabi/6.3.1/../../../arm-none-eabi/lib/thumb/v7e-m/fpv5/hard/libc.a(lib_a-memchr.o)
                              /usr/lib/gcc/arm-none-eabi/6.3.1/../../../arm-none-eabi/lib/thumb/v7e-m/fpv5/hard/libc.a(lib_a-strstr.o) (memchr)
/usr/lib/gcc/arm-none-eabi/6.3.1/../../../arm-none-eabi/lib/thumb/v7e-m/fpv5/hard/libc.a(lib_a-memcmp.o)
                              /usr/lib/gcc/arm-none-eabi/6.3.1/../../../arm-none-eabi/lib/thumb/v7e-m/fpv5/hard/libc.a(lib_a-strstr.o) (memcmp)
/usr/lib/gcc/arm-none-eabi/6.3.1/../../../arm-none-eabi/lib/thumb/v7e-m/fpv5/hard/libc.a(lib_a-mlock.o)
                              /usr/lib/gcc/arm-none-eabi/6.3.1/../../../arm-none-eabi/lib/thumb/v7e-m/fpv5/hard/libc.a(lib_a-mallocr.o) (__malloc_lock)
/usr/lib/gcc/arm-none-eabi/6.3.1/../../../arm-none-eabi/lib/thumb/v7e-m/fpv5/hard/libc.a(lib_a-mprec.o)
                              /usr/lib/gcc/arm-none-eabi/6.3.1/../../../arm-none-eabi/lib/thumb/v7e-m/fpv5/hard/libc.a(lib_a-dtoa.o) (_Balloc)
/usr/lib/gcc/arm-none-eabi/6.3.1/../../../arm-none-eabi/lib/thumb/v7e-m/fpv5/hard/libc.a(lib_a-sbrkr.o)
[...]
Memory Configuration

Name             Origin             Length             Attributes
RAM              0x0000000020000000 0x0000000000080000 xrw
FLASH            0x0000000008000000 0x0000000000200000 xr
*default*        0x0000000000000000 0xffffffffffffffff

Linker script and memory map

LOAD /usr/lib/gcc/arm-none-eabi/6.3.1/thumb/v7e-m/fpv5/hard/crti.o
LOAD /usr/lib/gcc/arm-none-eabi/6.3.1/thumb/v7e-m/fpv5/hard/crtbegin.o
LOAD /usr/lib/gcc/arm-none-eabi/6.3.1/../../../arm-none-eabi/lib/thumb/v7e-m/fpv5/hard/crt0.o
LOAD build/stm32f7xx_hal.o
LOAD build/stm32f7xx_hal_can.o
LOAD build/stm32f7xx_hal_cortex.o
LOAD build/stm32f7xx_hal_dma.o
LOAD build/stm32f7xx_hal_dma_ex.o
LOAD build/stm32f7xx_hal_exti.o
LOAD build/stm32f7xx_hal_flash.o
LOAD build/stm32f7xx_hal_flash_ex.o
LOAD build/stm32f7xx_hal_gpio.o
LOAD build/stm32f7xx_hal_i2c.o
LOAD build/stm32f7xx_hal_i2c_ex.o
LOAD build/stm32f7xx_hal_pwr.o
LOAD build/stm32f7xx_hal_pwr_ex.o
LOAD build/stm32f7xx_hal_rcc.o
LOAD build/stm32f7xx_hal_rcc_ex.o
LOAD build/stm32f7xx_hal_sd.o
LOAD build/stm32f7xx_hal_tim.o
LOAD build/stm32f7xx_hal_tim_ex.o
LOAD build/stm32f7xx_hal_uart.o
LOAD build/stm32f7xx_hal_uart_ex.o
LOAD build/stm32f7xx_ll_sdmmc.o
LOAD build/diskio.o
LOAD build/ff.o
LOAD build/ff_gen_drv.o
LOAD build/syscall.o
LOAD build/bsp_driver_sd.o
LOAD build/can.o
LOAD build/fatfs.o
LOAD build/fatfs_platform.o
LOAD build/global_variables.o
LOAD build/main.o
LOAD build/pedals.o
LOAD build/sd.o
LOAD build/sd_diskio.o
LOAD build/state.o
LOAD build/stm32f7xx_hal_msp.o
LOAD build/stm32f7xx_it.o
LOAD build/system_stm32f7xx.o
LOAD build/startup_stm32f767xx.o
LOAD /usr/lib/gcc/arm-none-eabi/6.3.1/../../../arm-none-eabi/lib/thumb/v7e-m/fpv5/hard/libc.a
LOAD /usr/lib/gcc/arm-none-eabi/6.3.1/../../../arm-none-eabi/lib/thumb/v7e-m/fpv5/hard/libm.a
LOAD /usr/lib/gcc/arm-none-eabi/6.3.1/../../../arm-none-eabi/lib/thumb/v7e-m/fpv5/hard/libnosys.a
START GROUP
LOAD /usr/lib/gcc/arm-none-eabi/6.3.1/thumb/v7e-m/fpv5/hard/libgcc.a
LOAD /usr/lib/gcc/arm-none-eabi/6.3.1/../../../arm-none-eabi/lib/thumb/v7e-m/fpv5/hard/libc.a
END GROUP
START GROUP
LOAD /usr/lib/gcc/arm-none-eabi/6.3.1/thumb/v7e-m/fpv5/hard/libgcc.a
LOAD /usr/lib/gcc/arm-none-eabi/6.3.1/../../../arm-none-eabi/lib/thumb/v7e-m/fpv5/hard/libc.a
LOAD /usr/lib/gcc/arm-none-eabi/6.3.1/../../../arm-none-eabi/lib/thumb/v7e-m/fpv5/hard/libnosys.a
END GROUP
LOAD /usr/lib/gcc/arm-none-eabi/6.3.1/thumb/v7e-m/fpv5/hard/crtend.o
LOAD /usr/lib/gcc/arm-none-eabi/6.3.1/thumb/v7e-m/fpv5/hard/crtn.o
                0x0000000020080000                _estack = 0x20080000
                0x0000000000000200                _Min_Heap_Size = 0x200
                0x0000000000000400                _Min_Stack_Size = 0x400

.isr_vector     0x0000000008000000      0x1f8
                0x0000000008000000                . = ALIGN (0x4)
 *(.isr_vector)
 .isr_vector    0x0000000008000000      0x1f8 build/startup_stm32f767xx.o
                0x0000000008000000                g_pfnVectors
                0x00000000080001f8                . = ALIGN (0x4)

.text           0x0000000008000200     0xbd14
                0x0000000008000200                . = ALIGN (0x4)
 *(.text)
 .text          0x0000000008000200       0xa4 /usr/lib/gcc/arm-none-eabi/6.3.1/thumb/v7e-m/fpv5/hard/crtbegin.o
 .text          0x00000000080002a4        0xc /usr/lib/gcc/arm-none-eabi/6.3.1/../../../arm-none-eabi/lib/thumb/v7e-m/fpv5/hard/libc.a(lib_a-atexit.o)
                0x00000000080002a4                atexit
 .text          0x00000000080002b0       0x34 /usr/lib/gcc/arm-none-eabi/6.3.1/../../../arm-none-eabi/lib/thumb/v7e-m/fpv5/hard/libc.a(lib_a-fini.o)
                0x00000000080002b0                __libc_fini_array
 .text          0x00000000080002e4       0x50 /usr/lib/gcc/arm-none-eabi/6.3.1/../../../arm-none-eabi/lib/thumb/v7e-m/fpv5/hard/libc.a(lib_a-init.o)
                0x00000000080002e4                __libc_init_array
 .text          0x0000000008000334      0x134 /usr/lib/gcc/arm-none-eabi/6.3.1/../../../arm-none-eabi/lib/thumb/v7e-m/fpv5/hard/libc.a(lib_a-memcpy.o)
                0x0000000008000334                memcpy
 .text          0x0000000008000468       0x9c /usr/lib/gcc/arm-none-eabi/6.3.1/../../../arm-none-eabi/lib/thumb/v7e-m/fpv5/hard/libc.a(lib_a-memset.o)
                0x0000000008000468                memset
 .text          0x0000000008000504       0x90 /usr/lib/gcc/arm-none-eabi/6.3.1/../../../arm-none-eabi/lib/thumb/v7e-m/fpv5/hard/libc.a(lib_a-sprintf.o)
                0x0000000008000504                _sprintf_r
                0x0000000008000548                sprintf
 *fill*         0x0000000008000594        0xc 
 .text          0x00000000080005a0      0x2dc /usr/lib/gcc/arm-none-eabi/6.3.1/../../../arm-none-eabi/lib/thumb/v7e-m/fpv5/hard/libc.a(lib_a-strcmp.o)
                0x00000000080005a8                strcmp
 *fill*         0x000000000800087c        0x4 
 .text          0x0000000008000880       0xdc /usr/lib/gcc/arm-none-eabi/6.3.1/../../../arm-none-eabi/lib/thumb/v7e-m/fpv5/hard/libc.a(lib_a-strlen.o)
                0x0000000008000880                strlen
 .text          0x000000000800095c      0x4c8 /usr/lib/gcc/arm-none-eabi/6.3.1/../../../arm-none-eabi/lib/thumb/v7e-m/fpv5/hard/libc.a(lib_a-strstr.o)
                0x0000000008000c0c                strstr
 *fill*         0x0000000008000e24        0x4 
 .text          0x0000000008000e28     0x13c4 /usr/lib/gcc/arm-none-eabi/6.3.1/../../../arm-none-eabi/lib/thumb/v7e-m/fpv5/hard/libc.a(lib_a-svfprintf.o)
                0x0000000008000e28                _svfprintf_r
 .text          0x00000000080021ec       0xa4 /usr/lib/gcc/arm-none-eabi/6.3.1/../../../arm-none-eabi/lib/thumb/v7e-m/fpv5/hard/libc.a(lib_a-__atexit.o)
                0x00000000080021ec                __register_exitproc
 .text          0x0000000008002290      0xd74 /usr/lib/gcc/arm-none-eabi/6.3.1/../../../arm-none-eabi/lib/thumb/v7e-m/fpv5/hard/libc.a(lib_a-dtoa.o)
                0x00000000080023b8                _dtoa_r
 .text          0x0000000008003004       0x80 /usr/lib/gcc/arm-none-eabi/6.3.1/../../../arm-none-eabi/lib/thumb/v7e-m/fpv5/hard/libc.a(lib_a-locale.o)
                0x0000000008003004                _setlocale_r
                0x0000000008003044                __locale_charset
                0x000000000800304c                __locale_mb_cur_max
                0x0000000008003058                __locale_msgcharset
                0x0000000008003060                __locale_cjk_lang
                0x0000000008003064                _localeconv_r
                0x000000000800306c                setlocale
                0x000000000800307c                localeconv
 .text          0x0000000008003084      0x554 /usr/lib/gcc/arm-none-eabi/6.3.1/../../../arm-none-eabi/lib/thumb/v7e-m/fpv5/hard/libc.a(lib_a-mallocr.o)
                0x0000000008003084                _malloc_r
 *fill*         0x00000000080035d8        0x8 
 .text          0x00000000080035e0       0xa0 /usr/lib/gcc/arm-none-eabi/6.3.1/../../../arm-none-eabi/lib/thumb/v7e-m/fpv5/hard/libc.a(lib_a-memchr.o)
                0x00000000080035e0                memchr
 .text          0x0000000008003680       0x60 /usr/lib/gcc/arm-none-eabi/6.3.1/../../../arm-none-eabi/lib/thumb/v7e-m/fpv5/hard/libc.a(lib_a-memcmp.o)
                0x0000000008003680                memcmp
 .text          0x00000000080036e0        0x8 /usr/lib/gcc/arm-none-eabi/6.3.1/../../../arm-none-eabi/lib/thumb/v7e-m/fpv5/hard/libc.a(lib_a-mlock.o)
                0x00000000080036e0                __malloc_lock
                0x00000000080036e4                __malloc_unlock
 .text          0x00000000080036e8      0x8dc /usr/lib/gcc/arm-none-eabi/6.3.1/../../../arm-none-eabi/lib/thumb/v7e-m/fpv5/hard/libc.a(lib_a-mprec.o)
                0x00000000080036e8                _Balloc
                0x0000000008003734                _Bfree
                0x0000000008003748                __multadd
                0x00000000080037c8                __s2b
                0x0000000008003864                __hi0bits
                0x00000000080038a4                __lo0bits
                0x0000000008003904                __i2b
                0x0000000008003918                __multiply
                0x0000000008003a3c                __pow5mult
                0x0000000008003adc                __lshift
                0x0000000008003b80                __mcmp
                0x0000000008003bb8                __mdiff
                0x0000000008003cc0                __ulp
                0x0000000008003d14                __b2d
                0x0000000008003dd8                __d2b
                0x0000000008003e94                __ratio
                0x0000000008003ef4                _mprec_log10
                0x0000000008003f1c                __copybits
                0x0000000008003f64                __any_on
 .text          0x0000000008003fc4       0x24 /usr/lib/gcc/arm-none-eabi/6.3.1/../../../arm-none-eabi/lib/thumb/v7e-m/fpv5/hard/libc.a(lib_a-sbrkr.o)
                0x0000000008003fc4                _sbrk_r
 .text          0x0000000008003fe8       0xe8 /usr/lib/gcc/arm-none-eabi/6.3.1/../../../arm-none-eabi/lib/thumb/v7e-m/fpv5/hard/libc.a(lib_a-strchr.o)
                0x0000000008003fe8                strchr
 .text          0x00000000080040d0      0xb50 /usr/lib/gcc/arm-none-eabi/6.3.1/../../../arm-none-eabi/lib/thumb/v7e-m/fpv5/hard/libc.a(lib_a-svfiprintf.o)
                0x00000000080040d0                __ssprint_r
                0x00000000080041cc                _svfiprintf_r
 .text          0x0000000008004c20       0x60 /usr/lib/gcc/arm-none-eabi/6.3.1/../../../arm-none-eabi/lib/thumb/v7e-m/fpv5/hard/libc.a(lib_a-callocr.o)
                0x0000000008004c20                _calloc_r
 .text          0x0000000008004c80      0x26c /usr/lib/gcc/arm-none-eabi/6.3.1/../../../arm-none-eabi/lib/thumb/v7e-m/fpv5/hard/libc.a(lib_a-freer.o)
                0x0000000008004c80                _malloc_trim_r
                0x0000000008004d20                _free_r
 .text          0x0000000008004eec       0xc8 /usr/lib/gcc/arm-none-eabi/6.3.1/../../../arm-none-eabi/lib/thumb/v7e-m/fpv5/hard/libc.a(lib_a-memmove.o)
                0x0000000008004eec                memmove
 .text          0x0000000008004fb4      0x34c /usr/lib/gcc/arm-none-eabi/6.3.1/../../../arm-none-eabi/lib/thumb/v7e-m/fpv5/hard/libc.a(lib_a-reallocr.o)
                0x0000000008004fb4                _realloc_r
 .text          0x0000000008005300       0x1c /usr/lib/gcc/arm-none-eabi/6.3.1/../../../arm-none-eabi/lib/thumb/v7e-m/fpv5/hard/libnosys.a(sbrk.o)
                0x0000000008005300                _sbrk
 .text          0x000000000800531c       0x30 /usr/lib/gcc/arm-none-eabi/6.3.1/thumb/v7e-m/fpv5/hard/libgcc.a(_aeabi_uldivmod.o)
                0x000000000800531c                __aeabi_uldivmod
 .text          0x000000000800534c      0x2dc /usr/lib/gcc/arm-none-eabi/6.3.1/thumb/v7e-m/fpv5/hard/libgcc.a(_udivmoddi4.o)
                0x000000000800534c                __udivmoddi4
 .text          0x0000000008005628        0x4 /usr/lib/gcc/arm-none-eabi/6.3.1/thumb/v7e-m/fpv5/hard/libgcc.a(_dvmd_tls.o)
                0x0000000008005628                __aeabi_ldiv0
                0x0000000008005628                __aeabi_idiv0
 *(.text*)
 .text.HAL_InitTick
                0x000000000800562c       0x4c build/stm32f7xx_hal.o
                0x000000000800562c                HAL_InitTick
 .text.HAL_Init
                0x0000000008005678       0x16 build/stm32f7xx_hal.o
                0x0000000008005678                HAL_Init
 *fill*         0x000000000800568e        0x2 
 .text.HAL_IncTick
                0x0000000008005690       0x18 build/stm32f7xx_hal.o
                0x0000000008005690                HAL_IncTick
 .text.HAL_GetTick
                0x00000000080056a8        0xc build/stm32f7xx_hal.o
                0x00000000080056a8                HAL_GetTick
 .text.HAL_Delay
                0x00000000080056b4       0x28 build/stm32f7xx_hal.o
                0x00000000080056b4                HAL_Delay
 .text.HAL_CAN_Init
                0x00000000080056dc      0x14c build/stm32f7xx_hal_can.o
                0x00000000080056dc                HAL_CAN_Init
 .text.HAL_CAN_ConfigFilter
                0x0000000008005828      0x134 build/stm32f7xx_hal_can.o
                0x0000000008005828                HAL_CAN_ConfigFilter
 .text.HAL_CAN_Start
                0x000000000800595c       0x5c build/stm32f7xx_hal_can.o
                0x000000000800595c                HAL_CAN_Start
 .text.HAL_CAN_AddTxMessage
                0x00000000080059b8       0xec build/stm32f7xx_hal_can.o
                0x00000000080059b8                HAL_CAN_AddTxMessage
 .text.HAL_CAN_GetTxMailboxesFreeLevel
                0x0000000008005aa4       0x32 build/stm32f7xx_hal_can.o
                0x0000000008005aa4                HAL_CAN_GetTxMailboxesFreeLevel
 .text.HAL_CAN_GetRxMessage
                0x0000000008005ad6      0x140 build/stm32f7xx_hal_can.o
                0x0000000008005ad6                HAL_CAN_GetRxMessage
 .text.HAL_CAN_GetRxFifoFillLevel
                0x0000000008005c16       0x26 build/stm32f7xx_hal_can.o
                0x0000000008005c16                HAL_CAN_GetRxFifoFillLevel
 .text.HAL_CAN_ActivateNotification
                0x0000000008005c3c       0x24 build/stm32f7xx_hal_can.o
                0x0000000008005c3c                HAL_CAN_ActivateNotification
 .text.HAL_CAN_TxMailbox0AbortCallback
                0x0000000008005c60        0x2 build/stm32f7xx_hal_can.o
                0x0000000008005c60                HAL_CAN_TxMailbox0AbortCallback
 .text.HAL_CAN_TxMailbox1AbortCallback
                0x0000000008005c62        0x2 build/stm32f7xx_hal_can.o
                0x0000000008005c62                HAL_CAN_TxMailbox1AbortCallback
 .text.HAL_CAN_TxMailbox2AbortCallback
                0x0000000008005c64        0x2 build/stm32f7xx_hal_can.o
                0x0000000008005c64                HAL_CAN_TxMailbox2AbortCallback
 .text.HAL_CAN_SleepCallback
                0x0000000008005c66        0x2 build/stm32f7xx_hal_can.o
                0x0000000008005c66                HAL_CAN_SleepCallback
 .text.HAL_CAN_WakeUpFromRxMsgCallback
                0x0000000008005c68        0x2 build/stm32f7xx_hal_can.o
                0x0000000008005c68                HAL_CAN_WakeUpFromRxMsgCallback
 .text.HAL_CAN_IRQHandler
                0x0000000008005c6a      0x24a build/stm32f7xx_hal_can.o
                0x0000000008005c6a                HAL_CAN_IRQHandler
 .text.HAL_NVIC_SetPriorityGrouping
                0x0000000008005eb4       0x24 build/stm32f7xx_hal_cortex.o
                0x0000000008005eb4                HAL_NVIC_SetPriorityGrouping
 .text.HAL_NVIC_SetPriority
                0x0000000008005ed8       0x64 build/stm32f7xx_hal_cortex.o
                0x0000000008005ed8                HAL_NVIC_SetPriority
 .text.HAL_NVIC_EnableIRQ
                0x0000000008005f3c       0x1c build/stm32f7xx_hal_cortex.o
                0x0000000008005f3c                HAL_NVIC_EnableIRQ
 .text.HAL_SYSTICK_Config
                0x0000000008005f58       0x2c build/stm32f7xx_hal_cortex.o
                0x0000000008005f58                HAL_SYSTICK_Config
 .text.HAL_DMA_Abort_IT
                0x0000000008005f84       0x26 build/stm32f7xx_hal_dma.o
                0x0000000008005f84                HAL_DMA_Abort_IT
 *fill*         0x0000000008005faa        0x2 
 .text.HAL_GPIO_Init
                0x0000000008005fac      0x1e0 build/stm32f7xx_hal_gpio.o
                0x0000000008005fac                HAL_GPIO_Init
 .text.HAL_GPIO_ReadPin
                0x000000000800618c        0xe build/stm32f7xx_hal_gpio.o
                0x000000000800618c                HAL_GPIO_ReadPin
 .text.HAL_GPIO_WritePin
                0x000000000800619a        0xc build/stm32f7xx_hal_gpio.o
                0x000000000800619a                HAL_GPIO_WritePin
 .text.HAL_GPIO_TogglePin
                0x00000000080061a6       0x12 build/stm32f7xx_hal_gpio.o
                0x00000000080061a6                HAL_GPIO_TogglePin
 .text.HAL_PWREx_EnableOverDrive
                0x00000000080061b8       0x7c build/stm32f7xx_hal_pwr_ex.o
                0x00000000080061b8                HAL_PWREx_EnableOverDrive
 .text.HAL_RCC_OscConfig
                0x0000000008006234      0x3d4 build/stm32f7xx_hal_rcc.o
                0x0000000008006234                HAL_RCC_OscConfig
 .text.HAL_RCC_GetSysClockFreq
                0x0000000008006608       0xa0 build/stm32f7xx_hal_rcc.o
                0x0000000008006608                HAL_RCC_GetSysClockFreq
 .text.HAL_RCC_ClockConfig
                0x00000000080066a8      0x164 build/stm32f7xx_hal_rcc.o
                0x00000000080066a8                HAL_RCC_ClockConfig
 .text.HAL_RCC_GetHCLKFreq
                0x000000000800680c        0xc build/stm32f7xx_hal_rcc.o
                0x000000000800680c                HAL_RCC_GetHCLKFreq
 .text.HAL_RCC_GetPCLK1Freq
                0x0000000008006818       0x20 build/stm32f7xx_hal_rcc.o
                0x0000000008006818                HAL_RCC_GetPCLK1Freq
 .text.HAL_RCC_GetPCLK2Freq
                0x0000000008006838       0x20 build/stm32f7xx_hal_rcc.o
                0x0000000008006838                HAL_RCC_GetPCLK2Freq
 .text.HAL_RCCEx_PeriphCLKConfig
                0x0000000008006858      0x604 build/stm32f7xx_hal_rcc_ex.o
                0x0000000008006858                HAL_RCCEx_PeriphCLKConfig
 .text.SD_PowerON
                0x0000000008006e5c       0xd4 build/stm32f7xx_hal_sd.o
 .text.SD_Read_IT
                0x0000000008006f30       0x24 build/stm32f7xx_hal_sd.o
 .text.SD_Write_IT
                0x0000000008006f54       0x24 build/stm32f7xx_hal_sd.o
 .text.SD_SendStatus
                0x0000000008006f78       0x2c build/stm32f7xx_hal_sd.o
 .text.HAL_SD_ReadBlocks
                0x0000000008006fa4      0x21a build/stm32f7xx_hal_sd.o
                0x0000000008006fa4                HAL_SD_ReadBlocks
 .text.HAL_SD_WriteBlocks
                0x00000000080071be      0x1ea build/stm32f7xx_hal_sd.o
                0x00000000080071be                HAL_SD_WriteBlocks
 .text.HAL_SD_ErrorCallback
                0x00000000080073a8        0x2 build/stm32f7xx_hal_sd.o
                0x00000000080073a8                HAL_SD_ErrorCallback
 .text.HAL_SD_GetCardCSD
                0x00000000080073aa      0x1e2 build/stm32f7xx_hal_sd.o
                0x00000000080073aa                HAL_SD_GetCardCSD
 .text.SD_InitCard
                0x000000000800758c       0xf6 build/stm32f7xx_hal_sd.o
 .text.HAL_SD_InitCard
                0x0000000008007682       0x80 build/stm32f7xx_hal_sd.o
                0x0000000008007682                HAL_SD_InitCard
 .text.HAL_SD_Init
                0x0000000008007702       0x32 build/stm32f7xx_hal_sd.o
                0x0000000008007702                HAL_SD_Init
 .text.HAL_SD_GetCardInfo
                0x0000000008007734       0x24 build/stm32f7xx_hal_sd.o
                0x0000000008007734                HAL_SD_GetCardInfo
 .text.HAL_SD_GetCardState
                0x0000000008007758       0x22 build/stm32f7xx_hal_sd.o
                0x0000000008007758                HAL_SD_GetCardState
 .text.SD_DMATxAbort
                0x000000000800777a       0x4a build/stm32f7xx_hal_sd.o
 .text.SD_DMARxAbort
                0x00000000080077c4       0x4a build/stm32f7xx_hal_sd.o
 *fill*         0x000000000800780e        0x2 
 .text.HAL_SD_IRQHandler
                0x0000000008007810      0x1c0 build/stm32f7xx_hal_sd.o
                0x0000000008007810                HAL_SD_IRQHandler
 .text.TIM_TI1_ConfigInputStage
                0x00000000080079d0       0x24 build/stm32f7xx_hal_tim.o
 .text.TIM_TI2_ConfigInputStage
                0x00000000080079f4       0x26 build/stm32f7xx_hal_tim.o
 .text.TIM_ITRx_SetConfig
                0x0000000008007a1a       0x10 build/stm32f7xx_hal_tim.o
 *fill*         0x0000000008007a2a        0x2 
 .text.HAL_TIM_Base_Start_IT
                0x0000000008007a2c       0x2c build/stm32f7xx_hal_tim.o
                0x0000000008007a2c                HAL_TIM_Base_Start_IT
 .text.HAL_TIM_OC_DelayElapsedCallback
                0x0000000008007a58        0x2 build/stm32f7xx_hal_tim.o
                0x0000000008007a58                HAL_TIM_OC_DelayElapsedCallback
 .text.HAL_TIM_IC_CaptureCallback
                0x0000000008007a5a        0x2 build/stm32f7xx_hal_tim.o
                0x0000000008007a5a                HAL_TIM_IC_CaptureCallback
 .text.HAL_TIM_PWM_PulseFinishedCallback
                0x0000000008007a5c        0x2 build/stm32f7xx_hal_tim.o
                0x0000000008007a5c                HAL_TIM_PWM_PulseFinishedCallback
 .text.HAL_TIM_TriggerCallback
                0x0000000008007a5e        0x2 build/stm32f7xx_hal_tim.o
                0x0000000008007a5e                HAL_TIM_TriggerCallback
 .text.HAL_TIM_IRQHandler
                0x0000000008007a60      0x19a build/stm32f7xx_hal_tim.o
                0x0000000008007a60                HAL_TIM_IRQHandler
 *fill*         0x0000000008007bfa        0x2 
 .text.TIM_Base_SetConfig
                0x0000000008007bfc      0x10c build/stm32f7xx_hal_tim.o
                0x0000000008007bfc                TIM_Base_SetConfig
 .text.HAL_TIM_Base_Init
                0x0000000008007d08       0x34 build/stm32f7xx_hal_tim.o
                0x0000000008007d08                HAL_TIM_Base_Init
 .text.TIM_ETR_SetConfig
                0x0000000008007d3c       0x18 build/stm32f7xx_hal_tim.o
                0x0000000008007d3c                TIM_ETR_SetConfig
 .text.HAL_TIM_ConfigClockSource
                0x0000000008007d54       0xdc build/stm32f7xx_hal_tim.o
                0x0000000008007d54                HAL_TIM_ConfigClockSource
 .text.HAL_TIMEx_MasterConfigSynchronization
                0x0000000008007e30       0x64 build/stm32f7xx_hal_tim_ex.o
                0x0000000008007e30                HAL_TIMEx_MasterConfigSynchronization
 .text.HAL_TIMEx_CommutCallback
                0x0000000008007e94        0x2 build/stm32f7xx_hal_tim_ex.o
                0x0000000008007e94                HAL_TIMEx_CommutCallback
 .text.HAL_TIMEx_BreakCallback
                0x0000000008007e96        0x2 build/stm32f7xx_hal_tim_ex.o
                0x0000000008007e96                HAL_TIMEx_BreakCallback
 .text.HAL_TIMEx_Break2Callback
                0x0000000008007e98        0x2 build/stm32f7xx_hal_tim_ex.o
                0x0000000008007e98                HAL_TIMEx_Break2Callback
 .text.UART_EndRxTransfer
                0x0000000008007e9a       0x1e build/stm32f7xx_hal_uart.o
 .text.HAL_UART_Receive_IT
                0x0000000008007eb8       0xd8 build/stm32f7xx_hal_uart.o
                0x0000000008007eb8                HAL_UART_Receive_IT
 .text.HAL_UART_TxCpltCallback
                0x0000000008007f90        0x2 build/stm32f7xx_hal_uart.o
                0x0000000008007f90                HAL_UART_TxCpltCallback
 .text.UART_EndTransmit_IT
                0x0000000008007f92       0x1a build/stm32f7xx_hal_uart.o
 .text.UART_RxISR_8BIT
                0x0000000008007fac       0x62 build/stm32f7xx_hal_uart.o
 .text.UART_RxISR_16BIT
                0x000000000800800e       0x60 build/stm32f7xx_hal_uart.o
 .text.HAL_UART_ErrorCallback
                0x000000000800806e        0x2 build/stm32f7xx_hal_uart.o
                0x000000000800806e                HAL_UART_ErrorCallback
 .text.HAL_UART_IRQHandler
                0x0000000008008070      0x140 build/stm32f7xx_hal_uart.o
                0x0000000008008070                HAL_UART_IRQHandler
 .text.UART_DMAAbortOnError
                0x00000000080081b0       0x14 build/stm32f7xx_hal_uart.o
 .text.UART_SetConfig
                0x00000000080081c4      0x3a0 build/stm32f7xx_hal_uart.o
                0x00000000080081c4                UART_SetConfig
 .text.UART_AdvFeatureConfig
                0x0000000008008564       0xca build/stm32f7xx_hal_uart.o
                0x0000000008008564                UART_AdvFeatureConfig
 .text.UART_WaitOnFlagUntilTimeout
                0x000000000800862e       0x64 build/stm32f7xx_hal_uart.o
                0x000000000800862e                UART_WaitOnFlagUntilTimeout
 .text.HAL_UART_Transmit
                0x0000000008008692       0xd8 build/stm32f7xx_hal_uart.o
                0x0000000008008692                HAL_UART_Transmit
 .text.UART_CheckIdleState
                0x000000000800876a       0x44 build/stm32f7xx_hal_uart.o
                0x000000000800876a                UART_CheckIdleState
 .text.HAL_UART_Init
                0x00000000080087ae       0x62 build/stm32f7xx_hal_uart.o
                0x00000000080087ae                HAL_UART_Init
 .text.SDMMC_GetCmdError
                0x0000000008008810       0x3c build/stm32f7xx_ll_sdmmc.o
 .text.SDMMC_GetCmdResp2
                0x000000000800884c       0x58 build/stm32f7xx_ll_sdmmc.o
 .text.SDMMC_GetCmdResp3
                0x00000000080088a4       0x48 build/stm32f7xx_ll_sdmmc.o
 .text.SDMMC_GetCmdResp7
                0x00000000080088ec       0x54 build/stm32f7xx_ll_sdmmc.o
 .text.SDMMC_Init
                0x0000000008008940       0x38 build/stm32f7xx_ll_sdmmc.o
                0x0000000008008940                SDMMC_Init
 .text.SDMMC_ReadFIFO
                0x0000000008008978        0x6 build/stm32f7xx_ll_sdmmc.o
                0x0000000008008978                SDMMC_ReadFIFO
 .text.SDMMC_WriteFIFO
                0x000000000800897e        0xa build/stm32f7xx_ll_sdmmc.o
                0x000000000800897e                SDMMC_WriteFIFO
 .text.SDMMC_PowerState_ON
                0x0000000008008988        0x8 build/stm32f7xx_ll_sdmmc.o
                0x0000000008008988                SDMMC_PowerState_ON
 .text.SDMMC_GetPowerState
                0x0000000008008990        0x8 build/stm32f7xx_ll_sdmmc.o
                0x0000000008008990                SDMMC_GetPowerState
 .text.SDMMC_SendCommand
                0x0000000008008998       0x24 build/stm32f7xx_ll_sdmmc.o
                0x0000000008008998                SDMMC_SendCommand
 .text.SDMMC_GetCommandResponse
                0x00000000080089bc        0x6 build/stm32f7xx_ll_sdmmc.o
                0x00000000080089bc                SDMMC_GetCommandResponse
 .text.SDMMC_GetResponse
                0x00000000080089c2       0x14 build/stm32f7xx_ll_sdmmc.o
                0x00000000080089c2                SDMMC_GetResponse
 *fill*         0x00000000080089d6        0x2 
 .text.SDMMC_GetCmdResp1
                0x00000000080089d8      0x150 build/stm32f7xx_ll_sdmmc.o
 .text.SDMMC_GetCmdResp6
                0x0000000008008b28       0x9c build/stm32f7xx_ll_sdmmc.o
 .text.SDMMC_ConfigData
                0x0000000008008bc4       0x24 build/stm32f7xx_ll_sdmmc.o
                0x0000000008008bc4                SDMMC_ConfigData
 .text.SDMMC_CmdBlockLength
                0x0000000008008be8       0x30 build/stm32f7xx_ll_sdmmc.o
                0x0000000008008be8                SDMMC_CmdBlockLength
 .text.SDMMC_CmdReadSingleBlock
                0x0000000008008c18       0x30 build/stm32f7xx_ll_sdmmc.o
                0x0000000008008c18                SDMMC_CmdReadSingleBlock
 .text.SDMMC_CmdReadMultiBlock
                0x0000000008008c48       0x30 build/stm32f7xx_ll_sdmmc.o
                0x0000000008008c48                SDMMC_CmdReadMultiBlock
 .text.SDMMC_CmdWriteSingleBlock
                0x0000000008008c78       0x30 build/stm32f7xx_ll_sdmmc.o
                0x0000000008008c78                SDMMC_CmdWriteSingleBlock
 .text.SDMMC_CmdWriteMultiBlock
                0x0000000008008ca8       0x30 build/stm32f7xx_ll_sdmmc.o
                0x0000000008008ca8                SDMMC_CmdWriteMultiBlock
 .text.SDMMC_CmdStopTransfer
                0x0000000008008cd8       0x34 build/stm32f7xx_ll_sdmmc.o
                0x0000000008008cd8                SDMMC_CmdStopTransfer
 .text.SDMMC_CmdSelDesel
                0x0000000008008d0c       0x30 build/stm32f7xx_ll_sdmmc.o
                0x0000000008008d0c                SDMMC_CmdSelDesel
 .text.SDMMC_CmdGoIdleState
                0x0000000008008d3c       0x26 build/stm32f7xx_ll_sdmmc.o
                0x0000000008008d3c                SDMMC_CmdGoIdleState
 .text.SDMMC_CmdOperCond
                0x0000000008008d62       0x2e build/stm32f7xx_ll_sdmmc.o
                0x0000000008008d62                SDMMC_CmdOperCond
 .text.SDMMC_CmdAppCommand
                0x0000000008008d90       0x30 build/stm32f7xx_ll_sdmmc.o
                0x0000000008008d90                SDMMC_CmdAppCommand
 .text.SDMMC_CmdAppOperCommand
                0x0000000008008dc0       0x34 build/stm32f7xx_ll_sdmmc.o
                0x0000000008008dc0                SDMMC_CmdAppOperCommand
 .text.SDMMC_CmdSendCID
                0x0000000008008df4       0x2a build/stm32f7xx_ll_sdmmc.o
                0x0000000008008df4                SDMMC_CmdSendCID
 .text.SDMMC_CmdSendCSD
                0x0000000008008e1e       0x2a build/stm32f7xx_ll_sdmmc.o
                0x0000000008008e1e                SDMMC_CmdSendCSD
 .text.SDMMC_CmdSetRelAdd
                0x0000000008008e48       0x30 build/stm32f7xx_ll_sdmmc.o
                0x0000000008008e48                SDMMC_CmdSetRelAdd
 .text.SDMMC_CmdSendStatus
                0x0000000008008e78       0x30 build/stm32f7xx_ll_sdmmc.o
                0x0000000008008e78                SDMMC_CmdSendStatus
 .text.disk_status
                0x0000000008008ea8       0x18 build/diskio.o
                0x0000000008008ea8                disk_status
 .text.disk_initialize
                0x0000000008008ec0       0x28 build/diskio.o
                0x0000000008008ec0                disk_initialize
 .text.disk_read
                0x0000000008008ee8       0x18 build/diskio.o
                0x0000000008008ee8                disk_read
 .text.disk_write
                0x0000000008008f00       0x18 build/diskio.o
                0x0000000008008f00                disk_write
 .text.disk_ioctl
                0x0000000008008f18       0x18 build/diskio.o
                0x0000000008008f18                disk_ioctl
 .text.ld_word  0x0000000008008f30        0xa build/ff.o
 .text.ld_dword
                0x0000000008008f3a       0x16 build/ff.o
 .text.st_word  0x0000000008008f50        0x8 build/ff.o
 .text.st_dword
                0x0000000008008f58       0x14 build/ff.o
 .text.mem_cpy  0x0000000008008f6c       0x18 build/ff.o
 .text.mem_set  0x0000000008008f84        0xa build/ff.o
 .text.mem_cmp  0x0000000008008f8e       0x1c build/ff.o
 .text.chk_chr  0x0000000008008faa       0x10 build/ff.o
 *fill*         0x0000000008008fba        0x2 
 .text.chk_lock
                0x0000000008008fbc       0x78 build/ff.o
 .text.enq_lock
                0x0000000008009034       0x20 build/ff.o
 .text.inc_lock
                0x0000000008009054       0xa4 build/ff.o
 .text.dec_lock
                0x00000000080090f8       0x40 build/ff.o
 .text.clear_lock
                0x0000000008009138       0x3c build/ff.o
 .text.clust2sect
                0x0000000008009174       0x18 build/ff.o
 .text.clmt_clust
                0x000000000800918c       0x22 build/ff.o
 .text.ld_clust
                0x00000000080091ae       0x26 build/ff.o
 .text.st_clust
                0x00000000080091d4       0x26 build/ff.o
 *fill*         0x00000000080091fa        0x2 
 .text.create_name
                0x00000000080091fc       0xd4 build/ff.o
 .text.get_ldnumber
                0x00000000080092d0       0x48 build/ff.o
 .text.validate
                0x0000000008009318       0x46 build/ff.o
 .text.sync_window
                0x000000000800935e       0x52 build/ff.o
 .text.move_window
                0x00000000080093b0       0x36 build/ff.o
 *fill*         0x00000000080093e6        0x2 
 .text.check_fs
                0x00000000080093e8       0x78 build/ff.o
 .text.find_volume
                0x0000000008009460      0x300 build/ff.o
 .text.put_fat  0x0000000008009760      0x10e build/ff.o
 .text.get_fat  0x000000000800986e       0xd0 build/ff.o
 .text.dir_sdi  0x000000000800993e       0xac build/ff.o
 .text.create_chain
                0x00000000080099ea       0xd6 build/ff.o
 .text.remove_chain
                0x0000000008009ac0       0x7e build/ff.o
 .text.dir_next
                0x0000000008009b3e      0x108 build/ff.o
 .text.dir_find
                0x0000000008009c46       0x5a build/ff.o
 .text.follow_path
                0x0000000008009ca0       0x8e build/ff.o
 .text.dir_alloc
                0x0000000008009d2e       0x4e build/ff.o
 .text.dir_register
                0x0000000008009d7c       0x3e build/ff.o
 *fill*         0x0000000008009dba        0x2 
 .text.sync_fs  0x0000000008009dbc       0x8c build/ff.o
 .text.f_mount  0x0000000008009e48       0x60 build/ff.o
                0x0000000008009e48                f_mount
 .text.f_open   0x0000000008009ea8      0x230 build/ff.o
                0x0000000008009ea8                f_open
 .text.f_read   0x000000000800a0d8      0x1c4 build/ff.o
                0x000000000800a0d8                f_read
 .text.f_write  0x000000000800a29c      0x200 build/ff.o
                0x000000000800a29c                f_write
 .text.f_sync   0x000000000800a49c       0x98 build/ff.o
                0x000000000800a49c                f_sync
 .text.f_close  0x000000000800a534       0x2a build/ff.o
                0x000000000800a534                f_close
 *fill*         0x000000000800a55e        0x2 
 .text.FATFS_LinkDriverEx
                0x000000000800a560       0x48 build/ff_gen_drv.o
                0x000000000800a560                FATFS_LinkDriverEx
 .text.FATFS_LinkDriver
                0x000000000800a5a8        0xa build/ff_gen_drv.o
                0x000000000800a5a8                FATFS_LinkDriver
 *fill*         0x000000000800a5b2        0x2 
 .text.BSP_SD_ReadBlocks
                0x000000000800a5b4       0x20 build/bsp_driver_sd.o
                0x000000000800a5b4                BSP_SD_ReadBlocks
 .text.BSP_SD_WriteBlocks
                0x000000000800a5d4       0x20 build/bsp_driver_sd.o
                0x000000000800a5d4                BSP_SD_WriteBlocks
 .text.BSP_SD_GetCardState
                0x000000000800a5f4       0x14 build/bsp_driver_sd.o
                0x000000000800a5f4                BSP_SD_GetCardState
 .text.BSP_SD_GetCardInfo
                0x000000000800a608       0x10 build/bsp_driver_sd.o
                0x000000000800a608                BSP_SD_GetCardInfo
 .text.BSP_SD_AbortCallback
                0x000000000800a618        0x2 build/bsp_driver_sd.o
                0x000000000800a618                BSP_SD_AbortCallback
 .text.HAL_SD_AbortCallback
                0x000000000800a61a        0x8 build/bsp_driver_sd.o
                0x000000000800a61a                HAL_SD_AbortCallback
 .text.BSP_SD_WriteCpltCallback
                0x000000000800a622        0x2 build/bsp_driver_sd.o
                0x000000000800a622                BSP_SD_WriteCpltCallback
 .text.HAL_SD_TxCpltCallback
                0x000000000800a624        0x8 build/bsp_driver_sd.o
                0x000000000800a624                HAL_SD_TxCpltCallback
 .text.BSP_SD_ReadCpltCallback
                0x000000000800a62c        0x2 build/bsp_driver_sd.o
                0x000000000800a62c                BSP_SD_ReadCpltCallback
 .text.HAL_SD_RxCpltCallback
                0x000000000800a62e        0x8 build/bsp_driver_sd.o
                0x000000000800a62e                HAL_SD_RxCpltCallback
 .text.BSP_SD_IsDetected
                0x000000000800a636       0x20 build/bsp_driver_sd.o
                0x000000000800a636                BSP_SD_IsDetected
 *fill*         0x000000000800a656        0x2 
 .text.BSP_SD_Init
                0x000000000800a658       0x1c build/bsp_driver_sd.o
                0x000000000800a658                BSP_SD_Init
 .text.CAN_Send_IT
                0x000000000800a674       0x4a build/can.o
                0x000000000800a674                CAN_Send_IT
 .text.CAN_Send_Bck
                0x000000000800a6be       0x32 build/can.o
                0x000000000800a6be                CAN_Send_Bck
 .text.CAN_initialization
                0x000000000800a6f0       0x76 build/can.o
                0x000000000800a6f0                CAN_initialization
 *fill*         0x000000000800a766        0x2 
 .text.can_init
                0x000000000800a768       0x10 build/can.o
                0x000000000800a768                can_init
 .text.fifoRxDataCAN_pop
                0x000000000800a778       0x58 build/can.o
                0x000000000800a778                fifoRxDataCAN_pop
 .text.fifoRxDataCAN_push
                0x000000000800a7d0       0x58 build/can.o
                0x000000000800a7d0                fifoRxDataCAN_push
 .text.fifoTxDataCAN_normal_pop
                0x000000000800a828       0x5c build/can.o
                0x000000000800a828                fifoTxDataCAN_normal_pop
 .text.fifoTxDataCAN_high_pop
                0x000000000800a884       0x60 build/can.o
                0x000000000800a884                fifoTxDataCAN_high_pop
 .text.fifoTxDataCAN_normal_push
                0x000000000800a8e4       0x5c build/can.o
                0x000000000800a8e4                fifoTxDataCAN_normal_push
 .text.fifoTxDataCAN_high_push
                0x000000000800a940       0x60 build/can.o
                0x000000000800a940                fifoTxDataCAN_high_push
 .text.CAN_Send
                0x000000000800a9a0       0x74 build/can.o
                0x000000000800a9a0                CAN_Send
 .text.MX_FATFS_Init
                0x000000000800aa14       0x1c build/fatfs.o
                0x000000000800aa14                MX_FATFS_Init
 .text.get_fattime
                0x000000000800aa30        0x4 build/fatfs.o
                0x000000000800aa30                get_fattime
 .text.BSP_PlatformIsDetected
                0x000000000800aa34       0x18 build/fatfs_platform.o
                0x000000000800aa34                BSP_PlatformIsDetected
 .text.MX_SDMMC1_SD_Init
                0x000000000800aa4c       0x20 build/main.o
 .text.MX_GPIO_Init
                0x000000000800aa6c       0xa0 build/main.o
 .text.MX_NVIC_Init
                0x000000000800ab0c       0x74 build/main.o
 .text.HAL_TIM_PeriodElapsedCallback
                0x000000000800ab80      0x130 build/main.o
                0x000000000800ab80                HAL_TIM_PeriodElapsedCallback
 .text.HAL_CAN_RxFifo0MsgPendingCallback
                0x000000000800acb0       0x50 build/main.o
                0x000000000800acb0                HAL_CAN_RxFifo0MsgPendingCallback
 .text.HAL_CAN_RxFifo1MsgPendingCallback
                0x000000000800ad00       0x24 build/main.o
                0x000000000800ad00                HAL_CAN_RxFifo1MsgPendingCallback
 .text.HAL_CAN_RxFifo0FullCallback
                0x000000000800ad24       0x24 build/main.o
                0x000000000800ad24                HAL_CAN_RxFifo0FullCallback
 .text.HAL_CAN_RxFifo1FullCallback
                0x000000000800ad48       0x24 build/main.o
                0x000000000800ad48                HAL_CAN_RxFifo1FullCallback
 .text.HAL_CAN_TxMailbox0CompleteCallback
                0x000000000800ad6c       0x84 build/main.o
                0x000000000800ad6c                HAL_CAN_TxMailbox0CompleteCallback
 .text.HAL_CAN_TxMailbox1CompleteCallback
                0x000000000800adf0       0x88 build/main.o
                0x000000000800adf0                HAL_CAN_TxMailbox1CompleteCallback
 .text.HAL_CAN_TxMailbox2CompleteCallback
                0x000000000800ae78       0x88 build/main.o
                0x000000000800ae78                HAL_CAN_TxMailbox2CompleteCallback
 .text.HAL_CAN_ErrorCallback
                0x000000000800af00       0x48 build/main.o
                0x000000000800af00                HAL_CAN_ErrorCallback
 .text.HAL_UART_RxCpltCallback
                0x000000000800af48       0x70 build/main.o
                0x000000000800af48                HAL_UART_RxCpltCallback
 .text.Error_Handler
                0x000000000800afb8       0x2c build/main.o
                0x000000000800afb8                Error_Handler
 .text.MX_USART3_UART_Init
                0x000000000800afe4       0x3c build/main.o
 .text.MX_CAN1_Init
                0x000000000800b020       0x44 build/main.o
 .text.MX_TIM2_Init
                0x000000000800b064       0x70 build/main.o
 .text.SystemClock_Config
                0x000000000800b0d4       0xd8 build/main.o
                0x000000000800b0d4                SystemClock_Config
 .text.main     0x000000000800b1ac       0xec build/main.o
                0x000000000800b1ac                main
 .text.accel_implausibility_check
                0x000000000800b298       0x80 build/pedals.o
                0x000000000800b298                accel_implausibility_check
 .text.init_sd  0x000000000800b318      0x2ec build/sd.o
                0x000000000800b318                init_sd
 .text.SD_CheckStatus
                0x000000000800b604       0x24 build/sd_diskio.o
 .text.SD_initialize
                0x000000000800b628       0x28 build/sd_diskio.o
                0x000000000800b628                SD_initialize
 .text.SD_status
                0x000000000800b650        0x8 build/sd_diskio.o
                0x000000000800b650                SD_status
 .text.SD_read  0x000000000800b658       0x24 build/sd_diskio.o
                0x000000000800b658                SD_read
 .text.SD_write
                0x000000000800b67c       0x24 build/sd_diskio.o
                0x000000000800b67c                SD_write
 .text.SD_ioctl
                0x000000000800b6a0       0x58 build/sd_diskio.o
                0x000000000800b6a0                SD_ioctl
 .text.debug_operations
                0x000000000800b6f8      0x244 build/state.o
                0x000000000800b6f8                debug_operations
 .text.imu_operations
                0x000000000800b93c       0x3c build/state.o
                0x000000000800b93c                imu_operations
 .text.init     0x000000000800b978       0x50 build/state.o
                0x000000000800b978                init
 .text.atc_pot_operations
                0x000000000800b9c8      0x120 build/state.o
                0x000000000800b9c8                atc_pot_operations
 .text.idle     0x000000000800bae8       0x84 build/state.o
                0x000000000800bae8                idle
 .text.setup    0x000000000800bb6c       0x54 build/state.o
                0x000000000800bb6c                setup
 .text.run      0x000000000800bbc0       0x34 build/state.o
                0x000000000800bbc0                run
 .text.HAL_MspInit
                0x000000000800bbf4       0x30 build/stm32f7xx_hal_msp.o
                0x000000000800bbf4                HAL_MspInit
 .text.HAL_CAN_MspInit
                0x000000000800bc24       0x6c build/stm32f7xx_hal_msp.o
                0x000000000800bc24                HAL_CAN_MspInit
 .text.HAL_SD_MspInit
                0x000000000800bc90       0x98 build/stm32f7xx_hal_msp.o
                0x000000000800bc90                HAL_SD_MspInit
 .text.HAL_TIM_Base_MspInit
                0x000000000800bd28       0x26 build/stm32f7xx_hal_msp.o
                0x000000000800bd28                HAL_TIM_Base_MspInit
 *fill*         0x000000000800bd4e        0x2 
 .text.HAL_UART_MspInit
                0x000000000800bd50       0x6c build/stm32f7xx_hal_msp.o
                0x000000000800bd50                HAL_UART_MspInit
 .text.NMI_Handler
                0x000000000800bdbc        0x2 build/stm32f7xx_it.o
                0x000000000800bdbc                NMI_Handler
 .text.HardFault_Handler
                0x000000000800bdbe        0x2 build/stm32f7xx_it.o
                0x000000000800bdbe                HardFault_Handler
 .text.MemManage_Handler
                0x000000000800bdc0        0x2 build/stm32f7xx_it.o
                0x000000000800bdc0                MemManage_Handler
 .text.BusFault_Handler
                0x000000000800bdc2        0x2 build/stm32f7xx_it.o
                0x000000000800bdc2                BusFault_Handler
 .text.UsageFault_Handler
                0x000000000800bdc4        0x2 build/stm32f7xx_it.o
                0x000000000800bdc4                UsageFault_Handler
 .text.SVC_Handler
                0x000000000800bdc6        0x2 build/stm32f7xx_it.o
                0x000000000800bdc6                SVC_Handler
 .text.DebugMon_Handler
                0x000000000800bdc8        0x2 build/stm32f7xx_it.o
                0x000000000800bdc8                DebugMon_Handler
 .text.PendSV_Handler
                0x000000000800bdca        0x2 build/stm32f7xx_it.o
                0x000000000800bdca                PendSV_Handler
 .text.SysTick_Handler
                0x000000000800bdcc        0x8 build/stm32f7xx_it.o
                0x000000000800bdcc                SysTick_Handler
 .text.CAN1_TX_IRQHandler
                0x000000000800bdd4       0x10 build/stm32f7xx_it.o
                0x000000000800bdd4                CAN1_TX_IRQHandler
 .text.CAN1_RX0_IRQHandler
                0x000000000800bde4       0x10 build/stm32f7xx_it.o
                0x000000000800bde4                CAN1_RX0_IRQHandler
 .text.CAN1_RX1_IRQHandler
                0x000000000800bdf4       0x10 build/stm32f7xx_it.o
                0x000000000800bdf4                CAN1_RX1_IRQHandler
 .text.CAN1_SCE_IRQHandler
                0x000000000800be04       0x10 build/stm32f7xx_it.o
                0x000000000800be04                CAN1_SCE_IRQHandler
 .text.TIM2_IRQHandler
                0x000000000800be14       0x10 build/stm32f7xx_it.o
                0x000000000800be14                TIM2_IRQHandler
 .text.USART3_IRQHandler
                0x000000000800be24       0x10 build/stm32f7xx_it.o
                0x000000000800be24                USART3_IRQHandler
 .text.SDMMC1_IRQHandler
                0x000000000800be34       0x10 build/stm32f7xx_it.o
                0x000000000800be34                SDMMC1_IRQHandler
 .text.SystemInit
                0x000000000800be44       0x50 build/system_stm32f7xx.o
                0x000000000800be44                SystemInit
 .text.Reset_Handler
                0x000000000800be94       0x50 build/startup_stm32f767xx.o
                0x000000000800be94                Reset_Handler
 .text.Default_Handler
                0x000000000800bee4        0x2 build/startup_stm32f767xx.o
                0x000000000800bee4                RTC_Alarm_IRQHandler
                0x000000000800bee4                EXTI2_IRQHandler
                0x000000000800bee4                TIM8_CC_IRQHandler
                0x000000000800bee4                UART8_IRQHandler
                0x000000000800bee4                SPI4_IRQHandler
                0x000000000800bee4                TIM1_CC_IRQHandler
                0x000000000800bee4                DMA2_Stream5_IRQHandler
                0x000000000800bee4                JPEG_IRQHandler
                0x000000000800bee4                DMA1_Stream5_IRQHandler
                0x000000000800bee4                CAN3_RX1_IRQHandler
                0x000000000800bee4                PVD_IRQHandler
                0x000000000800bee4                TAMP_STAMP_IRQHandler
                0x000000000800bee4                CAN2_RX1_IRQHandler
                0x000000000800bee4                EXTI3_IRQHandler
                0x000000000800bee4                TIM8_TRG_COM_TIM14_IRQHandler
                0x000000000800bee4                DFSDM1_FLT1_IRQHandler
                0x000000000800bee4                TIM1_UP_TIM10_IRQHandler
                0x000000000800bee4                TIM8_UP_TIM13_IRQHandler
                0x000000000800bee4                I2C3_ER_IRQHandler
                0x000000000800bee4                DFSDM1_FLT2_IRQHandler
                0x000000000800bee4                EXTI0_IRQHandler
                0x000000000800bee4                I2C2_EV_IRQHandler
                0x000000000800bee4                DMA1_Stream2_IRQHandler
                0x000000000800bee4                FPU_IRQHandler
                0x000000000800bee4                OTG_HS_WKUP_IRQHandler
                0x000000000800bee4                CAN3_SCE_IRQHandler
                0x000000000800bee4                LTDC_ER_IRQHandler
                0x000000000800bee4                CAN2_SCE_IRQHandler
                0x000000000800bee4                DMA2_Stream2_IRQHandler
                0x000000000800bee4                SPI1_IRQHandler
                0x000000000800bee4                TIM6_DAC_IRQHandler
                0x000000000800bee4                TIM1_BRK_TIM9_IRQHandler
                0x000000000800bee4                DCMI_IRQHandler
                0x000000000800bee4                CAN2_RX0_IRQHandler
                0x000000000800bee4                DMA2_Stream3_IRQHandler
                0x000000000800bee4                SAI2_IRQHandler
                0x000000000800bee4                DFSDM1_FLT3_IRQHandler
                0x000000000800bee4                USART6_IRQHandler
                0x000000000800bee4                CAN3_RX0_IRQHandler
                0x000000000800bee4                UART5_IRQHandler
                0x000000000800bee4                DMA2_Stream0_IRQHandler
                0x000000000800bee4                TIM4_IRQHandler
                0x000000000800bee4                QUADSPI_IRQHandler
                0x000000000800bee4                I2C1_EV_IRQHandler
                0x000000000800bee4                DMA1_Stream6_IRQHandler
                0x000000000800bee4                DMA1_Stream1_IRQHandler
                0x000000000800bee4                UART4_IRQHandler
                0x000000000800bee4                TIM3_IRQHandler
                0x000000000800bee4                RCC_IRQHandler
                0x000000000800bee4                TIM8_BRK_TIM12_IRQHandler
                0x000000000800bee4                Default_Handler
                0x000000000800bee4                CEC_IRQHandler
                0x000000000800bee4                EXTI15_10_IRQHandler
                0x000000000800bee4                ADC_IRQHandler
                0x000000000800bee4                DMA1_Stream7_IRQHandler
                0x000000000800bee4                SPI5_IRQHandler
                0x000000000800bee4                TIM7_IRQHandler
                0x000000000800bee4                CAN2_TX_IRQHandler
                0x000000000800bee4                TIM5_IRQHandler
                0x000000000800bee4                DMA2_Stream7_IRQHandler
                0x000000000800bee4                I2C3_EV_IRQHandler
                0x000000000800bee4                EXTI9_5_IRQHandler
                0x000000000800bee4                RTC_WKUP_IRQHandler
                0x000000000800bee4                LTDC_IRQHandler
                0x000000000800bee4                ETH_WKUP_IRQHandler
                0x000000000800bee4                SPDIF_RX_IRQHandler
                0x000000000800bee4                SPI2_IRQHandler
                0x000000000800bee4                OTG_HS_EP1_IN_IRQHandler
                0x000000000800bee4                DMA1_Stream0_IRQHandler
                0x000000000800bee4                EXTI4_IRQHandler
                0x000000000800bee4                RNG_IRQHandler
                0x000000000800bee4                ETH_IRQHandler
                0x000000000800bee4                OTG_HS_EP1_OUT_IRQHandler
                0x000000000800bee4                WWDG_IRQHandler
                0x000000000800bee4                SPI6_IRQHandler
                0x000000000800bee4                MDIOS_IRQHandler
                0x000000000800bee4                I2C4_EV_IRQHandler
                0x000000000800bee4                CAN3_TX_IRQHandler
                0x000000000800bee4                OTG_FS_WKUP_IRQHandler
                0x000000000800bee4                TIM1_TRG_COM_TIM11_IRQHandler
                0x000000000800bee4                OTG_HS_IRQHandler
                0x000000000800bee4                DMA2D_IRQHandler
                0x000000000800bee4                EXTI1_IRQHandler
                0x000000000800bee4                SDMMC2_IRQHandler
                0x000000000800bee4                UART7_IRQHandler
                0x000000000800bee4                USART2_IRQHandler
                0x000000000800bee4                DFSDM1_FLT0_IRQHandler
                0x000000000800bee4                I2C2_ER_IRQHandler
                0x000000000800bee4                DMA2_Stream1_IRQHandler
                0x000000000800bee4                FLASH_IRQHandler
                0x000000000800bee4                DMA2_Stream4_IRQHandler
                0x000000000800bee4                USART1_IRQHandler
                0x000000000800bee4                OTG_FS_IRQHandler
                0x000000000800bee4                SPI3_IRQHandler
                0x000000000800bee4                DMA1_Stream4_IRQHandler
                0x000000000800bee4                I2C1_ER_IRQHandler
                0x000000000800bee4                FMC_IRQHandler
                0x000000000800bee4                LPTIM1_IRQHandler
                0x000000000800bee4                I2C4_ER_IRQHandler
                0x000000000800bee4                DMA2_Stream6_IRQHandler
                0x000000000800bee4                SAI1_IRQHandler
                0x000000000800bee4                DMA1_Stream3_IRQHandler
 *fill*         0x000000000800bee6        0x2 
 .text.startup  0x000000000800bee8       0x14 /usr/lib/gcc/arm-none-eabi/6.3.1/../../../arm-none-eabi/lib/thumb/v7e-m/fpv5/hard/libc.a(lib_a-__call_atexit.o)
 *(.glue_7)
 .glue_7        0x000000000800befc        0x0 linker stubs
 *(.glue_7t)
 .glue_7t       0x000000000800befc        0x0 linker stubs
 *(.eh_frame)
 .eh_frame      0x000000000800befc        0x0 /usr/lib/gcc/arm-none-eabi/6.3.1/thumb/v7e-m/fpv5/hard/crtbegin.o
 *(.init)
 .init          0x000000000800befc        0x4 /usr/lib/gcc/arm-none-eabi/6.3.1/thumb/v7e-m/fpv5/hard/crti.o
                0x000000000800befc                _init
 .init          0x000000000800bf00        0x8 /usr/lib/gcc/arm-none-eabi/6.3.1/thumb/v7e-m/fpv5/hard/crtn.o
 *(.fini)
 .fini          0x000000000800bf08        0x4 /usr/lib/gcc/arm-none-eabi/6.3.1/thumb/v7e-m/fpv5/hard/crti.o
                0x000000000800bf08                _fini
 .fini          0x000000000800bf0c        0x8 /usr/lib/gcc/arm-none-eabi/6.3.1/thumb/v7e-m/fpv5/hard/crtn.o
                0x000000000800bf14                . = ALIGN (0x4)
                0x000000000800bf14                _etext = .

.vfp11_veneer   0x000000000800bf14        0x0
 .vfp11_veneer  0x000000000800bf14        0x0 linker stubs

.v4_bx          0x000000000800bf14        0x0
 .v4_bx         0x000000000800bf14        0x0 linker stubs

.iplt           0x000000000800bf14        0x0
 .iplt          0x000000000800bf14        0x0 /usr/lib/gcc/arm-none-eabi/6.3.1/thumb/v7e-m/fpv5/hard/crtbegin.o

.rodata         0x000000000800bf18      0x854
                0x000000000800bf18                . = ALIGN (0x4)
 *(.rodata)
 .rodata        0x000000000800bf18        0x4 /usr/lib/gcc/arm-none-eabi/6.3.1/../../../arm-none-eabi/lib/thumb/v7e-m/fpv5/hard/libc.a(lib_a-impure.o)
                0x000000000800bf18                _global_impure_ptr
 .rodata        0x000000000800bf1c       0x20 /usr/lib/gcc/arm-none-eabi/6.3.1/../../../arm-none-eabi/lib/thumb/v7e-m/fpv5/hard/libc.a(lib_a-svfprintf.o)
 *fill*         0x000000000800bf3c        0x4 
 .rodata        0x000000000800bf40      0x128 /usr/lib/gcc/arm-none-eabi/6.3.1/../../../arm-none-eabi/lib/thumb/v7e-m/fpv5/hard/libc.a(lib_a-mprec.o)
                0x000000000800bf50                __mprec_tens
                0x000000000800c018                __mprec_tinytens
                0x000000000800c040                __mprec_bigtens
 .rodata        0x000000000800c068       0x20 /usr/lib/gcc/arm-none-eabi/6.3.1/../../../arm-none-eabi/lib/thumb/v7e-m/fpv5/hard/libc.a(lib_a-svfiprintf.o)
 *(.rodata*)
 .rodata.create_name.str1.4
                0x000000000800c088        0xf build/ff.o
 *fill*         0x000000000800c097        0x1 
 .rodata.ExCvt  0x000000000800c098       0x80 build/ff.o
 .rodata.CAN_Send.str1.4
                0x000000000800c118       0x1a build/can.o
 *fill*         0x000000000800c132        0x2 
 .rodata.code_version
                0x000000000800c134       0x2b build/global_variables.o
                0x000000000800c134                code_version
 *fill*         0x000000000800c15f        0x1 
 .rodata.HAL_TIM_PeriodElapsedCallback.str1.4
                0x000000000800c160       0x13 build/main.o
 *fill*         0x000000000800c173        0x1 
 .rodata.HAL_CAN_RxFifo1MsgPendingCallback.str1.4
                0x000000000800c174        0xe build/main.o
 *fill*         0x000000000800c182        0x2 
 .rodata.HAL_CAN_RxFifo0FullCallback.str1.4
                0x000000000800c184        0xd build/main.o
 *fill*         0x000000000800c191        0x3 
 .rodata.HAL_CAN_RxFifo1FullCallback.str1.4
                0x000000000800c194        0xd build/main.o
 *fill*         0x000000000800c1a1        0x3 
 .rodata.HAL_CAN_TxMailbox0CompleteCallback.str1.4
                0x000000000800c1a4       0x13 build/main.o
 *fill*         0x000000000800c1b7        0x1 
 .rodata.HAL_CAN_TxMailbox1CompleteCallback.str1.4
                0x000000000800c1b8        0xd build/main.o
 *fill*         0x000000000800c1c5        0x3 
 .rodata.HAL_CAN_TxMailbox2CompleteCallback.str1.4
                0x000000000800c1c8        0xd build/main.o
 *fill*         0x000000000800c1d5        0x3 
 .rodata.HAL_CAN_ErrorCallback.str1.4
                0x000000000800c1d8       0x15 build/main.o
 *fill*         0x000000000800c1ed        0x3 
 .rodata.accel_implausibility_check.str1.4
                0x000000000800c1f0       0x10 build/pedals.o
 .rodata.init_sd.str1.4
                0x000000000800c200       0xbf build/sd.o
                                         0xc3 (size before relaxing)
 *fill*         0x000000000800c2bf        0x1 
 .rodata.SD_Driver
                0x000000000800c2c0       0x14 build/sd_diskio.o
                0x000000000800c2c0                SD_Driver
 .rodata.debug_operations.str1.4
                0x000000000800c2d4      0x3e5 build/state.o
 *fill*         0x000000000800c6b9        0x3 
 .rodata.imu_operations.str1.4
                0x000000000800c6bc        0xf build/state.o
 *fill*         0x000000000800c6cb        0x1 
 .rodata.atc_pot_operations.str1.4
                0x000000000800c6cc       0x21 build/state.o
 *fill*         0x000000000800c6ed        0x3 
 .rodata.AHBPrescTable
                0x000000000800c6f0       0x10 build/system_stm32f7xx.o
                0x000000000800c6f0                AHBPrescTable
 .rodata.APBPrescTable
                0x000000000800c700        0x8 build/system_stm32f7xx.o
                0x000000000800c700                APBPrescTable
 .rodata.str1.4
                0x000000000800c708        0x2 /usr/lib/gcc/arm-none-eabi/6.3.1/../../../arm-none-eabi/lib/thumb/v7e-m/fpv5/hard/libc.a(lib_a-impure.o)
 *fill*         0x000000000800c70a        0x2 
 .rodata.str1.4
                0x000000000800c70c       0x42 /usr/lib/gcc/arm-none-eabi/6.3.1/../../../arm-none-eabi/lib/thumb/v7e-m/fpv5/hard/libc.a(lib_a-svfprintf.o)
 *fill*         0x000000000800c74e        0x2 
 .rodata.str1.4
                0x000000000800c750       0x10 /usr/lib/gcc/arm-none-eabi/6.3.1/../../../arm-none-eabi/lib/thumb/v7e-m/fpv5/hard/libc.a(lib_a-dtoa.o)
                                         0x12 (size before relaxing)
 .rodata.str1.4
                0x000000000800c760        0xc /usr/lib/gcc/arm-none-eabi/6.3.1/../../../arm-none-eabi/lib/thumb/v7e-m/fpv5/hard/libc.a(lib_a-locale.o)
                                         0x12 (size before relaxing)
 .rodata.str1.4
                0x000000000800c76c       0x2f /usr/lib/gcc/arm-none-eabi/6.3.1/../../../arm-none-eabi/lib/thumb/v7e-m/fpv5/hard/libc.a(lib_a-svfiprintf.o)
                0x000000000800c79c                . = ALIGN (0x4)

.ARM.extab
 *(.ARM.extab* .gnu.linkonce.armextab.*)

.ARM            0x000000000800c76c        0x8
                0x000000000800c76c                __exidx_start = .
 *(.ARM.exidx*)
 .ARM.exidx     0x000000000800c76c        0x8 /usr/lib/gcc/arm-none-eabi/6.3.1/thumb/v7e-m/fpv5/hard/libgcc.a(_udivmoddi4.o)
                0x000000000800c774                __exidx_end = .

.rel.dyn        0x000000000800c774        0x0
 .rel.iplt      0x000000000800c774        0x0 /usr/lib/gcc/arm-none-eabi/6.3.1/thumb/v7e-m/fpv5/hard/crtbegin.o

.preinit_array  0x000000000800c774        0x0
                0x000000000800c774                PROVIDE (__preinit_array_start, .)
 *(.preinit_array*)
                0x000000000800c774                PROVIDE (__preinit_array_end, .)

.init_array     0x000000000800c774        0x8
                0x000000000800c774                PROVIDE (__init_array_start, .)
 *(SORT(.init_array.*))
 .init_array.00000
                0x000000000800c774        0x4 /usr/lib/gcc/arm-none-eabi/6.3.1/../../../arm-none-eabi/lib/thumb/v7e-m/fpv5/hard/libc.a(lib_a-__call_atexit.o)
 *(.init_array*)
 .init_array    0x000000000800c778        0x4 /usr/lib/gcc/arm-none-eabi/6.3.1/thumb/v7e-m/fpv5/hard/crtbegin.o
                0x000000000800c77c                PROVIDE (__init_array_end, .)

.fini_array     0x000000000800c77c        0x4
                0x000000000800c77c                PROVIDE (__fini_array_start, .)
 *(SORT(.fini_array.*))
 *(.fini_array*)
 .fini_array    0x000000000800c77c        0x4 /usr/lib/gcc/arm-none-eabi/6.3.1/thumb/v7e-m/fpv5/hard/crtbegin.o
                0x000000000800c780                PROVIDE (__fini_array_end, .)
                0x000000000800c780                _sidata = LOADADDR (.data)

.data           0x0000000020000000      0xbe0 load address 0x000000000800c780
                0x0000000020000000                . = ALIGN (0x4)
                0x0000000020000000                _sdata = .
 *(.data)
 .data          0x0000000020000000      0x430 /usr/lib/gcc/arm-none-eabi/6.3.1/../../../arm-none-eabi/lib/thumb/v7e-m/fpv5/hard/libc.a(lib_a-impure.o)
                0x0000000020000000                _impure_ptr
 .data          0x0000000020000430       0x7c /usr/lib/gcc/arm-none-eabi/6.3.1/../../../arm-none-eabi/lib/thumb/v7e-m/fpv5/hard/libc.a(lib_a-locale.o)
                0x0000000020000450                __mb_cur_max
 .data          0x00000000200004ac      0x410 /usr/lib/gcc/arm-none-eabi/6.3.1/../../../arm-none-eabi/lib/thumb/v7e-m/fpv5/hard/libc.a(lib_a-mallocr.o)
                0x00000000200004ac                __malloc_av_
                0x00000000200008b4                __malloc_sbrk_base
                0x00000000200008b8                __malloc_trim_threshold
 *(.data*)
 .data.uwTickFreq
                0x00000000200008bc        0x1 build/stm32f7xx_hal.o
                0x00000000200008bc                uwTickFreq
 *fill*         0x00000000200008bd        0x3 
 .data.uwTickPrio
                0x00000000200008c0        0x4 build/stm32f7xx_hal.o
                0x00000000200008c0                uwTickPrio
 .data.buffer   0x00000000200008c4      0x100 build/sd.o
                0x00000000200008c4                buffer
 .data.filename
                0x00000000200009c4      0x100 build/sd.o
                0x00000000200009c4                filename
 .data.filename_1
                0x0000000020000ac4      0x100 build/sd.o
                0x0000000020000ac4                filename_1
 .data.filename_pot
                0x0000000020000bc4        0xe build/sd.o
                0x0000000020000bc4                filename_pot
 *fill*         0x0000000020000bd2        0x2 
 .data.max_files
                0x0000000020000bd4        0x4 build/sd.o
                0x0000000020000bd4                max_files
 .data.Stat     0x0000000020000bd8        0x1 build/sd_diskio.o
 *fill*         0x0000000020000bd9        0x3 
 .data.SystemCoreClock
                0x0000000020000bdc        0x4 build/system_stm32f7xx.o
                0x0000000020000bdc                SystemCoreClock
                0x0000000020000be0                . = ALIGN (0x4)
                0x0000000020000be0                _edata = .

.jcr            0x0000000020000be0        0x0 load address 0x000000000800d360
 .jcr           0x0000000020000be0        0x0 /usr/lib/gcc/arm-none-eabi/6.3.1/thumb/v7e-m/fpv5/hard/crtbegin.o

.tm_clone_table
                0x0000000020000be0        0x0 load address 0x000000000800d360
 .tm_clone_table
                0x0000000020000be0        0x0 /usr/lib/gcc/arm-none-eabi/6.3.1/thumb/v7e-m/fpv5/hard/crtbegin.o
 .tm_clone_table
                0x0000000020000be0        0x0 /usr/lib/gcc/arm-none-eabi/6.3.1/thumb/v7e-m/fpv5/hard/crtend.o

.igot.plt       0x0000000020000be0        0x0 load address 0x000000000800d360
 .igot.plt      0x0000000020000be0        0x0 /usr/lib/gcc/arm-none-eabi/6.3.1/thumb/v7e-m/fpv5/hard/crtbegin.o
                0x0000000020000be0                . = ALIGN (0x4)

.bss            0x0000000020000be0     0x333c load address 0x000000000800d360
                0x0000000020000be0                _sbss = .
                0x0000000020000be0                __bss_start__ = _sbss
 *(.bss)
 .bss           0x0000000020000be0       0x1c /usr/lib/gcc/arm-none-eabi/6.3.1/thumb/v7e-m/fpv5/hard/crtbegin.o
 .bss           0x0000000020000bfc       0x34 /usr/lib/gcc/arm-none-eabi/6.3.1/../../../arm-none-eabi/lib/thumb/v7e-m/fpv5/hard/libc.a(lib_a-mallocr.o)
                0x0000000020000bfc                __malloc_top_pad
                0x0000000020000c00                __malloc_current_mallinfo
                0x0000000020000c28                __malloc_max_sbrked_mem
                0x0000000020000c2c                __malloc_max_total_mem
 .bss           0x0000000020000c30        0x4 /usr/lib/gcc/arm-none-eabi/6.3.1/../../../arm-none-eabi/lib/thumb/v7e-m/fpv5/hard/libnosys.a(sbrk.o)
 *(.bss*)
 .bss.FatFs     0x0000000020000c34        0x4 build/ff.o
 .bss.Files     0x0000000020000c38       0x20 build/ff.o
 .bss.Fsid      0x0000000020000c58        0x2 build/ff.o
 *fill*         0x0000000020000c5a        0x2 
 .bss.disk      0x0000000020000c5c        0xc build/ff_gen_drv.o
                0x0000000020000c5c                disk
 .bss.atc_connected
                0x0000000020000c68        0x1 build/global_variables.o
                0x0000000020000c68                atc_connected
 *fill*         0x0000000020000c69        0x1 
 .bss.count_atc
                0x0000000020000c6a        0x2 build/global_variables.o
                0x0000000020000c6a                count_atc
 .bss.count_dec
                0x0000000020000c6c        0x2 build/global_variables.o
                0x0000000020000c6c                count_dec
 .bss.count_hour
                0x0000000020000c6e        0x2 build/global_variables.o
                0x0000000020000c6e                count_hour
 .bss.count_imu
                0x0000000020000c70        0x2 build/global_variables.o
                0x0000000020000c70                count_imu
 .bss.count_inverter
                0x0000000020000c72        0x2 build/global_variables.o
                0x0000000020000c72                count_inverter
 .bss.count_min
                0x0000000020000c74        0x2 build/global_variables.o
                0x0000000020000c74                count_min
 .bss.count_ms  0x0000000020000c76        0x2 build/global_variables.o
                0x0000000020000c76                count_ms
 .bss.count_sec
                0x0000000020000c78        0x2 build/global_variables.o
                0x0000000020000c78                count_sec
 .bss.debug_msg_arrived
                0x0000000020000c7a        0x1 build/global_variables.o
                0x0000000020000c7a                debug_msg_arrived
 .bss.debug_rx_count
                0x0000000020000c7b        0x1 build/global_variables.o
                0x0000000020000c7b                debug_rx_count
 .bss.imu_connected
                0x0000000020000c7c        0x1 build/global_variables.o
                0x0000000020000c7c                imu_connected
 .bss.its0_connected
                0x0000000020000c7d        0x1 build/global_variables.o
                0x0000000020000c7d                its0_connected
 .bss.its1_connected
                0x0000000020000c7e        0x1 build/global_variables.o
                0x0000000020000c7e                its1_connected
 .bss.its2_connected
                0x0000000020000c7f        0x1 build/global_variables.o
                0x0000000020000c7f                its2_connected
 .bss.its3_connected
                0x0000000020000c80        0x1 build/global_variables.o
                0x0000000020000c80                its3_connected
 *fill*         0x0000000020000c81        0x3 
 .bss.counter   0x0000000020000c84        0x4 build/main.o
                0x0000000020000c84                counter
 .bss.accel_implausibility_check_count
                0x0000000020000c88        0x1 build/pedals.o
                0x0000000020000c88                accel_implausibility_check_count
 .bss.accel_implausibility_check_count_flag
                0x0000000020000c89        0x1 build/pedals.o
                0x0000000020000c89                accel_implausibility_check_count_flag
 *fill*         0x0000000020000c8a        0x2 
 .bss.mount_ok  0x0000000020000c8c        0x4 build/sd.o
                0x0000000020000c8c                mount_ok
 .bss.pot_values_loaded
                0x0000000020000c90        0x1 build/sd.o
                0x0000000020000c90                pot_values_loaded
 *fill*         0x0000000020000c91        0x3 
 .bss.successfull_opening
                0x0000000020000c94        0x4 build/sd.o
                0x0000000020000c94                successfull_opening
 *(COMMON)
 COMMON         0x0000000020000c98        0x4 build/stm32f7xx_hal.o
                0x0000000020000c98                uwTick
 COMMON         0x0000000020000c9c     0x1b38 build/can.o
                0x0000000020000c9c                can3
                0x0000000020001a38                can1
 COMMON         0x00000000200027d4      0x468 build/fatfs.o
                0x00000000200027d4                retSD
                0x00000000200027d8                SDPath
                0x00000000200027dc                SDFile
                0x0000000020002a0c                SDFatFS
 COMMON         0x0000000020002c3c      0x208 build/global_variables.o
                0x0000000020002c3c                debug_rx
                0x0000000020002c50                debug_tx
 COMMON         0x0000000020002e44      0x19c build/main.o
                0x0000000020002e44                huart3
                0x0000000020002ec4                current_state
                0x0000000020002ec8                hsd1
                0x0000000020002f4c                sFilter
                0x0000000020002f74                i_debug
                0x0000000020002f78                htim2
                0x0000000020002fb8                hcan1
 COMMON         0x0000000020002fe0       0x28 build/pedals.o
                0x0000000020002fe0                accel
                0x0000000020002ff4                brake
 COMMON         0x0000000020003008      0xf0d build/sd.o
                0x0000000020003008                txt
                0x00000000200033f0                byteswritten
                0x00000000200033f4                message
                0x00000000200034f4                pot_values_f
                0x0000000020003724                res_mount
                0x0000000020003728                loggingFile
                0x0000000020003958                bytes_read
                0x000000002000395c                pointer
                0x0000000020003960                log_names_f
                0x0000000020003b90                log_names
                0x0000000020003f14                res_open
 *fill*         0x0000000020003f15        0x3 
 COMMON         0x0000000020003f18        0x4 /usr/lib/gcc/arm-none-eabi/6.3.1/../../../arm-none-eabi/lib/thumb/v7e-m/fpv5/hard/libc.a(lib_a-reent.o)
                0x0000000020003f18                errno
                0x0000000020003f1c                . = ALIGN (0x4)
                0x0000000020003f1c                _ebss = .
                0x0000000020003f1c                __bss_end__ = _ebss

._user_heap_stack
                0x0000000020003f1c      0x604 load address 0x000000000800d360
                0x0000000020003f20                . = ALIGN (0x8)
 *fill*         0x0000000020003f1c        0x4 
                0x0000000020003f20                PROVIDE (end, .)
                [!provide]                        PROVIDE (_end, .)
                0x0000000020004120                . = (. + _Min_Heap_Size)
 *fill*         0x0000000020003f20      0x200 
                0x0000000020004520                . = (. + _Min_Stack_Size)
 *fill*         0x0000000020004120      0x400 
                0x0000000020004520                . = ALIGN (0x8)

/DISCARD/
 libc.a(*)
 libm.a(*)
 libgcc.a(*)

.ARM.attributes
                0x0000000000000000       0x2e
 *(.ARM.attributes)
 .ARM.attributes
                0x0000000000000000       0x20 /usr/lib/gcc/arm-none-eabi/6.3.1/thumb/v7e-m/fpv5/hard/crti.o
 .ARM.attributes
                0x0000000000000020       0x32 /usr/lib/gcc/arm-none-eabi/6.3.1/thumb/v7e-m/fpv5/hard/crtbegin.o
 .ARM.attributes
                0x0000000000000052       0x32 build/stm32f7xx_hal.o
 .ARM.attributes
                0x0000000000000084       0x32 build/stm32f7xx_hal_can.o
 .ARM.attributes
                0x00000000000000b6       0x32 build/stm32f7xx_hal_cortex.o
 .ARM.attributes
                0x00000000000000e8       0x32 build/stm32f7xx_hal_dma.o
 .ARM.attributes
                0x000000000000011a       0x32 build/stm32f7xx_hal_gpio.o
 .ARM.attributes
                0x000000000000014c       0x32 build/stm32f7xx_hal_pwr_ex.o
 .ARM.attributes
                0x000000000000017e       0x32 build/stm32f7xx_hal_rcc.o
 .ARM.attributes
                0x00000000000001b0       0x32 build/stm32f7xx_hal_rcc_ex.o
 .ARM.attributes
                0x00000000000001e2       0x32 build/stm32f7xx_hal_sd.o
 .ARM.attributes
                0x0000000000000214       0x32 build/stm32f7xx_hal_tim.o
 .ARM.attributes
                0x0000000000000246       0x32 build/stm32f7xx_hal_tim_ex.o
 .ARM.attributes
                0x0000000000000278       0x32 build/stm32f7xx_hal_uart.o
 .ARM.attributes
                0x00000000000002aa       0x32 build/stm32f7xx_ll_sdmmc.o
 .ARM.attributes
                0x00000000000002dc       0x32 build/diskio.o
 .ARM.attributes
                0x000000000000030e       0x32 build/ff.o
 .ARM.attributes
                0x0000000000000340       0x32 build/ff_gen_drv.o
 .ARM.attributes
                0x0000000000000372       0x32 build/bsp_driver_sd.o
 .ARM.attributes
                0x00000000000003a4       0x32 build/can.o
 .ARM.attributes
                0x00000000000003d6       0x32 build/fatfs.o
 .ARM.attributes
                0x0000000000000408       0x32 build/fatfs_platform.o
 .ARM.attributes
                0x000000000000043a       0x37 build/global_variables.o
 .ARM.attributes
                0x0000000000000471       0x32 build/main.o
 .ARM.attributes
                0x00000000000004a3       0x32 build/pedals.o
 .ARM.attributes
                0x00000000000004d5       0x32 build/sd.o
 .ARM.attributes
                0x0000000000000507       0x32 build/sd_diskio.o
 .ARM.attributes
                0x0000000000000539       0x32 build/state.o
 .ARM.attributes
                0x000000000000056b       0x32 build/stm32f7xx_hal_msp.o
 .ARM.attributes
                0x000000000000059d       0x32 build/stm32f7xx_it.o
 .ARM.attributes
                0x00000000000005cf       0x32 build/system_stm32f7xx.o
 .ARM.attributes
                0x0000000000000601       0x21 build/startup_stm32f767xx.o
 .ARM.attributes
                0x0000000000000622       0x32 /usr/lib/gcc/arm-none-eabi/6.3.1/../../../arm-none-eabi/lib/thumb/v7e-m/fpv5/hard/libc.a(lib_a-atexit.o)
 .ARM.attributes
                0x0000000000000654       0x32 /usr/lib/gcc/arm-none-eabi/6.3.1/../../../arm-none-eabi/lib/thumb/v7e-m/fpv5/hard/libc.a(lib_a-fini.o)
 .ARM.attributes
                0x0000000000000686       0x32 /usr/lib/gcc/arm-none-eabi/6.3.1/../../../arm-none-eabi/lib/thumb/v7e-m/fpv5/hard/libc.a(lib_a-impure.o)
 .ARM.attributes
                0x00000000000006b8       0x32 /usr/lib/gcc/arm-none-eabi/6.3.1/../../../arm-none-eabi/lib/thumb/v7e-m/fpv5/hard/libc.a(lib_a-init.o)
 .ARM.attributes
                0x00000000000006ea       0x1e /usr/lib/gcc/arm-none-eabi/6.3.1/../../../arm-none-eabi/lib/thumb/v7e-m/fpv5/hard/libc.a(lib_a-memcpy.o)
 .ARM.attributes
                0x0000000000000708       0x32 /usr/lib/gcc/arm-none-eabi/6.3.1/../../../arm-none-eabi/lib/thumb/v7e-m/fpv5/hard/libc.a(lib_a-memset.o)
 .ARM.attributes
                0x000000000000073a       0x32 /usr/lib/gcc/arm-none-eabi/6.3.1/../../../arm-none-eabi/lib/thumb/v7e-m/fpv5/hard/libc.a(lib_a-sprintf.o)
 .ARM.attributes
                0x000000000000076c       0x1e /usr/lib/gcc/arm-none-eabi/6.3.1/../../../arm-none-eabi/lib/thumb/v7e-m/fpv5/hard/libc.a(lib_a-strcmp.o)
 .ARM.attributes
                0x000000000000078a       0x1e /usr/lib/gcc/arm-none-eabi/6.3.1/../../../arm-none-eabi/lib/thumb/v7e-m/fpv5/hard/libc.a(lib_a-strlen.o)
 .ARM.attributes
                0x00000000000007a8       0x32 /usr/lib/gcc/arm-none-eabi/6.3.1/../../../arm-none-eabi/lib/thumb/v7e-m/fpv5/hard/libc.a(lib_a-strstr.o)
 .ARM.attributes
                0x00000000000007da       0x32 /usr/lib/gcc/arm-none-eabi/6.3.1/../../../arm-none-eabi/lib/thumb/v7e-m/fpv5/hard/libc.a(lib_a-svfprintf.o)
 .ARM.attributes
                0x000000000000080c       0x32 /usr/lib/gcc/arm-none-eabi/6.3.1/../../../arm-none-eabi/lib/thumb/v7e-m/fpv5/hard/libc.a(lib_a-__atexit.o)
 .ARM.attributes
                0x000000000000083e       0x32 /usr/lib/gcc/arm-none-eabi/6.3.1/../../../arm-none-eabi/lib/thumb/v7e-m/fpv5/hard/libc.a(lib_a-__call_atexit.o)
 .ARM.attributes
                0x0000000000000870       0x32 /usr/lib/gcc/arm-none-eabi/6.3.1/../../../arm-none-eabi/lib/thumb/v7e-m/fpv5/hard/libc.a(lib_a-dtoa.o)
 .ARM.attributes
                0x00000000000008a2       0x32 /usr/lib/gcc/arm-none-eabi/6.3.1/../../../arm-none-eabi/lib/thumb/v7e-m/fpv5/hard/libc.a(lib_a-locale.o)
 .ARM.attributes
                0x00000000000008d4       0x32 /usr/lib/gcc/arm-none-eabi/6.3.1/../../../arm-none-eabi/lib/thumb/v7e-m/fpv5/hard/libc.a(lib_a-mallocr.o)
 .ARM.attributes
                0x0000000000000906       0x1e /usr/lib/gcc/arm-none-eabi/6.3.1/../../../arm-none-eabi/lib/thumb/v7e-m/fpv5/hard/libc.a(lib_a-memchr.o)
 .ARM.attributes
                0x0000000000000924       0x32 /usr/lib/gcc/arm-none-eabi/6.3.1/../../../arm-none-eabi/lib/thumb/v7e-m/fpv5/hard/libc.a(lib_a-memcmp.o)
 .ARM.attributes
                0x0000000000000956       0x32 /usr/lib/gcc/arm-none-eabi/6.3.1/../../../arm-none-eabi/lib/thumb/v7e-m/fpv5/hard/libc.a(lib_a-mlock.o)
 .ARM.attributes
                0x0000000000000988       0x32 /usr/lib/gcc/arm-none-eabi/6.3.1/../../../arm-none-eabi/lib/thumb/v7e-m/fpv5/hard/libc.a(lib_a-mprec.o)
 .ARM.attributes
                0x00000000000009ba       0x32 /usr/lib/gcc/arm-none-eabi/6.3.1/../../../arm-none-eabi/lib/thumb/v7e-m/fpv5/hard/libc.a(lib_a-sbrkr.o)
 .ARM.attributes
                0x00000000000009ec       0x32 /usr/lib/gcc/arm-none-eabi/6.3.1/../../../arm-none-eabi/lib/thumb/v7e-m/fpv5/hard/libc.a(lib_a-strchr.o)
 .ARM.attributes
                0x0000000000000a1e       0x32 /usr/lib/gcc/arm-none-eabi/6.3.1/../../../arm-none-eabi/lib/thumb/v7e-m/fpv5/hard/libc.a(lib_a-svfiprintf.o)
 .ARM.attributes
                0x0000000000000a50       0x32 /usr/lib/gcc/arm-none-eabi/6.3.1/../../../arm-none-eabi/lib/thumb/v7e-m/fpv5/hard/libc.a(lib_a-callocr.o)
 .ARM.attributes
                0x0000000000000a82       0x32 /usr/lib/gcc/arm-none-eabi/6.3.1/../../../arm-none-eabi/lib/thumb/v7e-m/fpv5/hard/libc.a(lib_a-freer.o)
 .ARM.attributes
                0x0000000000000ab4       0x32 /usr/lib/gcc/arm-none-eabi/6.3.1/../../../arm-none-eabi/lib/thumb/v7e-m/fpv5/hard/libc.a(lib_a-memmove.o)
 .ARM.attributes
                0x0000000000000ae6       0x32 /usr/lib/gcc/arm-none-eabi/6.3.1/../../../arm-none-eabi/lib/thumb/v7e-m/fpv5/hard/libc.a(lib_a-reallocr.o)
 .ARM.attributes
                0x0000000000000b18       0x32 /usr/lib/gcc/arm-none-eabi/6.3.1/../../../arm-none-eabi/lib/thumb/v7e-m/fpv5/hard/libc.a(lib_a-reent.o)
 .ARM.attributes
                0x0000000000000b4a       0x32 /usr/lib/gcc/arm-none-eabi/6.3.1/../../../arm-none-eabi/lib/thumb/v7e-m/fpv5/hard/libnosys.a(sbrk.o)
 .ARM.attributes
                0x0000000000000b7c       0x20 /usr/lib/gcc/arm-none-eabi/6.3.1/thumb/v7e-m/fpv5/hard/libgcc.a(_aeabi_uldivmod.o)
 .ARM.attributes
                0x0000000000000b9c       0x32 /usr/lib/gcc/arm-none-eabi/6.3.1/thumb/v7e-m/fpv5/hard/libgcc.a(_udivmoddi4.o)
 .ARM.attributes
                0x0000000000000bce       0x20 /usr/lib/gcc/arm-none-eabi/6.3.1/thumb/v7e-m/fpv5/hard/libgcc.a(_dvmd_tls.o)
 .ARM.attributes
                0x0000000000000bee       0x32 /usr/lib/gcc/arm-none-eabi/6.3.1/thumb/v7e-m/fpv5/hard/crtend.o
 .ARM.attributes
                0x0000000000000c20       0x20 /usr/lib/gcc/arm-none-eabi/6.3.1/thumb/v7e-m/fpv5/hard/crtn.o
OUTPUT(build/ACU_Nucleo_VSC.elf elf32-littlearm)

.comment        0x0000000000000000       0x4e
 .comment       0x0000000000000000       0x31 /usr/lib/gcc/arm-none-eabi/6.3.1/thumb/v7e-m/fpv5/hard/crtbegin.o
                                         0x32 (size before relaxing)
 .comment       0x0000000000000031       0x1d build/stm32f7xx_hal.o
                                         0x1e (size before relaxing)
 .comment       0x000000000000004e       0x1e build/stm32f7xx_hal_can.o
 .comment       0x000000000000004e       0x1e build/stm32f7xx_hal_cortex.o
 .comment       0x000000000000004e       0x1e build/stm32f7xx_hal_dma.o
 .comment       0x000000000000004e       0x1e build/stm32f7xx_hal_gpio.o
 .comment       0x000000000000004e       0x1e build/stm32f7xx_hal_pwr_ex.o
 .comment       0x000000000000004e       0x1e build/stm32f7xx_hal_rcc.o
 .comment       0x000000000000004e       0x1e build/stm32f7xx_hal_rcc_ex.o
 .comment       0x000000000000004e       0x1e build/stm32f7xx_hal_sd.o
 .comment       0x000000000000004e       0x1e build/stm32f7xx_hal_tim.o
 .comment       0x000000000000004e       0x1e build/stm32f7xx_hal_tim_ex.o
 .comment       0x000000000000004e       0x1e build/stm32f7xx_hal_uart.o
 .comment       0x000000000000004e       0x1e build/stm32f7xx_ll_sdmmc.o
 .comment       0x000000000000004e       0x1e build/diskio.o
 .comment       0x000000000000004e       0x1e build/ff.o
 .comment       0x000000000000004e       0x1e build/ff_gen_drv.o
 .comment       0x000000000000004e       0x1e build/bsp_driver_sd.o
 .comment       0x000000000000004e       0x1e build/can.o
 .comment       0x000000000000004e       0x1e build/fatfs.o
 .comment       0x000000000000004e       0x1e build/fatfs_platform.o
 .comment       0x000000000000004e       0x1e build/global_variables.o
 .comment       0x000000000000004e       0x1e build/main.o
 .comment       0x000000000000004e       0x1e build/pedals.o
 .comment       0x000000000000004e       0x1e build/sd.o
 .comment       0x000000000000004e       0x1e build/sd_diskio.o
 .comment       0x000000000000004e       0x1e build/state.o
 .comment       0x000000000000004e       0x1e build/stm32f7xx_hal_msp.o
 .comment       0x000000000000004e       0x1e build/stm32f7xx_it.o
 .comment       0x000000000000004e       0x1e build/system_stm32f7xx.o
 .comment       0x000000000000004e       0x32 /usr/lib/gcc/arm-none-eabi/6.3.1/../../../arm-none-eabi/lib/thumb/v7e-m/fpv5/hard/libc.a(lib_a-atexit.o)
 .comment       0x000000000000004e       0x32 /usr/lib/gcc/arm-none-eabi/6.3.1/../../../arm-none-eabi/lib/thumb/v7e-m/fpv5/hard/libc.a(lib_a-fini.o)
 .comment       0x000000000000004e       0x32 /usr/lib/gcc/arm-none-eabi/6.3.1/../../../arm-none-eabi/lib/thumb/v7e-m/fpv5/hard/libc.a(lib_a-impure.o)
 .comment       0x000000000000004e       0x32 /usr/lib/gcc/arm-none-eabi/6.3.1/../../../arm-none-eabi/lib/thumb/v7e-m/fpv5/hard/libc.a(lib_a-init.o)
 .comment       0x000000000000004e       0x32 /usr/lib/gcc/arm-none-eabi/6.3.1/../../../arm-none-eabi/lib/thumb/v7e-m/fpv5/hard/libc.a(lib_a-memset.o)
 .comment       0x000000000000004e       0x32 /usr/lib/gcc/arm-none-eabi/6.3.1/../../../arm-none-eabi/lib/thumb/v7e-m/fpv5/hard/libc.a(lib_a-sprintf.o)
 .comment       0x000000000000004e       0x32 /usr/lib/gcc/arm-none-eabi/6.3.1/../../../arm-none-eabi/lib/thumb/v7e-m/fpv5/hard/libc.a(lib_a-strstr.o)
 .comment       0x000000000000004e       0x32 /usr/lib/gcc/arm-none-eabi/6.3.1/../../../arm-none-eabi/lib/thumb/v7e-m/fpv5/hard/libc.a(lib_a-svfprintf.o)
 .comment       0x000000000000004e       0x32 /usr/lib/gcc/arm-none-eabi/6.3.1/../../../arm-none-eabi/lib/thumb/v7e-m/fpv5/hard/libc.a(lib_a-__atexit.o)
 .comment       0x000000000000004e       0x32 /usr/lib/gcc/arm-none-eabi/6.3.1/../../../arm-none-eabi/lib/thumb/v7e-m/fpv5/hard/libc.a(lib_a-__call_atexit.o)
 .comment       0x000000000000004e       0x32 /usr/lib/gcc/arm-none-eabi/6.3.1/../../../arm-none-eabi/lib/thumb/v7e-m/fpv5/hard/libc.a(lib_a-dtoa.o)
 .comment       0x000000000000004e       0x32 /usr/lib/gcc/arm-none-eabi/6.3.1/../../../arm-none-eabi/lib/thumb/v7e-m/fpv5/hard/libc.a(lib_a-locale.o)
 .comment       0x000000000000004e       0x32 /usr/lib/gcc/arm-none-eabi/6.3.1/../../../arm-none-eabi/lib/thumb/v7e-m/fpv5/hard/libc.a(lib_a-mallocr.o)
 .comment       0x000000000000004e       0x32 /usr/lib/gcc/arm-none-eabi/6.3.1/../../../arm-none-eabi/lib/thumb/v7e-m/fpv5/hard/libc.a(lib_a-memcmp.o)
 .comment       0x000000000000004e       0x32 /usr/lib/gcc/arm-none-eabi/6.3.1/../../../arm-none-eabi/lib/thumb/v7e-m/fpv5/hard/libc.a(lib_a-mlock.o)
 .comment       0x000000000000004e       0x32 /usr/lib/gcc/arm-none-eabi/6.3.1/../../../arm-none-eabi/lib/thumb/v7e-m/fpv5/hard/libc.a(lib_a-mprec.o)
 .comment       0x000000000000004e       0x32 /usr/lib/gcc/arm-none-eabi/6.3.1/../../../arm-none-eabi/lib/thumb/v7e-m/fpv5/hard/libc.a(lib_a-sbrkr.o)
 .comment       0x000000000000004e       0x32 /usr/lib/gcc/arm-none-eabi/6.3.1/../../../arm-none-eabi/lib/thumb/v7e-m/fpv5/hard/libc.a(lib_a-strchr.o)
 .comment       0x000000000000004e       0x32 /usr/lib/gcc/arm-none-eabi/6.3.1/../../../arm-none-eabi/lib/thumb/v7e-m/fpv5/hard/libc.a(lib_a-svfiprintf.o)
 .comment       0x000000000000004e       0x32 /usr/lib/gcc/arm-none-eabi/6.3.1/../../../arm-none-eabi/lib/thumb/v7e-m/fpv5/hard/libc.a(lib_a-callocr.o)
 .comment       0x000000000000004e       0x32 /usr/lib/gcc/arm-none-eabi/6.3.1/../../../arm-none-eabi/lib/thumb/v7e-m/fpv5/hard/libc.a(lib_a-freer.o)
 .comment       0x000000000000004e       0x32 /usr/lib/gcc/arm-none-eabi/6.3.1/../../../arm-none-eabi/lib/thumb/v7e-m/fpv5/hard/libc.a(lib_a-memmove.o)
 .comment       0x000000000000004e       0x32 /usr/lib/gcc/arm-none-eabi/6.3.1/../../../arm-none-eabi/lib/thumb/v7e-m/fpv5/hard/libc.a(lib_a-reallocr.o)
 .comment       0x000000000000004e       0x32 /usr/lib/gcc/arm-none-eabi/6.3.1/../../../arm-none-eabi/lib/thumb/v7e-m/fpv5/hard/libc.a(lib_a-reent.o)
 .comment       0x000000000000004e       0x32 /usr/lib/gcc/arm-none-eabi/6.3.1/../../../arm-none-eabi/lib/thumb/v7e-m/fpv5/hard/libnosys.a(sbrk.o)
 .comment       0x000000000000004e       0x32 /usr/lib/gcc/arm-none-eabi/6.3.1/thumb/v7e-m/fpv5/hard/libgcc.a(_udivmoddi4.o)
 .comment       0x000000000000004e       0x32 /usr/lib/gcc/arm-none-eabi/6.3.1/thumb/v7e-m/fpv5/hard/crtend.o

.debug_info     0x0000000000000000    0x43392
 .debug_info    0x0000000000000000      0xc66 build/stm32f7xx_hal.o
 .debug_info    0x0000000000000c66     0x148a build/stm32f7xx_hal_can.o
 .debug_info    0x00000000000020f0     0x14fc build/stm32f7xx_hal_cortex.o
 .debug_info    0x00000000000035ec      0xc8b build/stm32f7xx_hal_dma.o
 .debug_info    0x0000000000004277      0x958 build/stm32f7xx_hal_gpio.o
 .debug_info    0x0000000000004bcf      0xbfd build/stm32f7xx_hal_pwr_ex.o
 .debug_info    0x00000000000057cc      0xd6c build/stm32f7xx_hal_rcc.o
 .debug_info    0x0000000000006538      0xa69 build/stm32f7xx_hal_rcc_ex.o
 .debug_info    0x0000000000006fa1     0x2835 build/stm32f7xx_hal_sd.o
 .debug_info    0x00000000000097d6     0x3b49 build/stm32f7xx_hal_tim.o
 .debug_info    0x000000000000d31f     0x1aa6 build/stm32f7xx_hal_tim_ex.o
 .debug_info    0x000000000000edc5     0x20dc build/stm32f7xx_hal_uart.o
 .debug_info    0x0000000000010ea1     0x1a3b build/stm32f7xx_ll_sdmmc.o
 .debug_info    0x00000000000128dc      0xf73 build/diskio.o
 .debug_info    0x000000000001384f     0x5152 build/ff.o
 .debug_info    0x00000000000189a1      0xec0 build/ff_gen_drv.o
 .debug_info    0x0000000000019861      0xe1b build/bsp_driver_sd.o
 .debug_info    0x000000000001a67c     0x216b build/can.o
 .debug_info    0x000000000001c7e7      0xfe6 build/fatfs.o
 .debug_info    0x000000000001d7cd      0x2d9 build/fatfs_platform.o
 .debug_info    0x000000000001daa6     0x256c build/global_variables.o
 .debug_info    0x0000000000020012     0x433f build/main.o
 .debug_info    0x0000000000024351     0x253b build/pedals.o
 .debug_info    0x000000000002688c     0x2bba build/sd.o
 .debug_info    0x0000000000029446     0x107a build/sd_diskio.o
 .debug_info    0x000000000002a4c0     0x2a96 build/state.o
 .debug_info    0x000000000002cf56     0x1dce build/stm32f7xx_hal_msp.o
 .debug_info    0x000000000002ed24     0x1590 build/stm32f7xx_it.o
 .debug_info    0x00000000000302b4      0x88c build/system_stm32f7xx.o
 .debug_info    0x0000000000030b40       0x22 build/startup_stm32f767xx.o
 .debug_info    0x0000000000030b62      0x907 /usr/lib/gcc/arm-none-eabi/6.3.1/../../../arm-none-eabi/lib/thumb/v7e-m/fpv5/hard/libc.a(lib_a-atexit.o)
 .debug_info    0x0000000000031469       0xfa /usr/lib/gcc/arm-none-eabi/6.3.1/../../../arm-none-eabi/lib/thumb/v7e-m/fpv5/hard/libc.a(lib_a-fini.o)
 .debug_info    0x0000000000031563      0x8a5 /usr/lib/gcc/arm-none-eabi/6.3.1/../../../arm-none-eabi/lib/thumb/v7e-m/fpv5/hard/libc.a(lib_a-impure.o)
 .debug_info    0x0000000000031e08      0x110 /usr/lib/gcc/arm-none-eabi/6.3.1/../../../arm-none-eabi/lib/thumb/v7e-m/fpv5/hard/libc.a(lib_a-init.o)
 .debug_info    0x0000000000031f18       0xd9 /usr/lib/gcc/arm-none-eabi/6.3.1/../../../arm-none-eabi/lib/thumb/v7e-m/fpv5/hard/libc.a(lib_a-memcpy.o)
 .debug_info    0x0000000000031ff1      0x91b /usr/lib/gcc/arm-none-eabi/6.3.1/../../../arm-none-eabi/lib/thumb/v7e-m/fpv5/hard/libc.a(lib_a-memset.o)
 .debug_info    0x000000000003290c      0xbd0 /usr/lib/gcc/arm-none-eabi/6.3.1/../../../arm-none-eabi/lib/thumb/v7e-m/fpv5/hard/libc.a(lib_a-sprintf.o)
 .debug_info    0x00000000000334dc       0xd8 /usr/lib/gcc/arm-none-eabi/6.3.1/../../../arm-none-eabi/lib/thumb/v7e-m/fpv5/hard/libc.a(lib_a-strcmp.o)
 .debug_info    0x00000000000335b4       0xd8 /usr/lib/gcc/arm-none-eabi/6.3.1/../../../arm-none-eabi/lib/thumb/v7e-m/fpv5/hard/libc.a(lib_a-strlen.o)
 .debug_info    0x000000000003368c      0xcac /usr/lib/gcc/arm-none-eabi/6.3.1/../../../arm-none-eabi/lib/thumb/v7e-m/fpv5/hard/libc.a(lib_a-strstr.o)
 .debug_info    0x0000000000034338     0x1855 /usr/lib/gcc/arm-none-eabi/6.3.1/../../../arm-none-eabi/lib/thumb/v7e-m/fpv5/hard/libc.a(lib_a-svfprintf.o)
 .debug_info    0x0000000000035b8d      0x950 /usr/lib/gcc/arm-none-eabi/6.3.1/../../../arm-none-eabi/lib/thumb/v7e-m/fpv5/hard/libc.a(lib_a-__atexit.o)
 .debug_info    0x00000000000364dd      0x9bc /usr/lib/gcc/arm-none-eabi/6.3.1/../../../arm-none-eabi/lib/thumb/v7e-m/fpv5/hard/libc.a(lib_a-__call_atexit.o)
 .debug_info    0x0000000000036e99     0x133a /usr/lib/gcc/arm-none-eabi/6.3.1/../../../arm-none-eabi/lib/thumb/v7e-m/fpv5/hard/libc.a(lib_a-dtoa.o)
 .debug_info    0x00000000000381d3      0xd35 /usr/lib/gcc/arm-none-eabi/6.3.1/../../../arm-none-eabi/lib/thumb/v7e-m/fpv5/hard/libc.a(lib_a-locale.o)
 .debug_info    0x0000000000038f08      0xdf1 /usr/lib/gcc/arm-none-eabi/6.3.1/../../../arm-none-eabi/lib/thumb/v7e-m/fpv5/hard/libc.a(lib_a-mallocr.o)
 .debug_info    0x0000000000039cf9       0xd2 /usr/lib/gcc/arm-none-eabi/6.3.1/../../../arm-none-eabi/lib/thumb/v7e-m/fpv5/hard/libc.a(lib_a-memchr.o)
 .debug_info    0x0000000000039dcb      0x919 /usr/lib/gcc/arm-none-eabi/6.3.1/../../../arm-none-eabi/lib/thumb/v7e-m/fpv5/hard/libc.a(lib_a-memcmp.o)
 .debug_info    0x000000000003a6e4      0x8d8 /usr/lib/gcc/arm-none-eabi/6.3.1/../../../arm-none-eabi/lib/thumb/v7e-m/fpv5/hard/libc.a(lib_a-mlock.o)
 .debug_info    0x000000000003afbc     0x174c /usr/lib/gcc/arm-none-eabi/6.3.1/../../../arm-none-eabi/lib/thumb/v7e-m/fpv5/hard/libc.a(lib_a-mprec.o)
 .debug_info    0x000000000003c708      0x95a /usr/lib/gcc/arm-none-eabi/6.3.1/../../../arm-none-eabi/lib/thumb/v7e-m/fpv5/hard/libc.a(lib_a-sbrkr.o)
 .debug_info    0x000000000003d062      0x911 /usr/lib/gcc/arm-none-eabi/6.3.1/../../../arm-none-eabi/lib/thumb/v7e-m/fpv5/hard/libc.a(lib_a-strchr.o)
 .debug_info    0x000000000003d973     0x12df /usr/lib/gcc/arm-none-eabi/6.3.1/../../../arm-none-eabi/lib/thumb/v7e-m/fpv5/hard/libc.a(lib_a-svfiprintf.o)
 .debug_info    0x000000000003ec52      0xb59 /usr/lib/gcc/arm-none-eabi/6.3.1/../../../arm-none-eabi/lib/thumb/v7e-m/fpv5/hard/libc.a(lib_a-callocr.o)
 .debug_info    0x000000000003f7ab      0xca9 /usr/lib/gcc/arm-none-eabi/6.3.1/../../../arm-none-eabi/lib/thumb/v7e-m/fpv5/hard/libc.a(lib_a-freer.o)
 .debug_info    0x0000000000040454      0x92a /usr/lib/gcc/arm-none-eabi/6.3.1/../../../arm-none-eabi/lib/thumb/v7e-m/fpv5/hard/libc.a(lib_a-memmove.o)
 .debug_info    0x0000000000040d7e      0xdac /usr/lib/gcc/arm-none-eabi/6.3.1/../../../arm-none-eabi/lib/thumb/v7e-m/fpv5/hard/libc.a(lib_a-reallocr.o)
 .debug_info    0x0000000000041b2a      0xa18 /usr/lib/gcc/arm-none-eabi/6.3.1/../../../arm-none-eabi/lib/thumb/v7e-m/fpv5/hard/libc.a(lib_a-reent.o)
 .debug_info    0x0000000000042542       0x90 /usr/lib/gcc/arm-none-eabi/6.3.1/../../../arm-none-eabi/lib/thumb/v7e-m/fpv5/hard/libnosys.a(sbrk.o)
 .debug_info    0x00000000000425d2       0xcc /usr/lib/gcc/arm-none-eabi/6.3.1/thumb/v7e-m/fpv5/hard/libgcc.a(_aeabi_uldivmod.o)