Archive member included to satisfy reference by file (symbol)

/usr/lib/gcc/arm-none-eabi/9.2.0/../../../../arm-none-eabi/lib/thumb/v7e-m+dp/hard/libc.a(lib_a-atexit.o)
                              /usr/lib/gcc/arm-none-eabi/9.2.0/../../../../arm-none-eabi/lib/thumb/v7e-m+dp/hard/crt0.o (atexit)
/usr/lib/gcc/arm-none-eabi/9.2.0/../../../../arm-none-eabi/lib/thumb/v7e-m+dp/hard/libc.a(lib_a-exit.o)
                              /usr/lib/gcc/arm-none-eabi/9.2.0/../../../../arm-none-eabi/lib/thumb/v7e-m+dp/hard/crt0.o (exit)
/usr/lib/gcc/arm-none-eabi/9.2.0/../../../../arm-none-eabi/lib/thumb/v7e-m+dp/hard/libc.a(lib_a-fini.o)
                              /usr/lib/gcc/arm-none-eabi/9.2.0/../../../../arm-none-eabi/lib/thumb/v7e-m+dp/hard/crt0.o (__libc_fini_array)
/usr/lib/gcc/arm-none-eabi/9.2.0/../../../../arm-none-eabi/lib/thumb/v7e-m+dp/hard/libc.a(lib_a-impure.o)
                              /usr/lib/gcc/arm-none-eabi/9.2.0/../../../../arm-none-eabi/lib/thumb/v7e-m+dp/hard/libc.a(lib_a-exit.o) (_global_impure_ptr)
/usr/lib/gcc/arm-none-eabi/9.2.0/../../../../arm-none-eabi/lib/thumb/v7e-m+dp/hard/libc.a(lib_a-init.o)
                              /usr/lib/gcc/arm-none-eabi/9.2.0/../../../../arm-none-eabi/lib/thumb/v7e-m+dp/hard/crt0.o (__libc_init_array)
/usr/lib/gcc/arm-none-eabi/9.2.0/../../../../arm-none-eabi/lib/thumb/v7e-m+dp/hard/libc.a(lib_a-memcpy.o)
                              build/main.o (memcpy)
/usr/lib/gcc/arm-none-eabi/9.2.0/../../../../arm-none-eabi/lib/thumb/v7e-m+dp/hard/libc.a(lib_a-memset.o)
                              /usr/lib/gcc/arm-none-eabi/9.2.0/../../../../arm-none-eabi/lib/thumb/v7e-m+dp/hard/crt0.o (memset)
/usr/lib/gcc/arm-none-eabi/9.2.0/../../../../arm-none-eabi/lib/thumb/v7e-m+dp/hard/libc.a(lib_a-sprintf.o)
                              build/main.o (sprintf)
/usr/lib/gcc/arm-none-eabi/9.2.0/../../../../arm-none-eabi/lib/thumb/v7e-m+dp/hard/libc.a(lib_a-strcmp.o)
                              build/main.o (strcmp)
/usr/lib/gcc/arm-none-eabi/9.2.0/../../../../arm-none-eabi/lib/thumb/v7e-m+dp/hard/libc.a(lib_a-strlen.o)
                              build/main.o (strlen)
/usr/lib/gcc/arm-none-eabi/9.2.0/../../../../arm-none-eabi/lib/thumb/v7e-m+dp/hard/libc.a(lib_a-strstr.o)
                              build/main.o (strstr)
/usr/lib/gcc/arm-none-eabi/9.2.0/../../../../arm-none-eabi/lib/thumb/v7e-m+dp/hard/libc.a(lib_a-svfprintf.o)
                              /usr/lib/gcc/arm-none-eabi/9.2.0/../../../../arm-none-eabi/lib/thumb/v7e-m+dp/hard/libc.a(lib_a-sprintf.o) (_svfprintf_r)
/usr/lib/gcc/arm-none-eabi/9.2.0/../../../../arm-none-eabi/lib/thumb/v7e-m+dp/hard/libc.a(lib_a-__atexit.o)
                              /usr/lib/gcc/arm-none-eabi/9.2.0/../../../../arm-none-eabi/lib/thumb/v7e-m+dp/hard/libc.a(lib_a-atexit.o) (__register_exitproc)
/usr/lib/gcc/arm-none-eabi/9.2.0/../../../../arm-none-eabi/lib/thumb/v7e-m+dp/hard/libc.a(lib_a-__call_atexit.o)
                              /usr/lib/gcc/arm-none-eabi/9.2.0/../../../../arm-none-eabi/lib/thumb/v7e-m+dp/hard/libc.a(lib_a-exit.o) (__call_exitprocs)
/usr/lib/gcc/arm-none-eabi/9.2.0/../../../../arm-none-eabi/lib/thumb/v7e-m+dp/hard/libc.a(lib_a-dtoa.o)
                              /usr/lib/gcc/arm-none-eabi/9.2.0/../../../../arm-none-eabi/lib/thumb/v7e-m+dp/hard/libc.a(lib_a-svfprintf.o) (_dtoa_r)
/usr/lib/gcc/arm-none-eabi/9.2.0/../../../../arm-none-eabi/lib/thumb/v7e-m+dp/hard/libc.a(lib_a-freer.o)
                              /usr/lib/gcc/arm-none-eabi/9.2.0/../../../../arm-none-eabi/lib/thumb/v7e-m+dp/hard/libc.a(lib_a-svfprintf.o) (_free_r)
/usr/lib/gcc/arm-none-eabi/9.2.0/../../../../arm-none-eabi/lib/thumb/v7e-m+dp/hard/libc.a(lib_a-localeconv.o)
                              /usr/lib/gcc/arm-none-eabi/9.2.0/../../../../arm-none-eabi/lib/thumb/v7e-m+dp/hard/libc.a(lib_a-svfprintf.o) (_localeconv_r)
/usr/lib/gcc/arm-none-eabi/9.2.0/../../../../arm-none-eabi/lib/thumb/v7e-m+dp/hard/libc.a(lib_a-locale.o)
                              /usr/lib/gcc/arm-none-eabi/9.2.0/../../../../arm-none-eabi/lib/thumb/v7e-m+dp/hard/libc.a(lib_a-localeconv.o) (__global_locale)
/usr/lib/gcc/arm-none-eabi/9.2.0/../../../../arm-none-eabi/lib/thumb/v7e-m+dp/hard/libc.a(lib_a-lock.o)
                              /usr/lib/gcc/arm-none-eabi/9.2.0/../../../../arm-none-eabi/lib/thumb/v7e-m+dp/hard/libc.a(lib_a-__atexit.o) (__retarget_lock_acquire_recursive)
/usr/lib/gcc/arm-none-eabi/9.2.0/../../../../arm-none-eabi/lib/thumb/v7e-m+dp/hard/libc.a(lib_a-mallocr.o)
                              /usr/lib/gcc/arm-none-eabi/9.2.0/../../../../arm-none-eabi/lib/thumb/v7e-m+dp/hard/libc.a(lib_a-svfprintf.o) (_malloc_r)
/usr/lib/gcc/arm-none-eabi/9.2.0/../../../../arm-none-eabi/lib/thumb/v7e-m+dp/hard/libc.a(lib_a-mbtowc_r.o)
                              /usr/lib/gcc/arm-none-eabi/9.2.0/../../../../arm-none-eabi/lib/thumb/v7e-m+dp/hard/libc.a(lib_a-locale.o) (__ascii_mbtowc)
[...]
Memory Configuration

Name             Origin             Length             Attributes
RAM              0x0000000020000000 0x0000000000080000 xrw
FLASH            0x0000000008000000 0x0000000000200000 xr
*default*        0x0000000000000000 0xffffffffffffffff

Linker script and memory map

LOAD /usr/lib/gcc/arm-none-eabi/9.2.0/thumb/v7e-m+dp/hard/crti.o
LOAD /usr/lib/gcc/arm-none-eabi/9.2.0/thumb/v7e-m+dp/hard/crtbegin.o
LOAD /usr/lib/gcc/arm-none-eabi/9.2.0/../../../../arm-none-eabi/lib/thumb/v7e-m+dp/hard/crt0.o
LOAD build/stm32f7xx_hal.o
LOAD build/stm32f7xx_hal_cortex.o
LOAD build/stm32f7xx_hal_dma.o
LOAD build/stm32f7xx_hal_dma_ex.o
LOAD build/stm32f7xx_hal_exti.o
LOAD build/stm32f7xx_hal_flash.o
LOAD build/stm32f7xx_hal_flash_ex.o
LOAD build/stm32f7xx_hal_gpio.o
LOAD build/stm32f7xx_hal_i2c.o
LOAD build/stm32f7xx_hal_i2c_ex.o
LOAD build/stm32f7xx_hal_pwr.o
LOAD build/stm32f7xx_hal_pwr_ex.o
LOAD build/stm32f7xx_hal_rcc.o
LOAD build/stm32f7xx_hal_rcc_ex.o
LOAD build/stm32f7xx_hal_sd.o
LOAD build/stm32f7xx_hal_tim.o
LOAD build/stm32f7xx_hal_tim_ex.o
LOAD build/stm32f7xx_hal_uart.o
LOAD build/stm32f7xx_hal_uart_ex.o
LOAD build/stm32f7xx_ll_sdmmc.o
LOAD build/diskio.o
LOAD build/ff.o
LOAD build/ff_gen_drv.o
LOAD build/syscall.o
LOAD build/bsp_driver_sd.o
LOAD build/fatfs.o
LOAD build/fatfs_platform.o
LOAD build/main.o
LOAD build/sd_diskio.o
LOAD build/stm32f7xx_hal_msp.o
LOAD build/stm32f7xx_it.o
LOAD build/system_stm32f7xx.o
LOAD build/startup_stm32f767xx.o
LOAD /usr/lib/gcc/arm-none-eabi/9.2.0/../../../../arm-none-eabi/lib/thumb/v7e-m+dp/hard/libc.a
LOAD /usr/lib/gcc/arm-none-eabi/9.2.0/../../../../arm-none-eabi/lib/thumb/v7e-m+dp/hard/libm.a
LOAD /usr/lib/gcc/arm-none-eabi/9.2.0/../../../../arm-none-eabi/lib/thumb/v7e-m+dp/hard/libnosys.a
START GROUP
LOAD /usr/lib/gcc/arm-none-eabi/9.2.0/thumb/v7e-m+dp/hard/libgcc.a
LOAD /usr/lib/gcc/arm-none-eabi/9.2.0/../../../../arm-none-eabi/lib/thumb/v7e-m+dp/hard/libc.a
END GROUP
START GROUP
LOAD /usr/lib/gcc/arm-none-eabi/9.2.0/thumb/v7e-m+dp/hard/libgcc.a
LOAD /usr/lib/gcc/arm-none-eabi/9.2.0/../../../../arm-none-eabi/lib/thumb/v7e-m+dp/hard/libc.a
LOAD /usr/lib/gcc/arm-none-eabi/9.2.0/../../../../arm-none-eabi/lib/thumb/v7e-m+dp/hard/libnosys.a
END GROUP
LOAD /usr/lib/gcc/arm-none-eabi/9.2.0/thumb/v7e-m+dp/hard/crtend.o
LOAD /usr/lib/gcc/arm-none-eabi/9.2.0/thumb/v7e-m+dp/hard/crtn.o
                0x0000000020080000                _estack = 0x20080000
                0x0000000000000200                _Min_Heap_Size = 0x200
                0x0000000000000400                _Min_Stack_Size = 0x400

.isr_vector     0x0000000008000000      0x1f8
                0x0000000008000000                . = ALIGN (0x4)
 *(.isr_vector)
 .isr_vector    0x0000000008000000      0x1f8 build/startup_stm32f767xx.o
                0x0000000008000000                g_pfnVectors
                0x00000000080001f8                . = ALIGN (0x4)

.text           0x0000000008000200     0x99b4
                0x0000000008000200                . = ALIGN (0x4)
 *(.text)
 .text          0x0000000008000200      0x134 /usr/lib/gcc/arm-none-eabi/9.2.0/../../../../arm-none-eabi/lib/thumb/v7e-m+dp/hard/libc.a(lib_a-memcpy.o)
                0x0000000008000200                memcpy
 *fill*         0x0000000008000334        0xc 
 .text          0x0000000008000340      0x2dc /usr/lib/gcc/arm-none-eabi/9.2.0/../../../../arm-none-eabi/lib/thumb/v7e-m+dp/hard/libc.a(lib_a-strcmp.o)
                0x0000000008000348                strcmp
 *fill*         0x000000000800061c       0x24 
 .text          0x0000000008000640       0xdc /usr/lib/gcc/arm-none-eabi/9.2.0/../../../../arm-none-eabi/lib/thumb/v7e-m+dp/hard/libc.a(lib_a-strlen.o)
                0x0000000008000640                strlen
 *fill*         0x000000000800071c        0x4 
 .text          0x0000000008000720       0xa0 /usr/lib/gcc/arm-none-eabi/9.2.0/../../../../arm-none-eabi/lib/thumb/v7e-m+dp/hard/libc.a(lib_a-memchr.o)
                0x0000000008000720                memchr
 .text          0x00000000080007c0       0x30 /usr/lib/gcc/arm-none-eabi/9.2.0/thumb/v7e-m+dp/hard/libgcc.a(_aeabi_uldivmod.o)
                0x00000000080007c0                __aeabi_uldivmod
 .text          0x00000000080007f0        0x4 /usr/lib/gcc/arm-none-eabi/9.2.0/thumb/v7e-m+dp/hard/libgcc.a(_dvmd_tls.o)
                0x00000000080007f0                __aeabi_ldiv0
                0x00000000080007f0                __aeabi_idiv0
 *(.text*)
 .text.__do_global_dtors_aux
                0x00000000080007f4       0x24 /usr/lib/gcc/arm-none-eabi/9.2.0/thumb/v7e-m+dp/hard/crtbegin.o
 .text.frame_dummy
                0x0000000008000818       0x1c /usr/lib/gcc/arm-none-eabi/9.2.0/thumb/v7e-m+dp/hard/crtbegin.o
 .text.HAL_InitTick
                0x0000000008000834       0x4c build/stm32f7xx_hal.o
                0x0000000008000834                HAL_InitTick
 .text.HAL_Init
                0x0000000008000880       0x16 build/stm32f7xx_hal.o
                0x0000000008000880                HAL_Init
 *fill*         0x0000000008000896        0x2 
 .text.HAL_IncTick
                0x0000000008000898       0x18 build/stm32f7xx_hal.o
                0x0000000008000898                HAL_IncTick
 .text.HAL_GetTick
                0x00000000080008b0        0xc build/stm32f7xx_hal.o
                0x00000000080008b0                HAL_GetTick
 .text.HAL_Delay
                0x00000000080008bc       0x28 build/stm32f7xx_hal.o
                0x00000000080008bc                HAL_Delay
 .text.HAL_NVIC_SetPriorityGrouping
                0x00000000080008e4       0x24 build/stm32f7xx_hal_cortex.o
                0x00000000080008e4                HAL_NVIC_SetPriorityGrouping
 .text.HAL_NVIC_SetPriority
                0x0000000008000908       0x64 build/stm32f7xx_hal_cortex.o
                0x0000000008000908                HAL_NVIC_SetPriority
 .text.HAL_NVIC_EnableIRQ
                0x000000000800096c       0x1c build/stm32f7xx_hal_cortex.o
                0x000000000800096c                HAL_NVIC_EnableIRQ
 .text.HAL_SYSTICK_Config
                0x0000000008000988       0x2c build/stm32f7xx_hal_cortex.o
                0x0000000008000988                HAL_SYSTICK_Config
 .text.HAL_DMA_Abort_IT
                0x00000000080009b4       0x26 build/stm32f7xx_hal_dma.o
                0x00000000080009b4                HAL_DMA_Abort_IT
 *fill*         0x00000000080009da        0x2 
 .text.HAL_GPIO_Init
                0x00000000080009dc      0x1e0 build/stm32f7xx_hal_gpio.o
                0x00000000080009dc                HAL_GPIO_Init
 .text.HAL_GPIO_ReadPin
                0x0000000008000bbc        0xe build/stm32f7xx_hal_gpio.o
                0x0000000008000bbc                HAL_GPIO_ReadPin
 *fill*         0x0000000008000bca        0x2 
 .text.HAL_PWREx_EnableOverDrive
                0x0000000008000bcc       0x7c build/stm32f7xx_hal_pwr_ex.o
                0x0000000008000bcc                HAL_PWREx_EnableOverDrive
 .text.HAL_RCC_OscConfig
                0x0000000008000c48      0x3d4 build/stm32f7xx_hal_rcc.o
                0x0000000008000c48                HAL_RCC_OscConfig
 .text.HAL_RCC_GetSysClockFreq
                0x000000000800101c       0xa0 build/stm32f7xx_hal_rcc.o
                0x000000000800101c                HAL_RCC_GetSysClockFreq
 .text.HAL_RCC_ClockConfig
                0x00000000080010bc      0x164 build/stm32f7xx_hal_rcc.o
                0x00000000080010bc                HAL_RCC_ClockConfig
 .text.HAL_RCC_GetHCLKFreq
                0x0000000008001220        0xc build/stm32f7xx_hal_rcc.o
                0x0000000008001220                HAL_RCC_GetHCLKFreq
 .text.HAL_RCC_GetPCLK1Freq
                0x000000000800122c       0x20 build/stm32f7xx_hal_rcc.o
                0x000000000800122c                HAL_RCC_GetPCLK1Freq
 .text.HAL_RCC_GetPCLK2Freq
                0x000000000800124c       0x20 build/stm32f7xx_hal_rcc.o
                0x000000000800124c                HAL_RCC_GetPCLK2Freq
 .text.HAL_RCCEx_PeriphCLKConfig
                0x000000000800126c      0x604 build/stm32f7xx_hal_rcc_ex.o
                0x000000000800126c                HAL_RCCEx_PeriphCLKConfig
 .text.SD_PowerON
                0x0000000008001870       0xd4 build/stm32f7xx_hal_sd.o
 .text.SD_Read_IT
                0x0000000008001944       0x24 build/stm32f7xx_hal_sd.o
 .text.SD_Write_IT
                0x0000000008001968       0x24 build/stm32f7xx_hal_sd.o
 .text.SD_SendStatus
                0x000000000800198c       0x2c build/stm32f7xx_hal_sd.o
 .text.HAL_SD_ReadBlocks
                0x00000000080019b8      0x21a build/stm32f7xx_hal_sd.o
                0x00000000080019b8                HAL_SD_ReadBlocks
 .text.HAL_SD_WriteBlocks
                0x0000000008001bd2      0x1ea build/stm32f7xx_hal_sd.o
                0x0000000008001bd2                HAL_SD_WriteBlocks
 .text.HAL_SD_ErrorCallback
                0x0000000008001dbc        0x2 build/stm32f7xx_hal_sd.o
                0x0000000008001dbc                HAL_SD_ErrorCallback
 .text.HAL_SD_GetCardCSD
                0x0000000008001dbe      0x1e2 build/stm32f7xx_hal_sd.o
                0x0000000008001dbe                HAL_SD_GetCardCSD
 .text.SD_InitCard
                0x0000000008001fa0       0xf6 build/stm32f7xx_hal_sd.o
 .text.HAL_SD_InitCard
                0x0000000008002096       0x80 build/stm32f7xx_hal_sd.o
                0x0000000008002096                HAL_SD_InitCard
 .text.HAL_SD_Init
                0x0000000008002116       0x32 build/stm32f7xx_hal_sd.o
                0x0000000008002116                HAL_SD_Init
 .text.HAL_SD_GetCardInfo
                0x0000000008002148       0x24 build/stm32f7xx_hal_sd.o
                0x0000000008002148                HAL_SD_GetCardInfo
 .text.HAL_SD_GetCardState
                0x000000000800216c       0x22 build/stm32f7xx_hal_sd.o
                0x000000000800216c                HAL_SD_GetCardState
 .text.SD_DMATxAbort
                0x000000000800218e       0x4a build/stm32f7xx_hal_sd.o
 .text.SD_DMARxAbort
                0x00000000080021d8       0x4a build/stm32f7xx_hal_sd.o
 *fill*         0x0000000008002222        0x2 
 .text.HAL_SD_IRQHandler
                0x0000000008002224      0x1c0 build/stm32f7xx_hal_sd.o
                0x0000000008002224                HAL_SD_IRQHandler
 .text.UART_EndRxTransfer
                0x00000000080023e4       0x1e build/stm32f7xx_hal_uart.o
 *fill*         0x0000000008002402        0x2 
 .text.HAL_UART_Receive_IT
                0x0000000008002404       0xd8 build/stm32f7xx_hal_uart.o
                0x0000000008002404                HAL_UART_Receive_IT
 .text.HAL_UART_TxCpltCallback
                0x00000000080024dc        0x2 build/stm32f7xx_hal_uart.o
                0x00000000080024dc                HAL_UART_TxCpltCallback
 .text.UART_EndTransmit_IT
                0x00000000080024de       0x1a build/stm32f7xx_hal_uart.o
 .text.UART_RxISR_8BIT
                0x00000000080024f8       0x62 build/stm32f7xx_hal_uart.o
 .text.UART_RxISR_16BIT
                0x000000000800255a       0x60 build/stm32f7xx_hal_uart.o
 .text.HAL_UART_ErrorCallback
                0x00000000080025ba        0x2 build/stm32f7xx_hal_uart.o
                0x00000000080025ba                HAL_UART_ErrorCallback
 .text.HAL_UART_IRQHandler
                0x00000000080025bc      0x140 build/stm32f7xx_hal_uart.o
                0x00000000080025bc                HAL_UART_IRQHandler
 .text.UART_DMAAbortOnError
                0x00000000080026fc       0x14 build/stm32f7xx_hal_uart.o
 .text.UART_SetConfig
                0x0000000008002710      0x3a0 build/stm32f7xx_hal_uart.o
                0x0000000008002710                UART_SetConfig
 .text.UART_AdvFeatureConfig
                0x0000000008002ab0       0xca build/stm32f7xx_hal_uart.o
                0x0000000008002ab0                UART_AdvFeatureConfig
 .text.UART_WaitOnFlagUntilTimeout
                0x0000000008002b7a       0x64 build/stm32f7xx_hal_uart.o
                0x0000000008002b7a                UART_WaitOnFlagUntilTimeout
 .text.HAL_UART_Transmit
                0x0000000008002bde       0xd8 build/stm32f7xx_hal_uart.o
                0x0000000008002bde                HAL_UART_Transmit
 .text.UART_CheckIdleState
                0x0000000008002cb6       0x44 build/stm32f7xx_hal_uart.o
                0x0000000008002cb6                UART_CheckIdleState
 .text.HAL_UART_Init
                0x0000000008002cfa       0x62 build/stm32f7xx_hal_uart.o
                0x0000000008002cfa                HAL_UART_Init
 .text.SDMMC_GetCmdError
                0x0000000008002d5c       0x3c build/stm32f7xx_ll_sdmmc.o
 .text.SDMMC_GetCmdResp2
                0x0000000008002d98       0x58 build/stm32f7xx_ll_sdmmc.o
 .text.SDMMC_GetCmdResp3
                0x0000000008002df0       0x48 build/stm32f7xx_ll_sdmmc.o
 .text.SDMMC_GetCmdResp7
                0x0000000008002e38       0x54 build/stm32f7xx_ll_sdmmc.o
 .text.SDMMC_Init
                0x0000000008002e8c       0x38 build/stm32f7xx_ll_sdmmc.o
                0x0000000008002e8c                SDMMC_Init
 .text.SDMMC_ReadFIFO
                0x0000000008002ec4        0x6 build/stm32f7xx_ll_sdmmc.o
                0x0000000008002ec4                SDMMC_ReadFIFO
 .text.SDMMC_WriteFIFO
                0x0000000008002eca        0xa build/stm32f7xx_ll_sdmmc.o
                0x0000000008002eca                SDMMC_WriteFIFO
 .text.SDMMC_PowerState_ON
                0x0000000008002ed4        0x8 build/stm32f7xx_ll_sdmmc.o
                0x0000000008002ed4                SDMMC_PowerState_ON
 .text.SDMMC_GetPowerState
                0x0000000008002edc        0x8 build/stm32f7xx_ll_sdmmc.o
                0x0000000008002edc                SDMMC_GetPowerState
 .text.SDMMC_SendCommand
                0x0000000008002ee4       0x24 build/stm32f7xx_ll_sdmmc.o
                0x0000000008002ee4                SDMMC_SendCommand
 .text.SDMMC_GetCommandResponse
                0x0000000008002f08        0x6 build/stm32f7xx_ll_sdmmc.o
                0x0000000008002f08                SDMMC_GetCommandResponse
 .text.SDMMC_GetResponse
                0x0000000008002f0e       0x14 build/stm32f7xx_ll_sdmmc.o
                0x0000000008002f0e                SDMMC_GetResponse
 *fill*         0x0000000008002f22        0x2 
 .text.SDMMC_GetCmdResp1
                0x0000000008002f24      0x150 build/stm32f7xx_ll_sdmmc.o
 .text.SDMMC_GetCmdResp6
                0x0000000008003074       0x9c build/stm32f7xx_ll_sdmmc.o
 .text.SDMMC_ConfigData
                0x0000000008003110       0x24 build/stm32f7xx_ll_sdmmc.o
                0x0000000008003110                SDMMC_ConfigData
 .text.SDMMC_CmdBlockLength
                0x0000000008003134       0x30 build/stm32f7xx_ll_sdmmc.o
                0x0000000008003134                SDMMC_CmdBlockLength
 .text.SDMMC_CmdReadSingleBlock
                0x0000000008003164       0x30 build/stm32f7xx_ll_sdmmc.o
                0x0000000008003164                SDMMC_CmdReadSingleBlock
 .text.SDMMC_CmdReadMultiBlock
                0x0000000008003194       0x30 build/stm32f7xx_ll_sdmmc.o
                0x0000000008003194                SDMMC_CmdReadMultiBlock
 .text.SDMMC_CmdWriteSingleBlock
                0x00000000080031c4       0x30 build/stm32f7xx_ll_sdmmc.o
                0x00000000080031c4                SDMMC_CmdWriteSingleBlock
 .text.SDMMC_CmdWriteMultiBlock
                0x00000000080031f4       0x30 build/stm32f7xx_ll_sdmmc.o
                0x00000000080031f4                SDMMC_CmdWriteMultiBlock
 .text.SDMMC_CmdStopTransfer
                0x0000000008003224       0x34 build/stm32f7xx_ll_sdmmc.o
                0x0000000008003224                SDMMC_CmdStopTransfer
 .text.SDMMC_CmdSelDesel
                0x0000000008003258       0x30 build/stm32f7xx_ll_sdmmc.o
                0x0000000008003258                SDMMC_CmdSelDesel
 .text.SDMMC_CmdGoIdleState
                0x0000000008003288       0x26 build/stm32f7xx_ll_sdmmc.o
                0x0000000008003288                SDMMC_CmdGoIdleState
 .text.SDMMC_CmdOperCond
                0x00000000080032ae       0x2e build/stm32f7xx_ll_sdmmc.o
                0x00000000080032ae                SDMMC_CmdOperCond
 .text.SDMMC_CmdAppCommand
                0x00000000080032dc       0x30 build/stm32f7xx_ll_sdmmc.o
                0x00000000080032dc                SDMMC_CmdAppCommand
 .text.SDMMC_CmdAppOperCommand
                0x000000000800330c       0x34 build/stm32f7xx_ll_sdmmc.o
                0x000000000800330c                SDMMC_CmdAppOperCommand
 .text.SDMMC_CmdSendCID
                0x0000000008003340       0x2a build/stm32f7xx_ll_sdmmc.o
                0x0000000008003340                SDMMC_CmdSendCID
 .text.SDMMC_CmdSendCSD
                0x000000000800336a       0x2a build/stm32f7xx_ll_sdmmc.o
                0x000000000800336a                SDMMC_CmdSendCSD
 .text.SDMMC_CmdSetRelAdd
                0x0000000008003394       0x30 build/stm32f7xx_ll_sdmmc.o
                0x0000000008003394                SDMMC_CmdSetRelAdd
 .text.SDMMC_CmdSendStatus
                0x00000000080033c4       0x30 build/stm32f7xx_ll_sdmmc.o
                0x00000000080033c4                SDMMC_CmdSendStatus
 .text.disk_status
                0x00000000080033f4       0x18 build/diskio.o
                0x00000000080033f4                disk_status
 .text.disk_initialize
                0x000000000800340c       0x28 build/diskio.o
                0x000000000800340c                disk_initialize
 .text.disk_read
                0x0000000008003434       0x18 build/diskio.o
                0x0000000008003434                disk_read
 .text.disk_write
                0x000000000800344c       0x18 build/diskio.o
                0x000000000800344c                disk_write
 .text.disk_ioctl
                0x0000000008003464       0x18 build/diskio.o
                0x0000000008003464                disk_ioctl
 .text.ld_word  0x000000000800347c        0xa build/ff.o
 .text.ld_dword
                0x0000000008003486       0x16 build/ff.o
 .text.st_word  0x000000000800349c        0x8 build/ff.o
 .text.st_dword
                0x00000000080034a4       0x14 build/ff.o
 .text.mem_cpy  0x00000000080034b8       0x18 build/ff.o
 .text.mem_set  0x00000000080034d0        0xa build/ff.o
 .text.mem_cmp  0x00000000080034da       0x1c build/ff.o
 .text.chk_chr  0x00000000080034f6       0x10 build/ff.o
 *fill*         0x0000000008003506        0x2 
 .text.chk_lock
                0x0000000008003508       0x78 build/ff.o
 .text.enq_lock
                0x0000000008003580       0x20 build/ff.o
 .text.inc_lock
                0x00000000080035a0       0xa4 build/ff.o
 .text.dec_lock
                0x0000000008003644       0x40 build/ff.o
 .text.clear_lock
                0x0000000008003684       0x3c build/ff.o
 .text.clust2sect
                0x00000000080036c0       0x18 build/ff.o
 .text.clmt_clust
                0x00000000080036d8       0x22 build/ff.o
 .text.ld_clust
                0x00000000080036fa       0x26 build/ff.o
 .text.st_clust
                0x0000000008003720       0x26 build/ff.o
 *fill*         0x0000000008003746        0x2 
 .text.create_name
                0x0000000008003748       0xd4 build/ff.o
 .text.get_ldnumber
                0x000000000800381c       0x48 build/ff.o
 .text.validate
                0x0000000008003864       0x46 build/ff.o
 .text.sync_window
                0x00000000080038aa       0x52 build/ff.o
 .text.move_window
                0x00000000080038fc       0x36 build/ff.o
 *fill*         0x0000000008003932        0x2 
 .text.check_fs
                0x0000000008003934       0x78 build/ff.o
 .text.find_volume
                0x00000000080039ac      0x300 build/ff.o
 .text.put_fat  0x0000000008003cac      0x10e build/ff.o
 .text.get_fat  0x0000000008003dba       0xd0 build/ff.o
 .text.dir_sdi  0x0000000008003e8a       0xac build/ff.o
 .text.create_chain
                0x0000000008003f36       0xd6 build/ff.o
 .text.remove_chain
                0x000000000800400c       0x7e build/ff.o
 .text.dir_next
                0x000000000800408a      0x108 build/ff.o
 .text.dir_find
                0x0000000008004192       0x5a build/ff.o
 .text.follow_path
                0x00000000080041ec       0x8e build/ff.o
 .text.dir_alloc
                0x000000000800427a       0x4e build/ff.o
 .text.dir_register
                0x00000000080042c8       0x3e build/ff.o
 *fill*         0x0000000008004306        0x2 
 .text.sync_fs  0x0000000008004308       0x8c build/ff.o
 .text.f_mount  0x0000000008004394       0x60 build/ff.o
                0x0000000008004394                f_mount
 .text.f_open   0x00000000080043f4      0x230 build/ff.o
                0x00000000080043f4                f_open
 .text.f_read   0x0000000008004624      0x1c4 build/ff.o
                0x0000000008004624                f_read
 .text.f_write  0x00000000080047e8      0x200 build/ff.o
                0x00000000080047e8                f_write
 .text.f_sync   0x00000000080049e8       0x98 build/ff.o
                0x00000000080049e8                f_sync
 .text.f_close  0x0000000008004a80       0x2a build/ff.o
                0x0000000008004a80                f_close
 *fill*         0x0000000008004aaa        0x2 
 .text.FATFS_LinkDriverEx
                0x0000000008004aac       0x48 build/ff_gen_drv.o
                0x0000000008004aac                FATFS_LinkDriverEx
 .text.FATFS_LinkDriver
                0x0000000008004af4        0xa build/ff_gen_drv.o
                0x0000000008004af4                FATFS_LinkDriver
 *fill*         0x0000000008004afe        0x2 
 .text.BSP_SD_ReadBlocks
                0x0000000008004b00       0x20 build/bsp_driver_sd.o
                0x0000000008004b00                BSP_SD_ReadBlocks
 .text.BSP_SD_WriteBlocks
                0x0000000008004b20       0x20 build/bsp_driver_sd.o
                0x0000000008004b20                BSP_SD_WriteBlocks
 .text.BSP_SD_GetCardState
                0x0000000008004b40       0x14 build/bsp_driver_sd.o
                0x0000000008004b40                BSP_SD_GetCardState
 .text.BSP_SD_GetCardInfo
                0x0000000008004b54       0x10 build/bsp_driver_sd.o
                0x0000000008004b54                BSP_SD_GetCardInfo
 .text.BSP_SD_AbortCallback
                0x0000000008004b64        0x2 build/bsp_driver_sd.o
                0x0000000008004b64                BSP_SD_AbortCallback
 .text.HAL_SD_AbortCallback
                0x0000000008004b66        0x8 build/bsp_driver_sd.o
                0x0000000008004b66                HAL_SD_AbortCallback
 .text.BSP_SD_WriteCpltCallback
                0x0000000008004b6e        0x2 build/bsp_driver_sd.o
                0x0000000008004b6e                BSP_SD_WriteCpltCallback
 .text.HAL_SD_TxCpltCallback
                0x0000000008004b70        0x8 build/bsp_driver_sd.o
                0x0000000008004b70                HAL_SD_TxCpltCallback
 .text.BSP_SD_ReadCpltCallback
                0x0000000008004b78        0x2 build/bsp_driver_sd.o
                0x0000000008004b78                BSP_SD_ReadCpltCallback
 .text.HAL_SD_RxCpltCallback
                0x0000000008004b7a        0x8 build/bsp_driver_sd.o
                0x0000000008004b7a                HAL_SD_RxCpltCallback
 .text.BSP_SD_IsDetected
                0x0000000008004b82       0x20 build/bsp_driver_sd.o
                0x0000000008004b82                BSP_SD_IsDetected
 *fill*         0x0000000008004ba2        0x2 
 .text.BSP_SD_Init
                0x0000000008004ba4       0x1c build/bsp_driver_sd.o
                0x0000000008004ba4                BSP_SD_Init
 .text.MX_FATFS_Init
                0x0000000008004bc0       0x1c build/fatfs.o
                0x0000000008004bc0                MX_FATFS_Init
 .text.get_fattime
                0x0000000008004bdc        0x4 build/fatfs.o
                0x0000000008004bdc                get_fattime
 .text.BSP_PlatformIsDetected
                0x0000000008004be0       0x18 build/fatfs_platform.o
                0x0000000008004be0                BSP_PlatformIsDetected
 .text.MX_SDMMC1_SD_Init
                0x0000000008004bf8       0x20 build/main.o
 .text.MX_GPIO_Init
                0x0000000008004c18       0x60 build/main.o
 .text.MX_USART3_UART_Init
                0x0000000008004c78       0x34 build/main.o
 .text.MX_NVIC_Init
                0x0000000008004cac       0x24 build/main.o
 .text.SystemClock_Config
                0x0000000008004cd0       0xb0 build/main.o
                0x0000000008004cd0                SystemClock_Config
 .text.init_sd  0x0000000008004d80      0x2d0 build/main.o
                0x0000000008004d80                init_sd
 .text.HAL_UART_RxCpltCallback
                0x0000000008005050       0x70 build/main.o
                0x0000000008005050                HAL_UART_RxCpltCallback
 .text.debug_operations
                0x00000000080050c0       0x98 build/main.o
                0x00000000080050c0                debug_operations
 .text.main     0x0000000008005158       0xa0 build/main.o
                0x0000000008005158                main
 .text.SD_CheckStatus
                0x00000000080051f8       0x24 build/sd_diskio.o
 .text.SD_initialize
                0x000000000800521c       0x28 build/sd_diskio.o
                0x000000000800521c                SD_initialize
 .text.SD_status
                0x0000000008005244        0x8 build/sd_diskio.o
                0x0000000008005244                SD_status
 .text.SD_read  0x000000000800524c       0x24 build/sd_diskio.o
                0x000000000800524c                SD_read
 .text.SD_write
                0x0000000008005270       0x24 build/sd_diskio.o
                0x0000000008005270                SD_write
 .text.SD_ioctl
                0x0000000008005294       0x58 build/sd_diskio.o
                0x0000000008005294                SD_ioctl
 .text.HAL_MspInit
                0x00000000080052ec       0x30 build/stm32f7xx_hal_msp.o
                0x00000000080052ec                HAL_MspInit
 .text.HAL_SD_MspInit
                0x000000000800531c       0x98 build/stm32f7xx_hal_msp.o
                0x000000000800531c                HAL_SD_MspInit
 .text.HAL_UART_MspInit
                0x00000000080053b4       0x6c build/stm32f7xx_hal_msp.o
                0x00000000080053b4                HAL_UART_MspInit
 .text.NMI_Handler
                0x0000000008005420        0x2 build/stm32f7xx_it.o
                0x0000000008005420                NMI_Handler
 .text.HardFault_Handler
                0x0000000008005422        0x2 build/stm32f7xx_it.o
                0x0000000008005422                HardFault_Handler
 .text.MemManage_Handler
                0x0000000008005424        0x2 build/stm32f7xx_it.o
                0x0000000008005424                MemManage_Handler
 .text.BusFault_Handler
                0x0000000008005426        0x2 build/stm32f7xx_it.o
                0x0000000008005426                BusFault_Handler
 .text.UsageFault_Handler
                0x0000000008005428        0x2 build/stm32f7xx_it.o
                0x0000000008005428                UsageFault_Handler
 .text.SVC_Handler
                0x000000000800542a        0x2 build/stm32f7xx_it.o
                0x000000000800542a                SVC_Handler
 .text.DebugMon_Handler
                0x000000000800542c        0x2 build/stm32f7xx_it.o
                0x000000000800542c                DebugMon_Handler
 .text.PendSV_Handler
                0x000000000800542e        0x2 build/stm32f7xx_it.o
                0x000000000800542e                PendSV_Handler
 .text.SysTick_Handler
                0x0000000008005430        0x8 build/stm32f7xx_it.o
                0x0000000008005430                SysTick_Handler
 .text.USART3_IRQHandler
                0x0000000008005438       0x10 build/stm32f7xx_it.o
                0x0000000008005438                USART3_IRQHandler
 .text.SDMMC1_IRQHandler
                0x0000000008005448       0x10 build/stm32f7xx_it.o
                0x0000000008005448                SDMMC1_IRQHandler
 .text.SystemInit
                0x0000000008005458       0x50 build/system_stm32f7xx.o
                0x0000000008005458                SystemInit
 .text.Reset_Handler
                0x00000000080054a8       0x50 build/startup_stm32f767xx.o
                0x00000000080054a8                Reset_Handler
 .text.Default_Handler
                0x00000000080054f8        0x2 build/startup_stm32f767xx.o
                0x00000000080054f8                RTC_Alarm_IRQHandler
                0x00000000080054f8                EXTI2_IRQHandler
                0x00000000080054f8                TIM8_CC_IRQHandler
                0x00000000080054f8                UART8_IRQHandler
                0x00000000080054f8                SPI4_IRQHandler
                0x00000000080054f8                TIM1_CC_IRQHandler
                0x00000000080054f8                DMA2_Stream5_IRQHandler
                0x00000000080054f8                JPEG_IRQHandler
                0x00000000080054f8                DMA1_Stream5_IRQHandler
                0x00000000080054f8                CAN3_RX1_IRQHandler
                0x00000000080054f8                PVD_IRQHandler
                0x00000000080054f8                TAMP_STAMP_IRQHandler
                0x00000000080054f8                CAN2_RX1_IRQHandler
                0x00000000080054f8                EXTI3_IRQHandler
                0x00000000080054f8                TIM8_TRG_COM_TIM14_IRQHandler
                0x00000000080054f8                DFSDM1_FLT1_IRQHandler
                0x00000000080054f8                TIM1_UP_TIM10_IRQHandler
                0x00000000080054f8                TIM8_UP_TIM13_IRQHandler
                0x00000000080054f8                I2C3_ER_IRQHandler
                0x00000000080054f8                DFSDM1_FLT2_IRQHandler
                0x00000000080054f8                EXTI0_IRQHandler
                0x00000000080054f8                I2C2_EV_IRQHandler
                0x00000000080054f8                DMA1_Stream2_IRQHandler
                0x00000000080054f8                CAN1_RX0_IRQHandler
                0x00000000080054f8                FPU_IRQHandler
                0x00000000080054f8                OTG_HS_WKUP_IRQHandler
                0x00000000080054f8                CAN3_SCE_IRQHandler
                0x00000000080054f8                LTDC_ER_IRQHandler
                0x00000000080054f8                CAN2_SCE_IRQHandler
                0x00000000080054f8                DMA2_Stream2_IRQHandler
                0x00000000080054f8                SPI1_IRQHandler
                0x00000000080054f8                TIM6_DAC_IRQHandler
                0x00000000080054f8                TIM1_BRK_TIM9_IRQHandler
                0x00000000080054f8                DCMI_IRQHandler
                0x00000000080054f8                CAN2_RX0_IRQHandler
                0x00000000080054f8                DMA2_Stream3_IRQHandler
                0x00000000080054f8                SAI2_IRQHandler
                0x00000000080054f8                DFSDM1_FLT3_IRQHandler
                0x00000000080054f8                USART6_IRQHandler
                0x00000000080054f8                CAN3_RX0_IRQHandler
                0x00000000080054f8                CAN1_RX1_IRQHandler
                0x00000000080054f8                UART5_IRQHandler
                0x00000000080054f8                DMA2_Stream0_IRQHandler
                0x00000000080054f8                TIM4_IRQHandler
                0x00000000080054f8                QUADSPI_IRQHandler
                0x00000000080054f8                I2C1_EV_IRQHandler
                0x00000000080054f8                DMA1_Stream6_IRQHandler
                0x00000000080054f8                DMA1_Stream1_IRQHandler
                0x00000000080054f8                UART4_IRQHandler
                0x00000000080054f8                TIM3_IRQHandler
                0x00000000080054f8                RCC_IRQHandler
                0x00000000080054f8                TIM8_BRK_TIM12_IRQHandler
                0x00000000080054f8                Default_Handler
                0x00000000080054f8                CEC_IRQHandler
                0x00000000080054f8                EXTI15_10_IRQHandler
                0x00000000080054f8                ADC_IRQHandler
                0x00000000080054f8                DMA1_Stream7_IRQHandler
                0x00000000080054f8                SPI5_IRQHandler
                0x00000000080054f8                TIM7_IRQHandler
                0x00000000080054f8                CAN2_TX_IRQHandler
                0x00000000080054f8                TIM5_IRQHandler
                0x00000000080054f8                DMA2_Stream7_IRQHandler
                0x00000000080054f8                I2C3_EV_IRQHandler
                0x00000000080054f8                EXTI9_5_IRQHandler
                0x00000000080054f8                RTC_WKUP_IRQHandler
                0x00000000080054f8                LTDC_IRQHandler
                0x00000000080054f8                ETH_WKUP_IRQHandler
                0x00000000080054f8                SPDIF_RX_IRQHandler
                0x00000000080054f8                SPI2_IRQHandler
                0x00000000080054f8                OTG_HS_EP1_IN_IRQHandler
                0x00000000080054f8                DMA1_Stream0_IRQHandler
                0x00000000080054f8                CAN1_TX_IRQHandler
                0x00000000080054f8                EXTI4_IRQHandler
                0x00000000080054f8                RNG_IRQHandler
                0x00000000080054f8                ETH_IRQHandler
                0x00000000080054f8                OTG_HS_EP1_OUT_IRQHandler
                0x00000000080054f8                WWDG_IRQHandler
                0x00000000080054f8                SPI6_IRQHandler
                0x00000000080054f8                MDIOS_IRQHandler
                0x00000000080054f8                I2C4_EV_IRQHandler
                0x00000000080054f8                CAN3_TX_IRQHandler
                0x00000000080054f8                TIM2_IRQHandler
                0x00000000080054f8                OTG_FS_WKUP_IRQHandler
                0x00000000080054f8                TIM1_TRG_COM_TIM11_IRQHandler
                0x00000000080054f8                OTG_HS_IRQHandler
                0x00000000080054f8                DMA2D_IRQHandler
                0x00000000080054f8                EXTI1_IRQHandler
                0x00000000080054f8                SDMMC2_IRQHandler
                0x00000000080054f8                UART7_IRQHandler
                0x00000000080054f8                USART2_IRQHandler
                0x00000000080054f8                DFSDM1_FLT0_IRQHandler
                0x00000000080054f8                I2C2_ER_IRQHandler
                0x00000000080054f8                DMA2_Stream1_IRQHandler
                0x00000000080054f8                CAN1_SCE_IRQHandler
                0x00000000080054f8                FLASH_IRQHandler
                0x00000000080054f8                DMA2_Stream4_IRQHandler
                0x00000000080054f8                USART1_IRQHandler
                0x00000000080054f8                OTG_FS_IRQHandler
                0x00000000080054f8                SPI3_IRQHandler
                0x00000000080054f8                DMA1_Stream4_IRQHandler
                0x00000000080054f8                I2C1_ER_IRQHandler
                0x00000000080054f8                FMC_IRQHandler
                0x00000000080054f8                LPTIM1_IRQHandler
                0x00000000080054f8                I2C4_ER_IRQHandler
                0x00000000080054f8                DMA2_Stream6_IRQHandler
                0x00000000080054f8                SAI1_IRQHandler
                0x00000000080054f8                DMA1_Stream3_IRQHandler
 *fill*         0x00000000080054fa        0x2 
 .text.atexit   0x00000000080054fc        0xc /usr/lib/gcc/arm-none-eabi/9.2.0/../../../../arm-none-eabi/lib/thumb/v7e-m+dp/hard/libc.a(lib_a-atexit.o)
                0x00000000080054fc                atexit
 .text.__libc_fini_array
                0x0000000008005508       0x2c /usr/lib/gcc/arm-none-eabi/9.2.0/../../../../arm-none-eabi/lib/thumb/v7e-m+dp/hard/libc.a(lib_a-fini.o)
                0x0000000008005508                __libc_fini_array
 .text.__libc_init_array
                0x0000000008005534       0x48 /usr/lib/gcc/arm-none-eabi/9.2.0/../../../../arm-none-eabi/lib/thumb/v7e-m+dp/hard/libc.a(lib_a-init.o)
                0x0000000008005534                __libc_init_array
 .text.memset   0x000000000800557c       0xa0 /usr/lib/gcc/arm-none-eabi/9.2.0/../../../../arm-none-eabi/lib/thumb/v7e-m+dp/hard/libc.a(lib_a-memset.o)
                0x000000000800557c                memset
 .text.sprintf  0x000000000800561c       0x44 /usr/lib/gcc/arm-none-eabi/9.2.0/../../../../arm-none-eabi/lib/thumb/v7e-m+dp/hard/libc.a(lib_a-sprintf.o)
                0x000000000800561c                sprintf
 .text.two_way_long_needle
                0x0000000008005660      0x2b0 /usr/lib/gcc/arm-none-eabi/9.2.0/../../../../arm-none-eabi/lib/thumb/v7e-m+dp/hard/libc.a(lib_a-strstr.o)
 .text.strstr   0x0000000008005910      0x164 /usr/lib/gcc/arm-none-eabi/9.2.0/../../../../arm-none-eabi/lib/thumb/v7e-m+dp/hard/libc.a(lib_a-strstr.o)
                0x0000000008005910                strstr
 *fill*         0x0000000008005a74        0x4 
 .text._svfprintf_r
                0x0000000008005a78     0x1900 /usr/lib/gcc/arm-none-eabi/9.2.0/../../../../arm-none-eabi/lib/thumb/v7e-m+dp/hard/libc.a(lib_a-svfprintf.o)
                0x0000000008005a78                _svfprintf_r
 .text.__register_exitproc
                0x0000000008007378       0x88 /usr/lib/gcc/arm-none-eabi/9.2.0/../../../../arm-none-eabi/lib/thumb/v7e-m+dp/hard/libc.a(lib_a-__atexit.o)
                0x0000000008007378                __register_exitproc
 .text.startup.register_fini
                0x0000000008007400       0x14 /usr/lib/gcc/arm-none-eabi/9.2.0/../../../../arm-none-eabi/lib/thumb/v7e-m+dp/hard/libc.a(lib_a-__call_atexit.o)
 .text.quorem   0x0000000008007414      0x11c /usr/lib/gcc/arm-none-eabi/9.2.0/../../../../arm-none-eabi/lib/thumb/v7e-m+dp/hard/libc.a(lib_a-dtoa.o)
 .text._dtoa_r  0x0000000008007530      0xc84 /usr/lib/gcc/arm-none-eabi/9.2.0/../../../../arm-none-eabi/lib/thumb/v7e-m+dp/hard/libc.a(lib_a-dtoa.o)
                0x0000000008007530                _dtoa_r
 .text._malloc_trim_r
                0x00000000080081b4       0xa0 /usr/lib/gcc/arm-none-eabi/9.2.0/../../../../arm-none-eabi/lib/thumb/v7e-m+dp/hard/libc.a(lib_a-freer.o)
                0x00000000080081b4                _malloc_trim_r
 .text._free_r  0x0000000008008254      0x214 /usr/lib/gcc/arm-none-eabi/9.2.0/../../../../arm-none-eabi/lib/thumb/v7e-m+dp/hard/libc.a(lib_a-freer.o)
                0x0000000008008254                _free_r
 .text._localeconv_r
                0x0000000008008468        0x8 /usr/lib/gcc/arm-none-eabi/9.2.0/../../../../arm-none-eabi/lib/thumb/v7e-m+dp/hard/libc.a(lib_a-localeconv.o)
                0x0000000008008468                _localeconv_r
 .text.__retarget_lock_acquire_recursive
                0x0000000008008470        0x4 /usr/lib/gcc/arm-none-eabi/9.2.0/../../../../arm-none-eabi/lib/thumb/v7e-m+dp/hard/libc.a(lib_a-lock.o)
                0x0000000008008470                __retarget_lock_acquire_recursive
 .text.__retarget_lock_release_recursive
                0x0000000008008474        0x4 /usr/lib/gcc/arm-none-eabi/9.2.0/../../../../arm-none-eabi/lib/thumb/v7e-m+dp/hard/libc.a(lib_a-lock.o)
                0x0000000008008474                __retarget_lock_release_recursive
 .text._malloc_r
                0x0000000008008478      0x578 /usr/lib/gcc/arm-none-eabi/9.2.0/../../../../arm-none-eabi/lib/thumb/v7e-m+dp/hard/libc.a(lib_a-mallocr.o)
                0x0000000008008478                _malloc_r
 .text.__ascii_mbtowc
                0x00000000080089f0       0x2c /usr/lib/gcc/arm-none-eabi/9.2.0/../../../../arm-none-eabi/lib/thumb/v7e-m+dp/hard/libc.a(lib_a-mbtowc_r.o)
                0x00000000080089f0                __ascii_mbtowc
 .text.memcmp   0x0000000008008a1c       0x60 /usr/lib/gcc/arm-none-eabi/9.2.0/../../../../arm-none-eabi/lib/thumb/v7e-m+dp/hard/libc.a(lib_a-memcmp.o)
                0x0000000008008a1c                memcmp
 .text.__malloc_lock
                0x0000000008008a7c        0xc /usr/lib/gcc/arm-none-eabi/9.2.0/../../../../arm-none-eabi/lib/thumb/v7e-m+dp/hard/libc.a(lib_a-mlock.o)
                0x0000000008008a7c                __malloc_lock
 .text.__malloc_unlock
                0x0000000008008a88        0xc /usr/lib/gcc/arm-none-eabi/9.2.0/../../../../arm-none-eabi/lib/thumb/v7e-m+dp/hard/libc.a(lib_a-mlock.o)
                0x0000000008008a88                __malloc_unlock
 .text._Balloc  0x0000000008008a94       0x4c /usr/lib/gcc/arm-none-eabi/9.2.0/../../../../arm-none-eabi/lib/thumb/v7e-m+dp/hard/libc.a(lib_a-mprec.o)
                0x0000000008008a94                _Balloc
 .text._Bfree   0x0000000008008ae0       0x14 /usr/lib/gcc/arm-none-eabi/9.2.0/../../../../arm-none-eabi/lib/thumb/v7e-m+dp/hard/libc.a(lib_a-mprec.o)
                0x0000000008008ae0                _Bfree
 .text.__multadd
                0x0000000008008af4       0x8c /usr/lib/gcc/arm-none-eabi/9.2.0/../../../../arm-none-eabi/lib/thumb/v7e-m+dp/hard/libc.a(lib_a-mprec.o)
                0x0000000008008af4                __multadd
 .text.__hi0bits
                0x0000000008008b80       0x40 /usr/lib/gcc/arm-none-eabi/9.2.0/../../../../arm-none-eabi/lib/thumb/v7e-m+dp/hard/libc.a(lib_a-mprec.o)
                0x0000000008008b80                __hi0bits
 .text.__lo0bits
                0x0000000008008bc0       0x60 /usr/lib/gcc/arm-none-eabi/9.2.0/../../../../arm-none-eabi/lib/thumb/v7e-m+dp/hard/libc.a(lib_a-mprec.o)
                0x0000000008008bc0                __lo0bits
 .text.__i2b    0x0000000008008c20       0x14 /usr/lib/gcc/arm-none-eabi/9.2.0/../../../../arm-none-eabi/lib/thumb/v7e-m+dp/hard/libc.a(lib_a-mprec.o)
                0x0000000008008c20                __i2b
 .text.__multiply
                0x0000000008008c34      0x144 /usr/lib/gcc/arm-none-eabi/9.2.0/../../../../arm-none-eabi/lib/thumb/v7e-m+dp/hard/libc.a(lib_a-mprec.o)
                0x0000000008008c34                __multiply
 .text.__pow5mult
                0x0000000008008d78       0xa0 /usr/lib/gcc/arm-none-eabi/9.2.0/../../../../arm-none-eabi/lib/thumb/v7e-m+dp/hard/libc.a(lib_a-mprec.o)
                0x0000000008008d78                __pow5mult
 .text.__lshift
                0x0000000008008e18       0xd4 /usr/lib/gcc/arm-none-eabi/9.2.0/../../../../arm-none-eabi/lib/thumb/v7e-m+dp/hard/libc.a(lib_a-mprec.o)
                0x0000000008008e18                __lshift
 .text.__mcmp   0x0000000008008eec       0x3c /usr/lib/gcc/arm-none-eabi/9.2.0/../../../../arm-none-eabi/lib/thumb/v7e-m+dp/hard/libc.a(lib_a-mprec.o)
                0x0000000008008eec                __mcmp
 .text.__mdiff  0x0000000008008f28      0x128 /usr/lib/gcc/arm-none-eabi/9.2.0/../../../../arm-none-eabi/lib/thumb/v7e-m+dp/hard/libc.a(lib_a-mprec.o)
                0x0000000008008f28                __mdiff
 .text.__d2b    0x0000000008009050       0xbc /usr/lib/gcc/arm-none-eabi/9.2.0/../../../../arm-none-eabi/lib/thumb/v7e-m+dp/hard/libc.a(lib_a-mprec.o)
                0x0000000008009050                __d2b
 .text._sbrk_r  0x000000000800910c       0x24 /usr/lib/gcc/arm-none-eabi/9.2.0/../../../../arm-none-eabi/lib/thumb/v7e-m+dp/hard/libc.a(lib_a-sbrkr.o)
                0x000000000800910c                _sbrk_r
 .text.frexp    0x0000000008009130       0x78 /usr/lib/gcc/arm-none-eabi/9.2.0/../../../../arm-none-eabi/lib/thumb/v7e-m+dp/hard/libc.a(lib_a-s_frexp.o)
                0x0000000008009130                frexp
 .text.strchr   0x00000000080091a8       0xd0 /usr/lib/gcc/arm-none-eabi/9.2.0/../../../../arm-none-eabi/lib/thumb/v7e-m+dp/hard/libc.a(lib_a-strchr.o)
                0x00000000080091a8                strchr
 .text.strncpy  0x0000000008009278       0x68 /usr/lib/gcc/arm-none-eabi/9.2.0/../../../../arm-none-eabi/lib/thumb/v7e-m+dp/hard/libc.a(lib_a-strncpy.o)
                0x0000000008009278                strncpy
 .text.strnlen  0x00000000080092e0       0x2c /usr/lib/gcc/arm-none-eabi/9.2.0/../../../../arm-none-eabi/lib/thumb/v7e-m+dp/hard/libc.a(lib_a-strnlen.o)
                0x00000000080092e0                strnlen
 .text.__ssprint_r
                0x000000000800930c       0xf8 /usr/lib/gcc/arm-none-eabi/9.2.0/../../../../arm-none-eabi/lib/thumb/v7e-m+dp/hard/libc.a(lib_a-svfiprintf.o)
                0x000000000800930c                __ssprint_r
 .text.__ascii_wctomb
                0x0000000008009404       0x1c /usr/lib/gcc/arm-none-eabi/9.2.0/../../../../arm-none-eabi/lib/thumb/v7e-m+dp/hard/libc.a(lib_a-wctomb_r.o)
                0x0000000008009404                __ascii_wctomb
 .text._calloc_r
                0x0000000008009420       0x60 /usr/lib/gcc/arm-none-eabi/9.2.0/../../../../arm-none-eabi/lib/thumb/v7e-m+dp/hard/libc.a(lib_a-callocr.o)
                0x0000000008009420                _calloc_r
 .text.memmove  0x0000000008009480       0xd8 /usr/lib/gcc/arm-none-eabi/9.2.0/../../../../arm-none-eabi/lib/thumb/v7e-m+dp/hard/libc.a(lib_a-memmove.o)
                0x0000000008009480                memmove
 .text._realloc_r
                0x0000000008009558      0x37c /usr/lib/gcc/arm-none-eabi/9.2.0/../../../../arm-none-eabi/lib/thumb/v7e-m+dp/hard/libc.a(lib_a-reallocr.o)
                0x0000000008009558                _realloc_r
 .text._sbrk    0x00000000080098d4       0x1c /usr/lib/gcc/arm-none-eabi/9.2.0/../../../../arm-none-eabi/lib/thumb/v7e-m+dp/hard/libnosys.a(sbrk.o)
                0x00000000080098d4                _sbrk
 .text.__udivmoddi4
                0x00000000080098f0      0x2aa /usr/lib/gcc/arm-none-eabi/9.2.0/thumb/v7e-m+dp/hard/libgcc.a(_udivmoddi4.o)
                0x00000000080098f0                __udivmoddi4
 *(.glue_7)
 .glue_7        0x0000000008009b9a        0x0 linker stubs
 *(.glue_7t)
 .glue_7t       0x0000000008009b9a        0x0 linker stubs
 *(.eh_frame)
 *fill*         0x0000000008009b9a        0x2 
 .eh_frame      0x0000000008009b9c        0x0 /usr/lib/gcc/arm-none-eabi/9.2.0/thumb/v7e-m+dp/hard/crtbegin.o
 *(.init)
 .init          0x0000000008009b9c        0x4 /usr/lib/gcc/arm-none-eabi/9.2.0/thumb/v7e-m+dp/hard/crti.o
                0x0000000008009b9c                _init
 .init          0x0000000008009ba0        0x8 /usr/lib/gcc/arm-none-eabi/9.2.0/thumb/v7e-m+dp/hard/crtn.o
 *(.fini)
 .fini          0x0000000008009ba8        0x4 /usr/lib/gcc/arm-none-eabi/9.2.0/thumb/v7e-m+dp/hard/crti.o
                0x0000000008009ba8                _fini
 .fini          0x0000000008009bac        0x8 /usr/lib/gcc/arm-none-eabi/9.2.0/thumb/v7e-m+dp/hard/crtn.o
                0x0000000008009bb4                . = ALIGN (0x4)
                0x0000000008009bb4                _etext = .

.vfp11_veneer   0x0000000008009bb4        0x0
 .vfp11_veneer  0x0000000008009bb4        0x0 linker stubs

.v4_bx          0x0000000008009bb4        0x0
 .v4_bx         0x0000000008009bb4        0x0 linker stubs

.iplt           0x0000000008009bb4        0x0
 .iplt          0x0000000008009bb4        0x0 /usr/lib/gcc/arm-none-eabi/9.2.0/thumb/v7e-m+dp/hard/crtbegin.o

.rodata         0x0000000008009bb8      0x608
                0x0000000008009bb8                . = ALIGN (0x4)
 *(.rodata)
 *(.rodata*)
 .rodata.create_name.str1.4
                0x0000000008009bb8        0xf build/ff.o
 *fill*         0x0000000008009bc7        0x1 
 .rodata.ExCvt  0x0000000008009bc8       0x80 build/ff.o
 .rodata.init_sd.str1.4
                0x0000000008009c48       0xd3 build/main.o
                                         0xd7 (size before relaxing)
 *fill*         0x0000000008009d1b        0x1 
 .rodata.debug_operations.str1.4
                0x0000000008009d1c      0x1d5 build/main.o
 *fill*         0x0000000008009ef1        0x3 
 .rodata.main.str1.4
                0x0000000008009ef4       0x12 build/main.o
 *fill*         0x0000000008009f06        0x2 
 .rodata.SD_Driver
                0x0000000008009f08       0x14 build/sd_diskio.o
                0x0000000008009f08                SD_Driver
 .rodata.AHBPrescTable
                0x0000000008009f1c       0x10 build/system_stm32f7xx.o
                0x0000000008009f1c                AHBPrescTable
 .rodata.APBPrescTable
                0x0000000008009f2c        0x8 build/system_stm32f7xx.o
                0x0000000008009f2c                APBPrescTable
 .rodata._global_impure_ptr
                0x0000000008009f34        0x4 /usr/lib/gcc/arm-none-eabi/9.2.0/../../../../arm-none-eabi/lib/thumb/v7e-m+dp/hard/libc.a(lib_a-impure.o)
                0x0000000008009f34                _global_impure_ptr
 .rodata._svfprintf_r.str1.4
                0x0000000008009f38       0x42 /usr/lib/gcc/arm-none-eabi/9.2.0/../../../../arm-none-eabi/lib/thumb/v7e-m+dp/hard/libc.a(lib_a-svfprintf.o)
 *fill*         0x0000000008009f7a        0x2 
 .rodata.blanks.8708
                0x0000000008009f7c       0x10 /usr/lib/gcc/arm-none-eabi/9.2.0/../../../../arm-none-eabi/lib/thumb/v7e-m+dp/hard/libc.a(lib_a-svfprintf.o)
 .rodata.zeroes.8709
                0x0000000008009f8c       0x10 /usr/lib/gcc/arm-none-eabi/9.2.0/../../../../arm-none-eabi/lib/thumb/v7e-m+dp/hard/libc.a(lib_a-svfprintf.o)
 .rodata._dtoa_r.str1.4
                0x0000000008009f9c        0xd /usr/lib/gcc/arm-none-eabi/9.2.0/../../../../arm-none-eabi/lib/thumb/v7e-m+dp/hard/libc.a(lib_a-dtoa.o)
                                         0x12 (size before relaxing)
 *fill*         0x0000000008009fa9        0x3 
 .rodata._setlocale_r.str1.4
                0x0000000008009fac        0xa /usr/lib/gcc/arm-none-eabi/9.2.0/../../../../arm-none-eabi/lib/thumb/v7e-m+dp/hard/libc.a(lib_a-locale.o)
                                          0xd (size before relaxing)
 *fill*         0x0000000008009fb6        0x2 
 .rodata.str1.4
                0x0000000008009fb8        0x2 /usr/lib/gcc/arm-none-eabi/9.2.0/../../../../arm-none-eabi/lib/thumb/v7e-m+dp/hard/libc.a(lib_a-locale.o)
 *fill*         0x0000000008009fba        0x6 
 .rodata.__mprec_bigtens
                0x0000000008009fc0       0x28 /usr/lib/gcc/arm-none-eabi/9.2.0/../../../../arm-none-eabi/lib/thumb/v7e-m+dp/hard/libc.a(lib_a-mprec.o)
                0x0000000008009fc0                __mprec_bigtens
 .rodata.__mprec_tens
                0x0000000008009fe8       0xc8 /usr/lib/gcc/arm-none-eabi/9.2.0/../../../../arm-none-eabi/lib/thumb/v7e-m+dp/hard/libc.a(lib_a-mprec.o)
                0x0000000008009fe8                __mprec_tens
 .rodata.p05.7478
                0x000000000800a0b0        0xc /usr/lib/gcc/arm-none-eabi/9.2.0/../../../../arm-none-eabi/lib/thumb/v7e-m+dp/hard/libc.a(lib_a-mprec.o)
 .rodata._ctype_
                0x000000000800a0bc      0x101 /usr/lib/gcc/arm-none-eabi/9.2.0/../../../../arm-none-eabi/lib/thumb/v7e-m+dp/hard/libc.a(lib_a-ctype_.o)
                0x000000000800a0bc                _ctype_
                0x000000000800a1c0                . = ALIGN (0x4)
 *fill*         0x000000000800a1bd        0x3 

.ARM.extab
 *(.ARM.extab* .gnu.linkonce.armextab.*)

.ARM            0x000000000800a1c0        0x8
                0x000000000800a1c0                __exidx_start = .
 *(.ARM.exidx*)
 .ARM.exidx.text.__udivmoddi4
                0x000000000800a1c0        0x8 /usr/lib/gcc/arm-none-eabi/9.2.0/thumb/v7e-m+dp/hard/libgcc.a(_udivmoddi4.o)
                0x000000000800a1c8                __exidx_end = .

.rel.dyn        0x000000000800a1c8        0x0
 .rel.iplt      0x000000000800a1c8        0x0 /usr/lib/gcc/arm-none-eabi/9.2.0/thumb/v7e-m+dp/hard/crtbegin.o

.preinit_array  0x000000000800a1c8        0x0
                0x000000000800a1c8                PROVIDE (__preinit_array_start = .)
 *(.preinit_array*)
                0x000000000800a1c8                PROVIDE (__preinit_array_end = .)

.init_array     0x000000000800a1c8        0x8
                0x000000000800a1c8                PROVIDE (__init_array_start = .)
 *(SORT_BY_NAME(.init_array.*))
 .init_array.00000
                0x000000000800a1c8        0x4 /usr/lib/gcc/arm-none-eabi/9.2.0/../../../../arm-none-eabi/lib/thumb/v7e-m+dp/hard/libc.a(lib_a-__call_atexit.o)
 *(.init_array*)
 .init_array    0x000000000800a1cc        0x4 /usr/lib/gcc/arm-none-eabi/9.2.0/thumb/v7e-m+dp/hard/crtbegin.o
                0x000000000800a1d0                PROVIDE (__init_array_end = .)

.fini_array     0x000000000800a1d0        0x4
                0x000000000800a1d0                PROVIDE (__fini_array_start = .)
 *(SORT_BY_NAME(.fini_array.*))
 *(.fini_array*)
 .fini_array    0x000000000800a1d0        0x4 /usr/lib/gcc/arm-none-eabi/9.2.0/thumb/v7e-m+dp/hard/crtbegin.o
                0x000000000800a1d4                PROVIDE (__fini_array_end = .)
                0x000000000800a1d4                _sidata = LOADADDR (.data)

.data           0x0000000020000000      0xcc0 load address 0x000000000800a1d4
                0x0000000020000000                . = ALIGN (0x4)
                0x0000000020000000                _sdata = .
 *(.data)
 *(.data*)
 .data.uwTickFreq
                0x0000000020000000        0x1 build/stm32f7xx_hal.o
                0x0000000020000000                uwTickFreq
 *fill*         0x0000000020000001        0x3 
 .data.uwTickPrio
                0x0000000020000004        0x4 build/stm32f7xx_hal.o
                0x0000000020000004                uwTickPrio
 .data.buffer   0x0000000020000008      0x100 build/main.o
                0x0000000020000008                buffer
 .data.filename
                0x0000000020000108      0x100 build/main.o
                0x0000000020000108                filename
 .data.filename_1
                0x0000000020000208      0x100 build/main.o
                0x0000000020000208                filename_1
 .data.max_files
                0x0000000020000308        0x4 build/main.o
                0x0000000020000308                max_files
 .data.Stat     0x000000002000030c        0x1 build/sd_diskio.o
 *fill*         0x000000002000030d        0x3 
 .data.SystemCoreClock
                0x0000000020000310        0x4 build/system_stm32f7xx.o
                0x0000000020000310                SystemCoreClock
 .data._impure_ptr
                0x0000000020000314        0x4 /usr/lib/gcc/arm-none-eabi/9.2.0/../../../../arm-none-eabi/lib/thumb/v7e-m+dp/hard/libc.a(lib_a-impure.o)
                0x0000000020000314                _impure_ptr
 .data.impure_data
                0x0000000020000318      0x428 /usr/lib/gcc/arm-none-eabi/9.2.0/../../../../arm-none-eabi/lib/thumb/v7e-m+dp/hard/libc.a(lib_a-impure.o)
 .data.__atexit_recursive_mutex
                0x0000000020000740        0x4 /usr/lib/gcc/arm-none-eabi/9.2.0/../../../../arm-none-eabi/lib/thumb/v7e-m+dp/hard/libc.a(lib_a-__call_atexit.o)
                0x0000000020000740                __atexit_recursive_mutex
 .data.__global_locale
                0x0000000020000744      0x16c /usr/lib/gcc/arm-none-eabi/9.2.0/../../../../arm-none-eabi/lib/thumb/v7e-m+dp/hard/libc.a(lib_a-locale.o)
                0x0000000020000744                __global_locale
 .data.__malloc_av_
                0x00000000200008b0      0x408 /usr/lib/gcc/arm-none-eabi/9.2.0/../../../../arm-none-eabi/lib/thumb/v7e-m+dp/hard/libc.a(lib_a-mallocr.o)
                0x00000000200008b0                __malloc_av_
 .data.__malloc_sbrk_base
                0x0000000020000cb8        0x4 /usr/lib/gcc/arm-none-eabi/9.2.0/../../../../arm-none-eabi/lib/thumb/v7e-m+dp/hard/libc.a(lib_a-mallocr.o)
                0x0000000020000cb8                __malloc_sbrk_base
 .data.__malloc_trim_threshold
                0x0000000020000cbc        0x4 /usr/lib/gcc/arm-none-eabi/9.2.0/../../../../arm-none-eabi/lib/thumb/v7e-m+dp/hard/libc.a(lib_a-mallocr.o)
                0x0000000020000cbc                __malloc_trim_threshold
                0x0000000020000cc0                . = ALIGN (0x4)
                0x0000000020000cc0                _edata = .

.igot.plt       0x0000000020000cc0        0x0 load address 0x000000000800ae94
 .igot.plt      0x0000000020000cc0        0x0 /usr/lib/gcc/arm-none-eabi/9.2.0/thumb/v7e-m+dp/hard/crtbegin.o
                0x0000000020000cc0                . = ALIGN (0x4)

.bss            0x0000000020000cc0     0x12f8 load address 0x000000000800ae94
                0x0000000020000cc0                _sbss = .
                0x0000000020000cc0                __bss_start__ = _sbss
 *(.bss)
 *(.bss*)
 .bss.completed.10254
                0x0000000020000cc0        0x1 /usr/lib/gcc/arm-none-eabi/9.2.0/thumb/v7e-m+dp/hard/crtbegin.o
 *fill*         0x0000000020000cc1        0x3 
 .bss.object.10259
                0x0000000020000cc4       0x18 /usr/lib/gcc/arm-none-eabi/9.2.0/thumb/v7e-m+dp/hard/crtbegin.o
 .bss.FatFs     0x0000000020000cdc        0x4 build/ff.o
 .bss.Files     0x0000000020000ce0       0x20 build/ff.o
 .bss.Fsid      0x0000000020000d00        0x2 build/ff.o
 *fill*         0x0000000020000d02        0x2 
 .bss.disk      0x0000000020000d04        0xc build/ff_gen_drv.o
                0x0000000020000d04                disk
 .bss.debug_msg_arrived
                0x0000000020000d10        0x1 build/main.o
                0x0000000020000d10                debug_msg_arrived
 .bss.debug_rx_count
                0x0000000020000d11        0x1 build/main.o
                0x0000000020000d11                debug_rx_count
 *fill*         0x0000000020000d12        0x2 
 .bss.mount_ok  0x0000000020000d14        0x4 build/main.o
                0x0000000020000d14                mount_ok
 .bss.successfull_opening
                0x0000000020000d18        0x4 build/main.o
                0x0000000020000d18                successfull_opening
 .bss.__malloc_current_mallinfo
                0x0000000020000d1c       0x28 /usr/lib/gcc/arm-none-eabi/9.2.0/../../../../arm-none-eabi/lib/thumb/v7e-m+dp/hard/libc.a(lib_a-mallocr.o)
                0x0000000020000d1c                __malloc_current_mallinfo
 .bss.__malloc_max_sbrked_mem
                0x0000000020000d44        0x4 /usr/lib/gcc/arm-none-eabi/9.2.0/../../../../arm-none-eabi/lib/thumb/v7e-m+dp/hard/libc.a(lib_a-mallocr.o)
                0x0000000020000d44                __malloc_max_sbrked_mem
 .bss.__malloc_max_total_mem
                0x0000000020000d48        0x4 /usr/lib/gcc/arm-none-eabi/9.2.0/../../../../arm-none-eabi/lib/thumb/v7e-m+dp/hard/libc.a(lib_a-mallocr.o)
                0x0000000020000d48                __malloc_max_total_mem
 .bss.__malloc_top_pad
                0x0000000020000d4c        0x4 /usr/lib/gcc/arm-none-eabi/9.2.0/../../../../arm-none-eabi/lib/thumb/v7e-m+dp/hard/libc.a(lib_a-mallocr.o)
                0x0000000020000d4c                __malloc_top_pad
 .bss.heap_end.5507
                0x0000000020000d50        0x4 /usr/lib/gcc/arm-none-eabi/9.2.0/../../../../arm-none-eabi/lib/thumb/v7e-m+dp/hard/libnosys.a(sbrk.o)
 *(COMMON)
 COMMON         0x0000000020000d54        0x4 build/stm32f7xx_hal.o
                0x0000000020000d54                uwTick
 COMMON         0x0000000020000d58      0x468 build/fatfs.o
                0x0000000020000d58                retSD
                0x0000000020000d5c                SDPath
                0x0000000020000d60                SDFile
                0x0000000020000f90                SDFatFS
 COMMON         0x00000000200011c0      0xdcd build/main.o
                0x00000000200011c0                txt
                0x00000000200015a8                huart3
                0x0000000020001628                byteswritten
                0x000000002000162c                current_state
                0x0000000020001630                hsd1
                0x00000000200016b4                debug_rx
                0x00000000200016c8                message
                0x00000000200017c8                res_mount
                0x00000000200017cc                loggingFile
                0x00000000200019fc                debug_tx
                0x0000000020001bf0                bytes_read
                0x0000000020001bf4                pointer
                0x0000000020001bf8                log_names_f
                0x0000000020001e28                log_names
                0x0000000020001f8c                res_open
 *fill*         0x0000000020001f8d        0x3 
 COMMON         0x0000000020001f90       0x21 /usr/lib/gcc/arm-none-eabi/9.2.0/../../../../arm-none-eabi/lib/thumb/v7e-m+dp/hard/libc.a(lib_a-lock.o)
                0x0000000020001f90                __lock___atexit_recursive_mutex
                0x0000000020001f94                __lock___arc4random_mutex
                0x0000000020001f98                __lock___env_recursive_mutex
                0x0000000020001f9c                __lock___sinit_recursive_mutex
                0x0000000020001fa0                __lock___malloc_recursive_mutex
                0x0000000020001fa4                __lock___at_quick_exit_mutex
                0x0000000020001fa8                __lock___dd_hash_mutex
                0x0000000020001fac                __lock___tz_mutex
                0x0000000020001fb0                __lock___sfp_recursive_mutex
 *fill*         0x0000000020001fb1        0x3 
 COMMON         0x0000000020001fb4        0x4 /usr/lib/gcc/arm-none-eabi/9.2.0/../../../../arm-none-eabi/lib/thumb/v7e-m+dp/hard/libc.a(lib_a-reent.o)
                0x0000000020001fb4                errno
                0x0000000020001fb8                . = ALIGN (0x4)
                0x0000000020001fb8                _ebss = .
                0x0000000020001fb8                __bss_end__ = _ebss

._user_heap_stack
                0x0000000020001fb8      0x600 load address 0x000000000800ae94
                0x0000000020001fb8                . = ALIGN (0x8)
                0x0000000020001fb8                PROVIDE (end = .)
                [!provide]                        PROVIDE (_end = .)
                0x00000000200021b8                . = (. + _Min_Heap_Size)
 *fill*         0x0000000020001fb8      0x200 
                0x00000000200025b8                . = (. + _Min_Stack_Size)
 *fill*         0x00000000200021b8      0x400 
                0x00000000200025b8                . = ALIGN (0x8)

/DISCARD/
 libc.a(*)
 libm.a(*)
 libgcc.a(*)

.ARM.attributes
                0x0000000000000000       0x2e
 *(.ARM.attributes)
 .ARM.attributes
                0x0000000000000000       0x1e /usr/lib/gcc/arm-none-eabi/9.2.0/thumb/v7e-m+dp/hard/crti.o
 .ARM.attributes
                0x000000000000001e       0x32 /usr/lib/gcc/arm-none-eabi/9.2.0/thumb/v7e-m+dp/hard/crtbegin.o
 .ARM.attributes
                0x0000000000000050       0x32 build/stm32f7xx_hal.o
 .ARM.attributes
                0x0000000000000082       0x32 build/stm32f7xx_hal_cortex.o
 .ARM.attributes
                0x00000000000000b4       0x32 build/stm32f7xx_hal_dma.o
 .ARM.attributes
                0x00000000000000e6       0x32 build/stm32f7xx_hal_gpio.o
 .ARM.attributes
                0x0000000000000118       0x32 build/stm32f7xx_hal_pwr_ex.o
 .ARM.attributes
                0x000000000000014a       0x32 build/stm32f7xx_hal_rcc.o
 .ARM.attributes
                0x000000000000017c       0x32 build/stm32f7xx_hal_rcc_ex.o
 .ARM.attributes
                0x00000000000001ae       0x32 build/stm32f7xx_hal_sd.o
 .ARM.attributes
                0x00000000000001e0       0x32 build/stm32f7xx_hal_uart.o
 .ARM.attributes
                0x0000000000000212       0x32 build/stm32f7xx_ll_sdmmc.o
 .ARM.attributes
                0x0000000000000244       0x32 build/diskio.o
 .ARM.attributes
                0x0000000000000276       0x32 build/ff.o
 .ARM.attributes
                0x00000000000002a8       0x32 build/ff_gen_drv.o
 .ARM.attributes
                0x00000000000002da       0x32 build/bsp_driver_sd.o
 .ARM.attributes
                0x000000000000030c       0x32 build/fatfs.o
 .ARM.attributes
                0x000000000000033e       0x32 build/fatfs_platform.o
 .ARM.attributes
                0x0000000000000370       0x32 build/main.o
 .ARM.attributes
                0x00000000000003a2       0x32 build/sd_diskio.o
 .ARM.attributes
                0x00000000000003d4       0x32 build/stm32f7xx_hal_msp.o
 .ARM.attributes
                0x0000000000000406       0x32 build/stm32f7xx_it.o
 .ARM.attributes
                0x0000000000000438       0x32 build/system_stm32f7xx.o
 .ARM.attributes
                0x000000000000046a       0x21 build/startup_stm32f767xx.o
 .ARM.attributes
                0x000000000000048b       0x32 /usr/lib/gcc/arm-none-eabi/9.2.0/../../../../arm-none-eabi/lib/thumb/v7e-m+dp/hard/libc.a(lib_a-atexit.o)
 .ARM.attributes
                0x00000000000004bd       0x32 /usr/lib/gcc/arm-none-eabi/9.2.0/../../../../arm-none-eabi/lib/thumb/v7e-m+dp/hard/libc.a(lib_a-fini.o)
 .ARM.attributes
                0x00000000000004ef       0x30 /usr/lib/gcc/arm-none-eabi/9.2.0/../../../../arm-none-eabi/lib/thumb/v7e-m+dp/hard/libc.a(lib_a-impure.o)
 .ARM.attributes
                0x000000000000051f       0x32 /usr/lib/gcc/arm-none-eabi/9.2.0/../../../../arm-none-eabi/lib/thumb/v7e-m+dp/hard/libc.a(lib_a-init.o)
 .ARM.attributes
                0x0000000000000551       0x1c /usr/lib/gcc/arm-none-eabi/9.2.0/../../../../arm-none-eabi/lib/thumb/v7e-m+dp/hard/libc.a(lib_a-memcpy.o)
 .ARM.attributes
                0x000000000000056d       0x32 /usr/lib/gcc/arm-none-eabi/9.2.0/../../../../arm-none-eabi/lib/thumb/v7e-m+dp/hard/libc.a(lib_a-memset.o)
 .ARM.attributes
                0x000000000000059f       0x32 /usr/lib/gcc/arm-none-eabi/9.2.0/../../../../arm-none-eabi/lib/thumb/v7e-m+dp/hard/libc.a(lib_a-sprintf.o)
 .ARM.attributes
                0x00000000000005d1       0x1c /usr/lib/gcc/arm-none-eabi/9.2.0/../../../../arm-none-eabi/lib/thumb/v7e-m+dp/hard/libc.a(lib_a-strcmp.o)
 .ARM.attributes
                0x00000000000005ed       0x1c /usr/lib/gcc/arm-none-eabi/9.2.0/../../../../arm-none-eabi/lib/thumb/v7e-m+dp/hard/libc.a(lib_a-strlen.o)
 .ARM.attributes
                0x0000000000000609       0x32 /usr/lib/gcc/arm-none-eabi/9.2.0/../../../../arm-none-eabi/lib/thumb/v7e-m+dp/hard/libc.a(lib_a-strstr.o)
 .ARM.attributes
                0x000000000000063b       0x32 /usr/lib/gcc/arm-none-eabi/9.2.0/../../../../arm-none-eabi/lib/thumb/v7e-m+dp/hard/libc.a(lib_a-svfprintf.o)
 .ARM.attributes
                0x000000000000066d       0x32 /usr/lib/gcc/arm-none-eabi/9.2.0/../../../../arm-none-eabi/lib/thumb/v7e-m+dp/hard/libc.a(lib_a-__atexit.o)
 .ARM.attributes
                0x000000000000069f       0x32 /usr/lib/gcc/arm-none-eabi/9.2.0/../../../../arm-none-eabi/lib/thumb/v7e-m+dp/hard/libc.a(lib_a-__call_atexit.o)
 .ARM.attributes
                0x00000000000006d1       0x32 /usr/lib/gcc/arm-none-eabi/9.2.0/../../../../arm-none-eabi/lib/thumb/v7e-m+dp/hard/libc.a(lib_a-dtoa.o)
 .ARM.attributes
                0x0000000000000703       0x32 /usr/lib/gcc/arm-none-eabi/9.2.0/../../../../arm-none-eabi/lib/thumb/v7e-m+dp/hard/libc.a(lib_a-freer.o)
 .ARM.attributes
                0x0000000000000735       0x32 /usr/lib/gcc/arm-none-eabi/9.2.0/../../../../arm-none-eabi/lib/thumb/v7e-m+dp/hard/libc.a(lib_a-localeconv.o)
 .ARM.attributes
                0x0000000000000767       0x32 /usr/lib/gcc/arm-none-eabi/9.2.0/../../../../arm-none-eabi/lib/thumb/v7e-m+dp/hard/libc.a(lib_a-locale.o)
 .ARM.attributes
                0x0000000000000799       0x32 /usr/lib/gcc/arm-none-eabi/9.2.0/../../../../arm-none-eabi/lib/thumb/v7e-m+dp/hard/libc.a(lib_a-lock.o)
 .ARM.attributes
                0x00000000000007cb       0x32 /usr/lib/gcc/arm-none-eabi/9.2.0/../../../../arm-none-eabi/lib/thumb/v7e-m+dp/hard/libc.a(lib_a-mallocr.o)
 .ARM.attributes
                0x00000000000007fd       0x32 /usr/lib/gcc/arm-none-eabi/9.2.0/../../../../arm-none-eabi/lib/thumb/v7e-m+dp/hard/libc.a(lib_a-mbtowc_r.o)
 .ARM.attributes
                0x000000000000082f       0x1c /usr/lib/gcc/arm-none-eabi/9.2.0/../../../../arm-none-eabi/lib/thumb/v7e-m+dp/hard/libc.a(lib_a-memchr.o)
 .ARM.attributes
                0x000000000000084b       0x32 /usr/lib/gcc/arm-none-eabi/9.2.0/../../../../arm-none-eabi/lib/thumb/v7e-m+dp/hard/libc.a(lib_a-memcmp.o)
 .ARM.attributes
                0x000000000000087d       0x32 /usr/lib/gcc/arm-none-eabi/9.2.0/../../../../arm-none-eabi/lib/thumb/v7e-m+dp/hard/libc.a(lib_a-mlock.o)
 .ARM.attributes
                0x00000000000008af       0x32 /usr/lib/gcc/arm-none-eabi/9.2.0/../../../../arm-none-eabi/lib/thumb/v7e-m+dp/hard/libc.a(lib_a-mprec.o)
 .ARM.attributes
                0x00000000000008e1       0x32 /usr/lib/gcc/arm-none-eabi/9.2.0/../../../../arm-none-eabi/lib/thumb/v7e-m+dp/hard/libc.a(lib_a-sbrkr.o)
 .ARM.attributes
                0x0000000000000913       0x32 /usr/lib/gcc/arm-none-eabi/9.2.0/../../../../arm-none-eabi/lib/thumb/v7e-m+dp/hard/libc.a(lib_a-s_frexp.o)
 .ARM.attributes
                0x0000000000000945       0x32 /usr/lib/gcc/arm-none-eabi/9.2.0/../../../../arm-none-eabi/lib/thumb/v7e-m+dp/hard/libc.a(lib_a-strchr.o)
 .ARM.attributes
                0x0000000000000977       0x32 /usr/lib/gcc/arm-none-eabi/9.2.0/../../../../arm-none-eabi/lib/thumb/v7e-m+dp/hard/libc.a(lib_a-strncpy.o)
 .ARM.attributes
                0x00000000000009a9       0x32 /usr/lib/gcc/arm-none-eabi/9.2.0/../../../../arm-none-eabi/lib/thumb/v7e-m+dp/hard/libc.a(lib_a-strnlen.o)
 .ARM.attributes
                0x00000000000009db       0x32 /usr/lib/gcc/arm-none-eabi/9.2.0/../../../../arm-none-eabi/lib/thumb/v7e-m+dp/hard/libc.a(lib_a-svfiprintf.o)
 .ARM.attributes
                0x0000000000000a0d       0x32 /usr/lib/gcc/arm-none-eabi/9.2.0/../../../../arm-none-eabi/lib/thumb/v7e-m+dp/hard/libc.a(lib_a-wctomb_r.o)
 .ARM.attributes
                0x0000000000000a3f       0x32 /usr/lib/gcc/arm-none-eabi/9.2.0/../../../../arm-none-eabi/lib/thumb/v7e-m+dp/hard/libc.a(lib_a-callocr.o)
 .ARM.attributes
                0x0000000000000a71       0x30 /usr/lib/gcc/arm-none-eabi/9.2.0/../../../../arm-none-eabi/lib/thumb/v7e-m+dp/hard/libc.a(lib_a-ctype_.o)
 .ARM.attributes
                0x0000000000000aa1       0x32 /usr/lib/gcc/arm-none-eabi/9.2.0/../../../../arm-none-eabi/lib/thumb/v7e-m+dp/hard/libc.a(lib_a-memmove.o)
 .ARM.attributes
                0x0000000000000ad3       0x32 /usr/lib/gcc/arm-none-eabi/9.2.0/../../../../arm-none-eabi/lib/thumb/v7e-m+dp/hard/libc.a(lib_a-reallocr.o)
 .ARM.attributes
                0x0000000000000b05       0x32 /usr/lib/gcc/arm-none-eabi/9.2.0/../../../../arm-none-eabi/lib/thumb/v7e-m+dp/hard/libc.a(lib_a-reent.o)
 .ARM.attributes
                0x0000000000000b37       0x32 /usr/lib/gcc/arm-none-eabi/9.2.0/../../../../arm-none-eabi/lib/thumb/v7e-m+dp/hard/libnosys.a(sbrk.o)
 .ARM.attributes
                0x0000000000000b69       0x1e /usr/lib/gcc/arm-none-eabi/9.2.0/thumb/v7e-m+dp/hard/libgcc.a(_aeabi_uldivmod.o)
 .ARM.attributes
                0x0000000000000b87       0x32 /usr/lib/gcc/arm-none-eabi/9.2.0/thumb/v7e-m+dp/hard/libgcc.a(_udivmoddi4.o)
 .ARM.attributes
                0x0000000000000bb9       0x1e /usr/lib/gcc/arm-none-eabi/9.2.0/thumb/v7e-m+dp/hard/libgcc.a(_dvmd_tls.o)
 .ARM.attributes
                0x0000000000000bd7       0x1e /usr/lib/gcc/arm-none-eabi/9.2.0/thumb/v7e-m+dp/hard/crtn.o
OUTPUT(build/SD_test.elf elf32-littlearm)

.debug_info     0x0000000000000000    0x1bc90
 .debug_info    0x0000000000000000      0xc66 build/stm32f7xx_hal.o
 .debug_info    0x0000000000000c66     0x14fc build/stm32f7xx_hal_cortex.o
 .debug_info    0x0000000000002162      0xc8b build/stm32f7xx_hal_dma.o
 .debug_info    0x0000000000002ded      0x958 build/stm32f7xx_hal_gpio.o
 .debug_info    0x0000000000003745      0xbfd build/stm32f7xx_hal_pwr_ex.o
 .debug_info    0x0000000000004342      0xd6c build/stm32f7xx_hal_rcc.o
 .debug_info    0x00000000000050ae      0xa69 build/stm32f7xx_hal_rcc_ex.o
 .debug_info    0x0000000000005b17     0x2835 build/stm32f7xx_hal_sd.o
 .debug_info    0x000000000000834c     0x20dc build/stm32f7xx_hal_uart.o
 .debug_info    0x000000000000a428     0x1a3b build/stm32f7xx_ll_sdmmc.o
 .debug_info    0x000000000000be63      0xf73 build/diskio.o
 .debug_info    0x000000000000cdd6     0x5152 build/ff.o
 .debug_info    0x0000000000011f28      0xec0 build/ff_gen_drv.o
 .debug_info    0x0000000000012de8      0xe1b build/bsp_driver_sd.o
 .debug_info    0x0000000000013c03      0xfe6 build/fatfs.o
 .debug_info    0x0000000000014be9      0x2d9 build/fatfs_platform.o
 .debug_info    0x0000000000014ec2     0x330d build/main.o
 .debug_info    0x00000000000181cf     0x107a build/sd_diskio.o
 .debug_info    0x0000000000019249     0x1487 build/stm32f7xx_hal_msp.o
 .debug_info    0x000000000001a6d0      0xd12 build/stm32f7xx_it.o
 .debug_info    0x000000000001b3e2      0x88c build/system_stm32f7xx.o
 .debug_info    0x000000000001bc6e       0x22 build/startup_stm32f767xx.o

.debug_abbrev   0x0000000000000000     0x345b
 .debug_abbrev  0x0000000000000000      0x21c build/stm32f7xx_hal.o
 .debug_abbrev  0x000000000000021c      0x3a8 build/stm32f7xx_hal_cortex.o
 .debug_abbrev  0x00000000000005c4      0x312 build/stm32f7xx_hal_dma.o
 .debug_abbrev  0x00000000000008d6      0x258 build/stm32f7xx_hal_gpio.o
 .debug_abbrev  0x0000000000000b2e      0x1de build/stm32f7xx_hal_pwr_ex.o
 .debug_abbrev  0x0000000000000d0c      0x2f5 build/stm32f7xx_hal_rcc.o
 .debug_abbrev  0x0000000000001001      0x203 build/stm32f7xx_hal_rcc_ex.o
 .debug_abbrev  0x0000000000001204      0x2f7 build/stm32f7xx_hal_sd.o
 .debug_abbrev  0x00000000000014fb      0x2ac build/stm32f7xx_hal_uart.o
 .debug_abbrev  0x00000000000017a7      0x257 build/stm32f7xx_ll_sdmmc.o
 .debug_abbrev  0x00000000000019fe      0x294 build/diskio.o
 .debug_abbrev  0x0000000000001c92      0x397 build/ff.o
 .debug_abbrev  0x0000000000002029      0x2b7 build/ff_gen_drv.o
 .debug_abbrev  0x00000000000022e0      0x27e build/bsp_driver_sd.o
 .debug_abbrev  0x000000000000255e      0x251 build/fatfs.o
 .debug_abbrev  0x00000000000027af      0x13a build/fatfs_platform.o
 .debug_abbrev  0x00000000000028e9      0x3d1 build/main.o
 .debug_abbrev  0x0000000000002cba      0x291 build/sd_diskio.o
 .debug_abbrev  0x0000000000002f4b      0x1fd build/stm32f7xx_hal_msp.o
 .debug_abbrev  0x0000000000003148      0x1a8 build/stm32f7xx_it.o
 .debug_abbrev  0x00000000000032f0      0x159 build/system_stm32f7xx.o
 .debug_abbrev  0x0000000000003449       0x12 build/startup_stm32f767xx.o

.debug_loc      0x0000000000000000    0x1048c
 .debug_loc     0x0000000000000000      0x1cc build/stm32f7xx_hal.o
 .debug_loc     0x00000000000001cc      0x7c4 build/stm32f7xx_hal_cortex.o
 .debug_loc     0x0000000000000990      0xd6d build/stm32f7xx_hal_dma.o
 .debug_loc     0x00000000000016fd      0x5e1 build/stm32f7xx_hal_gpio.o
 .debug_loc     0x0000000000001cde      0x3ca build/stm32f7xx_hal_pwr_ex.o
 .debug_loc     0x00000000000020a8      0x7c1 build/stm32f7xx_hal_rcc.o
 .debug_loc     0x0000000000002869      0x973 build/stm32f7xx_hal_rcc_ex.o
 .debug_loc     0x00000000000031dc     0x2761 build/stm32f7xx_hal_sd.o
 .debug_loc     0x000000000000593d     0x1f16 build/stm32f7xx_hal_uart.o
 .debug_loc     0x0000000000007853     0x1734 build/stm32f7xx_ll_sdmmc.o
 .debug_loc     0x0000000000008f87      0x323 build/diskio.o
 .debug_loc     0x00000000000092aa     0x5d2c build/ff.o
 .debug_loc     0x000000000000efd6      0x311 build/ff_gen_drv.o
 .debug_loc     0x000000000000f2e7      0x66b build/bsp_driver_sd.o
 .debug_loc     0x000000000000f952       0x20 build/fatfs.o
 .debug_loc     0x000000000000f972       0x51 build/fatfs_platform.o
 .debug_loc     0x000000000000f9c3      0x1f3 build/main.o
 .debug_loc     0x000000000000fbb6      0x4e2 build/sd_diskio.o
 .debug_loc     0x0000000000010098      0x1fc build/stm32f7xx_hal_msp.o
 .debug_loc     0x0000000000010294       0x60 build/stm32f7xx_it.o
 .debug_loc     0x00000000000102f4      0x198 build/system_stm32f7xx.o

.debug_aranges  0x0000000000000000      0xdf0
 .debug_aranges
                0x0000000000000000      0x110 build/stm32f7xx_hal.o
 .debug_aranges
                0x0000000000000110       0xa8 build/stm32f7xx_hal_cortex.o
 .debug_aranges
                0x00000000000001b8       0x90 build/stm32f7xx_hal_dma.o
 .debug_aranges
                0x0000000000000248       0x58 build/stm32f7xx_hal_gpio.o
 .debug_aranges
                0x00000000000002a0       0x80 build/stm32f7xx_hal_pwr_ex.o
 .debug_aranges
                0x0000000000000320       0x88 build/stm32f7xx_hal_rcc.o
 .debug_aranges
                0x00000000000003a8       0x50 build/stm32f7xx_hal_rcc_ex.o
 .debug_aranges
                0x00000000000003f8      0x168 build/stm32f7xx_hal_sd.o
 .debug_aranges
                0x0000000000000560      0x1f8 build/stm32f7xx_hal_uart.o
 .debug_aranges
                0x0000000000000758      0x178 build/stm32f7xx_ll_sdmmc.o
 .debug_aranges
                0x00000000000008d0       0x48 build/diskio.o
 .debug_aranges
                0x0000000000000918      0x208 build/ff.o
 .debug_aranges
                0x0000000000000b20       0x40 build/ff_gen_drv.o
 .debug_aranges
                0x0000000000000b60       0x98 build/bsp_driver_sd.o
 .debug_aranges
                0x0000000000000bf8       0x28 build/fatfs.o
 .debug_aranges
                0x0000000000000c20       0x20 build/fatfs_platform.o
 .debug_aranges
                0x0000000000000c40       0x68 build/main.o
 .debug_aranges
                0x0000000000000ca8       0x48 build/sd_diskio.o
 .debug_aranges
                0x0000000000000cf0       0x40 build/stm32f7xx_hal_msp.o
 .debug_aranges
                0x0000000000000d30       0x70 build/stm32f7xx_it.o
 .debug_aranges
                0x0000000000000da0       0x28 build/system_stm32f7xx.o
 .debug_aranges
                0x0000000000000dc8       0x28 build/startup_stm32f767xx.o

.debug_ranges   0x0000000000000000      0xd28
 .debug_ranges  0x0000000000000000      0x100 build/stm32f7xx_hal.o
 .debug_ranges  0x0000000000000100       0xf8 build/stm32f7xx_hal_cortex.o
 .debug_ranges  0x00000000000001f8       0x80 build/stm32f7xx_hal_dma.o
 .debug_ranges  0x0000000000000278       0x48 build/stm32f7xx_hal_gpio.o
 .debug_ranges  0x00000000000002c0       0x70 build/stm32f7xx_hal_pwr_ex.o
 .debug_ranges  0x0000000000000330       0x78 build/stm32f7xx_hal_rcc.o
 .debug_ranges  0x00000000000003a8       0x40 build/stm32f7xx_hal_rcc_ex.o
 .debug_ranges  0x00000000000003e8      0x158 build/stm32f7xx_hal_sd.o
 .debug_ranges  0x0000000000000540      0x1e8 build/stm32f7xx_hal_uart.o
 .debug_ranges  0x0000000000000728      0x168 build/stm32f7xx_ll_sdmmc.o
 .debug_ranges  0x0000000000000890       0x38 build/diskio.o
 .debug_ranges  0x00000000000008c8      0x1f8 build/ff.o
 .debug_ranges  0x0000000000000ac0       0x30 build/ff_gen_drv.o
 .debug_ranges  0x0000000000000af0       0x88 build/bsp_driver_sd.o
 .debug_ranges  0x0000000000000b78       0x18 build/fatfs.o
 .debug_ranges  0x0000000000000b90       0x10 build/fatfs_platform.o
 .debug_ranges  0x0000000000000ba0       0x88 build/main.o
 .debug_ranges  0x0000000000000c28       0x38 build/sd_diskio.o
 .debug_ranges  0x0000000000000c60       0x30 build/stm32f7xx_hal_msp.o
 .debug_ranges  0x0000000000000c90       0x60 build/stm32f7xx_it.o
 .debug_ranges  0x0000000000000cf0       0x18 build/system_stm32f7xx.o
 .debug_ranges  0x0000000000000d08       0x20 build/startup_stm32f767xx.o

.debug_line     0x0000000000000000     0xf553
 .debug_line    0x0000000000000000      0x552 build/stm32f7xx_hal.o
 .debug_line    0x0000000000000552      0x745 build/stm32f7xx_hal_cortex.o
 .debug_line    0x0000000000000c97      0xdd6 build/stm32f7xx_hal_dma.o
 .debug_line    0x0000000000001a6d      0x6cc build/stm32f7xx_hal_gpio.o
 .debug_line    0x0000000000002139      0x513 build/stm32f7xx_hal_pwr_ex.o
 .debug_line    0x000000000000264c      0xc06 build/stm32f7xx_hal_rcc.o
 .debug_line    0x0000000000003252      0xbfd build/stm32f7xx_hal_rcc_ex.o
 .debug_line    0x0000000000003e4f     0x2499 build/stm32f7xx_hal_sd.o
 .debug_line    0x00000000000062e8     0x1f44 build/stm32f7xx_hal_uart.o
 .debug_line    0x000000000000822c      0xf3a build/stm32f7xx_ll_sdmmc.o
 .debug_line    0x0000000000009166      0x2f8 build/diskio.o
 .debug_line    0x000000000000945e     0x4178 build/ff.o
 .debug_line    0x000000000000d5d6      0x338 build/ff_gen_drv.o
 .debug_line    0x000000000000d90e      0x3e2 build/bsp_driver_sd.o
 .debug_line    0x000000000000dcf0      0x24b build/fatfs.o
 .debug_line    0x000000000000df3b      0x187 build/fatfs_platform.o
 .debug_line    0x000000000000e0c2      0x7a0 build/main.o
 .debug_line    0x000000000000e862      0x3d6 build/sd_diskio.o
 .debug_line    0x000000000000ec38      0x36e build/stm32f7xx_hal_msp.o
 .debug_line    0x000000000000efa6      0x2de build/stm32f7xx_it.o
 .debug_line    0x000000000000f284      0x25b build/system_stm32f7xx.o
 .debug_line    0x000000000000f4df       0x74 build/startup_stm32f767xx.o

.debug_str      0x0000000000000000     0x4947
 .debug_str     0x0000000000000000      0xcc5 build/stm32f7xx_hal.o
                                        0xd34 (size before relaxing)
 .debug_str     0x0000000000000cc5      0x569 build/stm32f7xx_hal_cortex.o
                                        0xec8 (size before relaxing)
 .debug_str     0x000000000000122e      0x531 build/stm32f7xx_hal_dma.o
                                        0x7f5 (size before relaxing)
 .debug_str     0x000000000000175f      0x1aa build/stm32f7xx_hal_gpio.o
                                        0x58c (size before relaxing)
 .debug_str     0x0000000000001909      0x20b build/stm32f7xx_hal_pwr_ex.o
                                        0x6db (size before relaxing)
 .debug_str     0x0000000000001b14      0x309 build/stm32f7xx_hal_rcc.o
                                        0x773 (size before relaxing)
 .debug_str     0x0000000000001e1d      0x3f8 build/stm32f7xx_hal_rcc_ex.o
                                        0x7c8 (size before relaxing)
 .debug_str     0x0000000000002215      0xc44 build/stm32f7xx_hal_sd.o
                                       0x1204 (size before relaxing)
 .debug_str     0x0000000000002e59      0x83b build/stm32f7xx_hal_uart.o
                                        0xf57 (size before relaxing)
 .debug_str     0x0000000000003694      0x201 build/stm32f7xx_ll_sdmmc.o
                                        0x869 (size before relaxing)
 .debug_str     0x0000000000003895      0x4ae build/diskio.o
                                        0x731 (size before relaxing)
 .debug_str     0x0000000000003d43      0x5ba build/ff.o
                                        0xcb9 (size before relaxing)
 .debug_str     0x00000000000042fd       0x9f build/ff_gen_drv.o
                                        0x782 (size before relaxing)
 .debug_str     0x000000000000439c      0x164 build/bsp_driver_sd.o
                                        0xa1f (size before relaxing)
 .debug_str     0x0000000000004500       0x40 build/fatfs.o
                                        0x7f6 (size before relaxing)
 .debug_str     0x0000000000004540       0x15 build/fatfs_platform.o
                                        0x2d6 (size before relaxing)
 .debug_str     0x0000000000004555      0x257 build/main.o
                                       0x1ea0 (size before relaxing)
 .debug_str     0x00000000000047ac       0x56 build/sd_diskio.o
                                        0x7fb (size before relaxing)
 .debug_str     0x0000000000004802       0x18 build/stm32f7xx_hal_msp.o
                                       0x10ea (size before relaxing)
 .debug_str     0x000000000000481a       0xc7 build/stm32f7xx_it.o
                                        0x99c (size before relaxing)
 .debug_str     0x00000000000048e1       0x42 build/system_stm32f7xx.o
                                        0x4b9 (size before relaxing)
 .debug_str     0x0000000000004923       0x24 build/startup_stm32f767xx.o
                                         0x41 (size before relaxing)

.comment        0x0000000000000000       0x1d
 .comment       0x0000000000000000       0x1d build/stm32f7xx_hal.o
                                         0x1e (size before relaxing)
 .comment       0x000000000000001d       0x1e build/stm32f7xx_hal_cortex.o
 .comment       0x000000000000001d       0x1e build/stm32f7xx_hal_dma.o
 .comment       0x000000000000001d       0x1e build/stm32f7xx_hal_gpio.o
 .comment       0x000000000000001d       0x1e build/stm32f7xx_hal_pwr_ex.o
 .comment       0x000000000000001d       0x1e build/stm32f7xx_hal_rcc.o
 .comment       0x000000000000001d       0x1e build/stm32f7xx_hal_rcc_ex.o
 .comment       0x000000000000001d       0x1e build/stm32f7xx_hal_sd.o
 .comment       0x000000000000001d       0x1e build/stm32f7xx_hal_uart.o
 .comment       0x000000000000001d       0x1e build/stm32f7xx_ll_sdmmc.o
 .comment       0x000000000000001d       0x1e build/diskio.o
 .comment       0x000000000000001d       0x1e build/ff.o
 .comment       0x000000000000001d       0x1e build/ff_gen_drv.o
 .comment       0x000000000000001d       0x1e build/bsp_driver_sd.o
 .comment       0x000000000000001d       0x1e build/fatfs.o
 .comment       0x000000000000001d       0x1e build/fatfs_platform.o
 .comment       0x000000000000001d       0x1e build/main.o
 .comment       0x000000000000001d       0x1e build/sd_diskio.o
 .comment       0x000000000000001d       0x1e build/stm32f7xx_hal_msp.o
 .comment       0x000000000000001d       0x1e build/stm32f7xx_it.o
 .comment       0x000000000000001d       0x1e build/system_stm32f7xx.o

.debug_frame    0x0000000000000000     0x3734
 .debug_frame   0x0000000000000000      0x240 build/stm32f7xx_hal.o
 .debug_frame   0x0000000000000240      0x16c build/stm32f7xx_hal_cortex.o
 .debug_frame   0x00000000000003ac      0x1b8 build/stm32f7xx_hal_dma.o
 .debug_frame   0x0000000000000564       0xec build/stm32f7xx_hal_gpio.o
 .debug_frame   0x0000000000000650      0x150 build/stm32f7xx_hal_pwr_ex.o
 .debug_frame   0x00000000000007a0      0x1bc build/stm32f7xx_hal_rcc.o
 .debug_frame   0x000000000000095c       0xe8 build/stm32f7xx_hal_rcc_ex.o
 .debug_frame   0x0000000000000a44      0x54c build/stm32f7xx_hal_sd.o
 .debug_frame   0x0000000000000f90      0x640 build/stm32f7xx_hal_uart.o
 .debug_frame   0x00000000000015d0      0x4f4 build/stm32f7xx_ll_sdmmc.o
 .debug_frame   0x0000000000001ac4       0xb4 build/diskio.o
 .debug_frame   0x0000000000001b78      0x924 build/ff.o
 .debug_frame   0x000000000000249c       0x90 build/ff_gen_drv.o
 .debug_frame   0x000000000000252c      0x1a0 build/bsp_driver_sd.o
 .debug_frame   0x00000000000026cc       0x3c build/fatfs.o
 .debug_frame   0x0000000000002708       0x2c build/fatfs_platform.o
 .debug_frame   0x0000000000002734      0x12c build/main.o
 .debug_frame   0x0000000000002860       0xc0 build/sd_diskio.o
 .debug_frame   0x0000000000002920       0xac build/stm32f7xx_hal_msp.o
 .debug_frame   0x00000000000029cc       0xe4 build/stm32f7xx_it.o
 .debug_frame   0x0000000000002ab0       0x3c build/system_stm32f7xx.o
 .debug_frame   0x0000000000002aec       0x20 /usr/lib/gcc/arm-none-eabi/9.2.0/../../../../arm-none-eabi/lib/thumb/v7e-m+dp/hard/libc.a(lib_a-atexit.o)
 .debug_frame   0x0000000000002b0c       0x34 /usr/lib/gcc/arm-none-eabi/9.2.0/../../../../arm-none-eabi/lib/thumb/v7e-m+dp/hard/libc.a(lib_a-fini.o)
 .debug_frame   0x0000000000002b40       0x2c /usr/lib/gcc/arm-none-eabi/9.2.0/../../../../arm-none-eabi/lib/thumb/v7e-m+dp/hard/libc.a(lib_a-init.o)
 .debug_frame   0x0000000000002b6c       0x38 /usr/lib/gcc/arm-none-eabi/9.2.0/../../../../arm-none-eabi/lib/thumb/v7e-m+dp/hard/libc.a(lib_a-memset.o)
 .debug_frame   0x0000000000002ba4       0x7c /usr/lib/gcc/arm-none-eabi/9.2.0/../../../../arm-none-eabi/lib/thumb/v7e-m+dp/hard/libc.a(lib_a-sprintf.o)
 .debug_frame   0x0000000000002c20       0x68 /usr/lib/gcc/arm-none-eabi/9.2.0/../../../../arm-none-eabi/lib/thumb/v7e-m+dp/hard/libc.a(lib_a-strcmp.o)
 .debug_frame   0x0000000000002c88       0x88 /usr/lib/gcc/arm-none-eabi/9.2.0/../../../../arm-none-eabi/lib/thumb/v7e-m+dp/hard/libc.a(lib_a-strstr.o)
 .debug_frame   0x0000000000002d10       0x68 /usr/lib/gcc/arm-none-eabi/9.2.0/../../../../arm-none-eabi/lib/thumb/v7e-m+dp/hard/libc.a(lib_a-svfprintf.o)
 .debug_frame   0x0000000000002d78       0x34 /usr/lib/gcc/arm-none-eabi/9.2.0/../../../../arm-none-eabi/lib/thumb/v7e-m+dp/hard/libc.a(lib_a-__atexit.o)
 .debug_frame   0x0000000000002dac       0x68 /usr/lib/gcc/arm-none-eabi/9.2.0/../../../../arm-none-eabi/lib/thumb/v7e-m+dp/hard/libc.a(lib_a-__call_atexit.o)
 .debug_frame   0x0000000000002e14       0x88 /usr/lib/gcc/arm-none-eabi/9.2.0/../../../../arm-none-eabi/lib/thumb/v7e-m+dp/hard/libc.a(lib_a-dtoa.o)
 .debug_frame   0x0000000000002e9c       0x8c /usr/lib/gcc/arm-none-eabi/9.2.0/../../../../arm-none-eabi/lib/thumb/v7e-m+dp/hard/libc.a(lib_a-freer.o)
 .debug_frame   0x0000000000002f28       0x40 /usr/lib/gcc/arm-none-eabi/9.2.0/../../../../arm-none-eabi/lib/thumb/v7e-m+dp/hard/libc.a(lib_a-localeconv.o)
 .debug_frame   0x0000000000002f68       0x54 /usr/lib/gcc/arm-none-eabi/9.2.0/../../../../arm-none-eabi/lib/thumb/v7e-m+dp/hard/libc.a(lib_a-locale.o)
 .debug_frame   0x0000000000002fbc       0xb0 /usr/lib/gcc/arm-none-eabi/9.2.0/../../../../arm-none-eabi/lib/thumb/v7e-m+dp/hard/libc.a(lib_a-lock.o)
 .debug_frame   0x000000000000306c       0x4c /usr/lib/gcc/arm-none-eabi/9.2.0/../../../../arm-none-eabi/lib/thumb/v7e-m+dp/hard/libc.a(lib_a-mallocr.o)
 .debug_frame   0x00000000000030b8       0x4c /usr/lib/gcc/arm-none-eabi/9.2.0/../../../../arm-none-eabi/lib/thumb/v7e-m+dp/hard/libc.a(lib_a-mbtowc_r.o)
 .debug_frame   0x0000000000003104       0x3c /usr/lib/gcc/arm-none-eabi/9.2.0/../../../../arm-none-eabi/lib/thumb/v7e-m+dp/hard/libc.a(lib_a-memcmp.o)
 .debug_frame   0x0000000000003140       0x30 /usr/lib/gcc/arm-none-eabi/9.2.0/../../../../arm-none-eabi/lib/thumb/v7e-m+dp/hard/libc.a(lib_a-mlock.o)
 .debug_frame   0x0000000000003170      0x264 /usr/lib/gcc/arm-none-eabi/9.2.0/../../../../arm-none-eabi/lib/thumb/v7e-m+dp/hard/libc.a(lib_a-mprec.o)
 .debug_frame   0x00000000000033d4       0x2c /usr/lib/gcc/arm-none-eabi/9.2.0/../../../../arm-none-eabi/lib/thumb/v7e-m+dp/hard/libc.a(lib_a-sbrkr.o)
 .debug_frame   0x0000000000003400       0x34 /usr/lib/gcc/arm-none-eabi/9.2.0/../../../../arm-none-eabi/lib/thumb/v7e-m+dp/hard/libc.a(lib_a-s_frexp.o)
 .debug_frame   0x0000000000003434       0x40 /usr/lib/gcc/arm-none-eabi/9.2.0/../../../../arm-none-eabi/lib/thumb/v7e-m+dp/hard/libc.a(lib_a-strchr.o)
 .debug_frame   0x0000000000003474       0x38 /usr/lib/gcc/arm-none-eabi/9.2.0/../../../../arm-none-eabi/lib/thumb/v7e-m+dp/hard/libc.a(lib_a-strncpy.o)
 .debug_frame   0x00000000000034ac       0x30 /usr/lib/gcc/arm-none-eabi/9.2.0/../../../../arm-none-eabi/lib/thumb/v7e-m+dp/hard/libc.a(lib_a-strnlen.o)
 .debug_frame   0x00000000000034dc       0x88 /usr/lib/gcc/arm-none-eabi/9.2.0/../../../../arm-none-eabi/lib/thumb/v7e-m+dp/hard/libc.a(lib_a-svfiprintf.o)
 .debug_frame   0x0000000000003564       0x3c /usr/lib/gcc/arm-none-eabi/9.2.0/../../../../arm-none-eabi/lib/thumb/v7e-m+dp/hard/libc.a(lib_a-wctomb_r.o)
 .debug_frame   0x00000000000035a0       0x28 /usr/lib/gcc/arm-none-eabi/9.2.0/../../../../arm-none-eabi/lib/thumb/v7e-m+dp/hard/libc.a(lib_a-callocr.o)
 .debug_frame   0x00000000000035c8       0x40 /usr/lib/gcc/arm-none-eabi/9.2.0/../../../../arm-none-eabi/lib/thumb/v7e-m+dp/hard/libc.a(lib_a-memmove.o)
 .debug_frame   0x0000000000003608       0x48 /usr/lib/gcc/arm-none-eabi/9.2.0/../../../../arm-none-eabi/lib/thumb/v7e-m+dp/hard/libc.a(lib_a-reallocr.o)
 .debug_frame   0x0000000000003650       0x60 /usr/lib/gcc/arm-none-eabi/9.2.0/../../../../arm-none-eabi/lib/thumb/v7e-m+dp/hard/libc.a(lib_a-reent.o)
 .debug_frame   0x00000000000036b0       0x20 /usr/lib/gcc/arm-none-eabi/9.2.0/../../../../arm-none-eabi/lib/thumb/v7e-m+dp/hard/libnosys.a(sbrk.o)
 .debug_frame   0x00000000000036d0       0x2c /usr/lib/gcc/arm-none-eabi/9.2.0/thumb/v7e-m+dp/hard/libgcc.a(_aeabi_uldivmod.o)
 .debug_frame   0x00000000000036fc       0x38 /usr/lib/gcc/arm-none-eabi/9.2.0/thumb/v7e-m+dp/hard/libgcc.a(_udivmoddi4.o)

Cross Reference Table

Symbol                                            File
ADC_IRQHandler                                    build/startup_stm32f767xx.o
AHBPrescTable                                     build/system_stm32f7xx.o
                                                  build/stm32f7xx_hal_rcc.o
APBPrescTable                                     build/system_stm32f7xx.o
                                                  build/stm32f7xx_hal_rcc.o
BSP_PlatformIsDetected                            build/fatfs_platform.o
                                                  build/bsp_driver_sd.o
BSP_SD_AbortCallback                              build/bsp_driver_sd.o
BSP_SD_Erase                                      build/bsp_driver_sd.o
BSP_SD_GetCardInfo                                build/bsp_driver_sd.o
                                                  build/sd_diskio.o
BSP_SD_GetCardState                               build/bsp_driver_sd.o
                                                  build/sd_diskio.o
BSP_SD_ITConfig                                   build/bsp_driver_sd.o
BSP_SD_Init                                       build/bsp_driver_sd.o
                                                  build/sd_diskio.o
BSP_SD_IsDetected                                 build/bsp_driver_sd.o
BSP_SD_ReadBlocks                                 build/bsp_driver_sd.o
                                                  build/sd_diskio.o
BSP_SD_ReadBlocks_DMA                             build/bsp_driver_sd.o
BSP_SD_ReadCpltCallback                           build/bsp_driver_sd.o
BSP_SD_WriteBlocks                                build/bsp_driver_sd.o
                                                  build/sd_diskio.o
BSP_SD_WriteBlocks_DMA                            build/bsp_driver_sd.o
BSP_SD_WriteCpltCallback                          build/bsp_driver_sd.o
BusFault_Handler                                  build/stm32f7xx_it.o
CAN1_RX0_IRQHandler                               build/startup_stm32f767xx.o
CAN1_RX1_IRQHandler                               build/startup_stm32f767xx.o
CAN1_SCE_IRQHandler                               build/startup_stm32f767xx.o