can.c:12:6:can_init	8	static
can.c:36:9:CAN_Send	40	static
can.c:82:9:CAN_Send_IT	48	static
can.c:109:9:CAN_Send_Bck	48	static
can.c:127:9:CAN_initialization	16	static
can.c:167:6:report_error_can1	4	static
can.c:170:6:report_error_can3	4	static
can.c:174:9:fifoRxDataCAN1_pop	24	static
can.c:187:9:fifoRxDataCAN1_push	24	static
can.c:200:9:fifoRxDataCAN3_pop	24	static
can.c:212:9:fifoRxDataCAN3_push	24	static
can.c:225:9:fifoTxDataCAN1_normal_pop	24	static
can.c:237:9:fifoTxDataCAN1_high_pop	24	static
can.c:249:9:fifoTxDataCAN1_normal_push	24	static
can.c:261:9:fifoTxDataCAN1_high_push	24	static
can.c:274:9:fifoTxDataCAN3_normal_pop	24	static
can.c:286:9:fifoTxDataCAN3_high_pop	24	static
can.c:298:9:fifoTxDataCAN3_normal_push	24	static
can.c:310:9:fifoTxDataCAN3_high_push	24	static
