can.c:12:6:can_init	8	static
can.c:22:9:CAN_Send	16	static
can.c:68:9:CAN_Send_IT	56	static
can.c:95:9:CAN_Send_Bck	48	static
can.c:113:9:CAN_initialization	16	static
can.c:154:6:report_error_can1	4	static
can.c:157:6:report_error_can3	4	static
can.c:161:9:fifoRxDataCAN_pop	24	static
can.c:174:9:fifoRxDataCAN_push	24	static
can.c:187:9:fifoTxDataCAN_normal_pop	24	static
can.c:199:9:fifoTxDataCAN_high_pop	24	static
can.c:211:9:fifoTxDataCAN_normal_push	24	static
can.c:223:9:fifoTxDataCAN_high_push	24	static
