main.c:86:5:main	16	static
main.c:176:6:SystemClock_Config	232	static
main.c:232:13:MX_NVIC_Init	8	static
main.c:253:13:MX_CAN1_Init	8	static
main.c:290:13:MX_USART3_UART_Init	8	static
main.c:325:13:MX_GPIO_Init	48	static
main.c:356:6:HAL_CAN_RxFifo0MsgPendingCallback	48	static
main.c:370:6:HAL_CAN_RxFifo1MsgPendingCallback	16	static
main.c:376:6:HAL_CAN_RxFifo0FullCallback	16	static
main.c:381:6:HAL_CAN_RxFifo1FullCallback	16	static
main.c:387:6:HAL_CAN_TxMailbox0CompleteCallback	16	static
main.c:431:6:HAL_CAN_TxMailbox1CompleteCallback	16	static
main.c:452:6:HAL_CAN_TxMailbox2CompleteCallback	16	static
main.c:473:6:HAL_CAN_ErrorCallback	16	static
main.c:487:6:Error_Handler	8	static
