can.c:12:6:can_init	8	static
can.c:36:9:CAN_Send	40	static
can.c:85:9:CAN_Send_IT	48	static
can.c:112:9:CAN_Send_Bck	48	static
can.c:130:9:CAN_initialization	16	static
can.c:170:6:report_error_can1	4	static
can.c:173:6:report_error_can3	4	static
can.c:177:9:fifoRxDataCAN1_pop	24	static
can.c:190:9:fifoRxDataCAN1_push	24	static
can.c:203:9:fifoRxDataCAN3_pop	24	static
can.c:215:9:fifoRxDataCAN3_push	24	static
can.c:228:9:fifoTxDataCAN1_normal_pop	24	static
can.c:240:9:fifoTxDataCAN1_high_pop	24	static
can.c:252:9:fifoTxDataCAN1_normal_push	24	static
can.c:264:9:fifoTxDataCAN1_high_push	24	static
can.c:277:9:fifoTxDataCAN3_normal_pop	24	static
can.c:289:9:fifoTxDataCAN3_high_pop	24	static
can.c:301:9:fifoTxDataCAN3_normal_push	24	static
can.c:313:9:fifoTxDataCAN3_high_push	24	static
