can.c:12:6:can_init	8	static
can.c:36:9:CAN_Send	40	static
can.c:85:9:CAN_Send_IT	48	static
can.c:112:9:CAN_Send_Bck	48	static
can.c:166:9:CAN3_initialization	16	static
can.c:202:6:report_error_can1	4	static
can.c:205:6:report_error_can3	4	static
can.c:209:9:fifoRxDataCAN1_pop	24	static
can.c:222:9:fifoRxDataCAN1_push	24	static
can.c:235:9:fifoRxDataCAN3_pop	24	static
can.c:247:9:fifoRxDataCAN3_push	24	static
can.c:260:9:fifoTxDataCAN1_normal_pop	24	static
can.c:272:9:fifoTxDataCAN1_high_pop	24	static
can.c:284:9:fifoTxDataCAN1_normal_push	24	static
can.c:296:9:fifoTxDataCAN1_high_push	24	static
can.c:309:9:fifoTxDataCAN3_normal_pop	24	static
can.c:321:9:fifoTxDataCAN3_high_pop	24	static
can.c:333:9:fifoTxDataCAN3_normal_push	24	static
can.c:345:9:fifoTxDataCAN3_high_push	24	static
