main.c:101:5:main	16	static
main.c:227:6:SystemClock_Config	232	static
main.c:285:13:MX_NVIC_Init	8	static
main.c:309:13:MX_CAN1_Init	8	static
main.c:346:13:MX_CAN3_Init	8	static
main.c:383:13:MX_TIM1_Init	40	static
main.c:430:13:MX_TIM3_Init	40	static
main.c:475:13:MX_USART1_UART_Init	8	static
main.c:510:13:MX_USART2_UART_Init	8	static
main.c:545:13:MX_USART3_UART_Init	8	static
main.c:580:13:MX_GPIO_Init	48	static
main.c:607:6:HAL_TIM_PeriodElapsedCallback	16	static
main.c:629:6:HAL_CAN_TxMailbox0CompleteCallback	40	static
main.c:674:6:HAL_CAN_TxMailbox1CompleteCallback	16	static
main.c:677:6:HAL_CAN_TxMailbox2CompleteCallback	16	static
main.c:680:6:HAL_CAN_ErrorCallback	16	static
main.c:693:6:Error_Handler	8	static
