main.c:99:5:main	16	static
main.c:221:6:SystemClock_Config	232	static
main.c:280:13:MX_NVIC_Init	8	static
main.c:304:13:MX_CAN3_Init	8	static
main.c:341:13:MX_TIM1_Init	40	static
main.c:388:13:MX_TIM3_Init	40	static
main.c:433:13:MX_USART1_UART_Init	8	static
main.c:468:13:MX_USART2_UART_Init	8	static
main.c:503:13:MX_USART3_UART_Init	8	static
main.c:538:13:MX_GPIO_Init	48	static
main.c:565:6:HAL_TIM_PeriodElapsedCallback	16	static
main.c:587:6:HAL_CAN_TxMailbox0CompleteCallback	40	static
main.c:632:6:HAL_CAN_TxMailbox1CompleteCallback	16	static
main.c:635:6:HAL_CAN_TxMailbox2CompleteCallback	16	static
main.c:638:6:HAL_CAN_ErrorCallback	16	static
main.c:651:6:Error_Handler	8	static
