main.c:549:13:MX_GPIO_Init	56	static
main.c:348:13:MX_NVIC_Init	8	static
main.c:583:5:CAN_Send	40	static
main.c:609:5:CAN_Receive	8	static
main.c:772:6:HAL_TIM_PeriodElapsedCallback	8	static
main.c:1541:9:run_state	24	static
main.c:1554:6:initData	0	static
main.c:792:9:do_state_init	8	static
main.c:1608:6:canSendMSGInit	0	static
main.c:1250:6:to_idle	16	static
main.c:1347:6:from_idle_to_setup	16	static
main.c:1426:6:from_run_to_setup	16	static
main.c:1479:6:to_run	16	static
main.c:1616:6:checkTimeStamp	8	static
main.c:1770:6:sendErrors	16	static
main.c:799:9:do_state_idle	16	static
main.c:1781:6:shutdown	64	static
main.c:1799:6:shutdownErrors	72	static
main.c:621:6:HAL_CAN_RxFifo0FullCallback	80	static
main.c:699:6:HAL_CAN_RxFifo1FullCallback	24	static
main.c:897:9:do_state_setup	16	static
main.c:1818:6:checkValues	8	static
main.c:1841:6:transmission	16	static
main.c:1097:9:do_state_run	16	static
main.c:1896:6:Error_Handler	0	static
main.c:516:13:MX_USART2_UART_Init	8	static
main.c:409:13:MX_TIM6_Init	16	static
main.c:447:13:MX_TIM7_Init	16	static
main.c:372:13:MX_CAN1_Init	8	static
main.c:485:13:MX_TIM10_Init	8	static
main.c:305:6:SystemClock_Config	88	static
main.c:219:5:main	24	static
